../Core/Src/main.c:99:5:main	1008	static
../Core/Src/main.c:163:6:SystemClock_Config	88	static
../Core/Src/main.c:209:13:MX_SPI2_Init	8	static
../Core/Src/main.c:247:13:MX_TIM1_Init	56	static
../Core/Src/main.c:297:13:MX_TIM2_Init	56	static
../Core/Src/main.c:346:13:MX_TIM3_Init	56	static
../Core/Src/main.c:395:13:MX_TIM4_Init	64	static
../Core/Src/main.c:466:13:MX_TIM5_Init	56	static
../Core/Src/main.c:515:13:MX_TIM6_Init	16	static
../Core/Src/main.c:553:13:MX_TIM7_Init	16	static
../Core/Src/main.c:591:13:MX_TIM8_Init	96	static
../Core/Src/main.c:678:13:MX_TIM9_Init	56	static
../Core/Src/main.c:732:13:MX_DMA_Init	16	static
../Core/Src/main.c:753:13:MX_GPIO_Init	56	static
../Core/Src/main.c:800:6:start_all_pwm_channels	8	static
../Core/Src/main.c:825:6:set_wheels_pwm	24	static
../Core/Src/main.c:853:6:start_all_encoder_channels	8	static
../Core/Src/main.c:866:6:get_encoder_count_delta	32	static
../Core/Src/main.c:888:6:HAL_TIM_PeriodElapsedCallback	16	static
../Core/Src/main.c:899:6:wheel_pwm_update	56	static
../Core/Src/main.c:934:6:delay_us	24	static
../Core/Src/main.c:950:6:write_gyro	16	static
../Core/Src/main.c:960:6:read_gyro	24	static
../Core/Src/main.c:972:6:burst_write_gyro	24	static
../Core/Src/main.c:981:6:burst_read_gyro	16	static
../Core/Src/main.c:989:6:HAL_SPI_TxRxCpltCallback	16	static
../Core/Src/main.c:1002:6:HAL_SPI_TxCpltCallback	16	static
../Core/Src/main.c:1015:6:HAL_SPI_RxCpltCallback	16	static
../Core/Src/main.c:1028:6:HAL_SPI_ErrorCallback	16	static
../Core/Src/main.c:1047:6:Error_Handler	4	static,ignoring_inline_asm
