../Core/Src/main.c:91:5:main	1
../Core/Src/main.c:164:6:SystemClock_Config	3
../Core/Src/main.c:210:13:MX_SPI2_Init	2
../Core/Src/main.c:248:13:MX_TIM1_Init	3
../Core/Src/main.c:298:13:MX_TIM2_Init	3
../Core/Src/main.c:347:13:MX_TIM3_Init	3
../Core/Src/main.c:396:13:MX_TIM4_Init	9
../Core/Src/main.c:467:13:MX_TIM5_Init	3
../Core/Src/main.c:516:13:MX_TIM6_Init	3
../Core/Src/main.c:554:13:MX_TIM8_Init	10
../Core/Src/main.c:641:13:MX_TIM9_Init	6
../Core/Src/main.c:697:13:MX_UART4_Init	2
../Core/Src/main.c:728:13:MX_DMA_Init	1
../Core/Src/main.c:752:13:MX_GPIO_Init	1
../Core/Src/main.c:803:6:HAL_TIM_PeriodElapsedCallback	2
../Core/Src/main.c:814:6:HAL_GPIO_EXTI_Callback	2
../Core/Src/main.c:826:6:HAL_SPI_TxRxCpltCallback	2
../Core/Src/main.c:839:6:HAL_UART_TxCpltCallback	1
../Core/Src/main.c:855:6:Error_Handler	1
