../Core/Src/stm32f4xx_hal_msp.c:68:6:HAL_MspInit	8	static
../Core/Src/stm32f4xx_hal_msp.c:91:6:HAL_SPI_MspInit	40	static
../Core/Src/stm32f4xx_hal_msp.c:129:6:HAL_SPI_MspDeInit	0	static
../Core/Src/stm32f4xx_hal_msp.c:159:6:HAL_TIM_Encoder_MspInit	80	static
../Core/Src/stm32f4xx_hal_msp.c:275:6:HAL_TIM_Base_MspInit	24	static
../Core/Src/stm32f4xx_hal_msp.c:327:6:HAL_TIM_MspPostInit	48	static
../Core/Src/stm32f4xx_hal_msp.c:407:6:HAL_TIM_Encoder_MspDeInit	8	static
../Core/Src/stm32f4xx_hal_msp.c:492:6:HAL_TIM_Base_MspDeInit	0	static
../Core/Src/stm32f4xx_hal_msp.c:550:6:HAL_UART_MspInit	48	static
../Core/Src/stm32f4xx_hal_msp.c:627:6:HAL_UART_MspDeInit	8	static
