Archive member included to satisfy reference by file (symbol)

C:/ST/STM32CubeIDE_2.0.0/STM32CubeIDE/plugins/com.st.stm32cube.ide.mcu.externaltools.gnu-tools-for-stm32.13.3.rel1.win32_1.0.100.202509120712/tools/bin/../lib/gcc/arm-none-eabi/13.3.1/../../../../arm-none-eabi/lib/thumb/v7e-m+fp/hard\libc_nano.a(libc_a-exit.o)
                              C:/ST/STM32CubeIDE_2.0.0/STM32CubeIDE/plugins/com.st.stm32cube.ide.mcu.externaltools.gnu-tools-for-stm32.13.3.rel1.win32_1.0.100.202509120712/tools/bin/../lib/gcc/arm-none-eabi/13.3.1/../../../../arm-none-eabi/lib/thumb/v7e-m+fp/hard/crt0.o (exit)
C:/ST/STM32CubeIDE_2.0.0/STM32CubeIDE/plugins/com.st.stm32cube.ide.mcu.externaltools.gnu-tools-for-stm32.13.3.rel1.win32_1.0.100.202509120712/tools/bin/../lib/gcc/arm-none-eabi/13.3.1/../../../../arm-none-eabi/lib/thumb/v7e-m+fp/hard\libc_nano.a(libc_a-qsort.o)
                              ./Core/Src/delay.o (qsort)
C:/ST/STM32CubeIDE_2.0.0/STM32CubeIDE/plugins/com.st.stm32cube.ide.mcu.externaltools.gnu-tools-for-stm32.13.3.rel1.win32_1.0.100.202509120712/tools/bin/../lib/gcc/arm-none-eabi/13.3.1/../../../../arm-none-eabi/lib/thumb/v7e-m+fp/hard\libc_nano.a(libc_a-findfp.o)
                              C:/ST/STM32CubeIDE_2.0.0/STM32CubeIDE/plugins/com.st.stm32cube.ide.mcu.externaltools.gnu-tools-for-stm32.13.3.rel1.win32_1.0.100.202509120712/tools/bin/../lib/gcc/arm-none-eabi/13.3.1/../../../../arm-none-eabi/lib/thumb/v7e-m+fp/hard\libc_nano.a(libc_a-exit.o) (__stdio_exit_handler)
C:/ST/STM32CubeIDE_2.0.0/STM32CubeIDE/plugins/com.st.stm32cube.ide.mcu.externaltools.gnu-tools-for-stm32.13.3.rel1.win32_1.0.100.202509120712/tools/bin/../lib/gcc/arm-none-eabi/13.3.1/../../../../arm-none-eabi/lib/thumb/v7e-m+fp/hard\libc_nano.a(libc_a-fwalk.o)
                              C:/ST/STM32CubeIDE_2.0.0/STM32CubeIDE/plugins/com.st.stm32cube.ide.mcu.externaltools.gnu-tools-for-stm32.13.3.rel1.win32_1.0.100.202509120712/tools/bin/../lib/gcc/arm-none-eabi/13.3.1/../../../../arm-none-eabi/lib/thumb/v7e-m+fp/hard\libc_nano.a(libc_a-findfp.o) (_fwalk_sglue)
C:/ST/STM32CubeIDE_2.0.0/STM32CubeIDE/plugins/com.st.stm32cube.ide.mcu.externaltools.gnu-tools-for-stm32.13.3.rel1.win32_1.0.100.202509120712/tools/bin/../lib/gcc/arm-none-eabi/13.3.1/../../../../arm-none-eabi/lib/thumb/v7e-m+fp/hard\libc_nano.a(libc_a-stdio.o)
                              C:/ST/STM32CubeIDE_2.0.0/STM32CubeIDE/plugins/com.st.stm32cube.ide.mcu.externaltools.gnu-tools-for-stm32.13.3.rel1.win32_1.0.100.202509120712/tools/bin/../lib/gcc/arm-none-eabi/13.3.1/../../../../arm-none-eabi/lib/thumb/v7e-m+fp/hard\libc_nano.a(libc_a-findfp.o) (__sread)
C:/ST/STM32CubeIDE_2.0.0/STM32CubeIDE/plugins/com.st.stm32cube.ide.mcu.externaltools.gnu-tools-for-stm32.13.3.rel1.win32_1.0.100.202509120712/tools/bin/../lib/gcc/arm-none-eabi/13.3.1/../../../../arm-none-eabi/lib/thumb/v7e-m+fp/hard\libc_nano.a(libc_a-vsnprintf.o)
                              ./Core/Src/debug.o (vsnprintf)
C:/ST/STM32CubeIDE_2.0.0/STM32CubeIDE/plugins/com.st.stm32cube.ide.mcu.externaltools.gnu-tools-for-stm32.13.3.rel1.win32_1.0.100.202509120712/tools/bin/../lib/gcc/arm-none-eabi/13.3.1/../../../../arm-none-eabi/lib/thumb/v7e-m+fp/hard\libc_nano.a(libc_a-memset.o)
                              C:/ST/STM32CubeIDE_2.0.0/STM32CubeIDE/plugins/com.st.stm32cube.ide.mcu.externaltools.gnu-tools-for-stm32.13.3.rel1.win32_1.0.100.202509120712/tools/bin/../lib/gcc/arm-none-eabi/13.3.1/../../../../arm-none-eabi/lib/thumb/v7e-m+fp/hard/crt0.o (memset)
C:/ST/STM32CubeIDE_2.0.0/STM32CubeIDE/plugins/com.st.stm32cube.ide.mcu.externaltools.gnu-tools-for-stm32.13.3.rel1.win32_1.0.100.202509120712/tools/bin/../lib/gcc/arm-none-eabi/13.3.1/../../../../arm-none-eabi/lib/thumb/v7e-m+fp/hard\libc_nano.a(libc_a-closer.o)
                              C:/ST/STM32CubeIDE_2.0.0/STM32CubeIDE/plugins/com.st.stm32cube.ide.mcu.externaltools.gnu-tools-for-stm32.13.3.rel1.win32_1.0.100.202509120712/tools/bin/../lib/gcc/arm-none-eabi/13.3.1/../../../../arm-none-eabi/lib/thumb/v7e-m+fp/hard\libc_nano.a(libc_a-stdio.o) (_close_r)
C:/ST/STM32CubeIDE_2.0.0/STM32CubeIDE/plugins/com.st.stm32cube.ide.mcu.externaltools.gnu-tools-for-stm32.13.3.rel1.win32_1.0.100.202509120712/tools/bin/../lib/gcc/arm-none-eabi/13.3.1/../../../../arm-none-eabi/lib/thumb/v7e-m+fp/hard\libc_nano.a(libc_a-reent.o)
                              C:/ST/STM32CubeIDE_2.0.0/STM32CubeIDE/plugins/com.st.stm32cube.ide.mcu.externaltools.gnu-tools-for-stm32.13.3.rel1.win32_1.0.100.202509120712/tools/bin/../lib/gcc/arm-none-eabi/13.3.1/../../../../arm-none-eabi/lib/thumb/v7e-m+fp/hard\libc_nano.a(libc_a-closer.o) (errno)
C:/ST/STM32CubeIDE_2.0.0/STM32CubeIDE/plugins/com.st.stm32cube.ide.mcu.externaltools.gnu-tools-for-stm32.13.3.rel1.win32_1.0.100.202509120712/tools/bin/../lib/gcc/arm-none-eabi/13.3.1/../../../../arm-none-eabi/lib/thumb/v7e-m+fp/hard\libc_nano.a(libc_a-impure.o)
[...]
Memory Configuration

Name             Origin             Length             Attributes
CCMRAM           0x10000000         0x00010000         xrw
RAM              0x20000000         0x00020000         xrw
FLASH            0x08000000         0x00080000         xr
*default*        0x00000000         0xffffffff

Linker script and memory map

LOAD C:/ST/STM32CubeIDE_2.0.0/STM32CubeIDE/plugins/com.st.stm32cube.ide.mcu.externaltools.gnu-tools-for-stm32.13.3.rel1.win32_1.0.100.202509120712/tools/bin/../lib/gcc/arm-none-eabi/13.3.1/thumb/v7e-m+fp/hard/crti.o
LOAD C:/ST/STM32CubeIDE_2.0.0/STM32CubeIDE/plugins/com.st.stm32cube.ide.mcu.externaltools.gnu-tools-for-stm32.13.3.rel1.win32_1.0.100.202509120712/tools/bin/../lib/gcc/arm-none-eabi/13.3.1/thumb/v7e-m+fp/hard/crtbegin.o
LOAD C:/ST/STM32CubeIDE_2.0.0/STM32CubeIDE/plugins/com.st.stm32cube.ide.mcu.externaltools.gnu-tools-for-stm32.13.3.rel1.win32_1.0.100.202509120712/tools/bin/../lib/gcc/arm-none-eabi/13.3.1/../../../../arm-none-eabi/lib/thumb/v7e-m+fp/hard/crt0.o
LOAD ./Core/Src/adc.o
LOAD ./Core/Src/attitude.o
LOAD ./Core/Src/battery.o
LOAD ./Core/Src/beep.o
LOAD ./Core/Src/bmi088.o
LOAD ./Core/Src/button.o
LOAD ./Core/Src/debug.o
LOAD ./Core/Src/delay.o
LOAD ./Core/Src/dma.o
LOAD ./Core/Src/dribble.o
LOAD ./Core/Src/gpio.o
LOAD ./Core/Src/kick.o
LOAD ./Core/Src/main.o
LOAD ./Core/Src/pid.o
LOAD ./Core/Src/protocol.o
LOAD ./Core/Src/spi.o
LOAD ./Core/Src/stm32f4xx_hal_msp.o
LOAD ./Core/Src/stm32f4xx_it.o
LOAD ./Core/Src/syscalls.o
LOAD ./Core/Src/sysmem.o
LOAD ./Core/Src/system_stm32f4xx.o
LOAD ./Core/Src/task.o
LOAD ./Core/Src/tim.o
LOAD ./Core/Src/usart.o
LOAD ./Core/Src/voltage.o
LOAD ./Core/Src/wheel.o
LOAD ./Core/Startup/startup_stm32f407vetx.o
LOAD ./Drivers/STM32F4xx_HAL_Driver/Src/stm32f4xx_hal.o
LOAD ./Drivers/STM32F4xx_HAL_Driver/Src/stm32f4xx_hal_adc.o
LOAD ./Drivers/STM32F4xx_HAL_Driver/Src/stm32f4xx_hal_adc_ex.o
LOAD ./Drivers/STM32F4xx_HAL_Driver/Src/stm32f4xx_hal_cortex.o
LOAD ./Drivers/STM32F4xx_HAL_Driver/Src/stm32f4xx_hal_dma.o
LOAD ./Drivers/STM32F4xx_HAL_Driver/Src/stm32f4xx_hal_dma_ex.o
LOAD ./Drivers/STM32F4xx_HAL_Driver/Src/stm32f4xx_hal_exti.o
LOAD ./Drivers/STM32F4xx_HAL_Driver/Src/stm32f4xx_hal_flash.o
LOAD ./Drivers/STM32F4xx_HAL_Driver/Src/stm32f4xx_hal_flash_ex.o
LOAD ./Drivers/STM32F4xx_HAL_Driver/Src/stm32f4xx_hal_flash_ramfunc.o
LOAD ./Drivers/STM32F4xx_HAL_Driver/Src/stm32f4xx_hal_gpio.o
LOAD ./Drivers/STM32F4xx_HAL_Driver/Src/stm32f4xx_hal_pwr.o
LOAD ./Drivers/STM32F4xx_HAL_Driver/Src/stm32f4xx_hal_pwr_ex.o
LOAD ./Drivers/STM32F4xx_HAL_Driver/Src/stm32f4xx_hal_rcc.o
LOAD ./Drivers/STM32F4xx_HAL_Driver/Src/stm32f4xx_hal_rcc_ex.o
LOAD ./Drivers/STM32F4xx_HAL_Driver/Src/stm32f4xx_hal_spi.o
LOAD ./Drivers/STM32F4xx_HAL_Driver/Src/stm32f4xx_hal_tim.o
LOAD ./Drivers/STM32F4xx_HAL_Driver/Src/stm32f4xx_hal_tim_ex.o
LOAD ./Drivers/STM32F4xx_HAL_Driver/Src/stm32f4xx_hal_uart.o
START GROUP
LOAD C:/ST/STM32CubeIDE_2.0.0/STM32CubeIDE/plugins/com.st.stm32cube.ide.mcu.externaltools.gnu-tools-for-stm32.13.3.rel1.win32_1.0.100.202509120712/tools/bin/../lib/gcc/arm-none-eabi/13.3.1/../../../../arm-none-eabi/lib/thumb/v7e-m+fp/hard\libc_nano.a
LOAD C:/ST/STM32CubeIDE_2.0.0/STM32CubeIDE/plugins/com.st.stm32cube.ide.mcu.externaltools.gnu-tools-for-stm32.13.3.rel1.win32_1.0.100.202509120712/tools/bin/../lib/gcc/arm-none-eabi/13.3.1/../../../../arm-none-eabi/lib/thumb/v7e-m+fp/hard\libm.a
END GROUP
START GROUP
LOAD C:/ST/STM32CubeIDE_2.0.0/STM32CubeIDE/plugins/com.st.stm32cube.ide.mcu.externaltools.gnu-tools-for-stm32.13.3.rel1.win32_1.0.100.202509120712/tools/bin/../lib/gcc/arm-none-eabi/13.3.1/thumb/v7e-m+fp/hard\libgcc.a
LOAD C:/ST/STM32CubeIDE_2.0.0/STM32CubeIDE/plugins/com.st.stm32cube.ide.mcu.externaltools.gnu-tools-for-stm32.13.3.rel1.win32_1.0.100.202509120712/tools/bin/../lib/gcc/arm-none-eabi/13.3.1/../../../../arm-none-eabi/lib/thumb/v7e-m+fp/hard\libc_nano.a
END GROUP
START GROUP
LOAD C:/ST/STM32CubeIDE_2.0.0/STM32CubeIDE/plugins/com.st.stm32cube.ide.mcu.externaltools.gnu-tools-for-stm32.13.3.rel1.win32_1.0.100.202509120712/tools/bin/../lib/gcc/arm-none-eabi/13.3.1/thumb/v7e-m+fp/hard\libgcc.a
LOAD C:/ST/STM32CubeIDE_2.0.0/STM32CubeIDE/plugins/com.st.stm32cube.ide.mcu.externaltools.gnu-tools-for-stm32.13.3.rel1.win32_1.0.100.202509120712/tools/bin/../lib/gcc/arm-none-eabi/13.3.1/../../../../arm-none-eabi/lib/thumb/v7e-m+fp/hard\libc_nano.a
LOAD C:/ST/STM32CubeIDE_2.0.0/STM32CubeIDE/plugins/com.st.stm32cube.ide.mcu.externaltools.gnu-tools-for-stm32.13.3.rel1.win32_1.0.100.202509120712/tools/bin/../lib/gcc/arm-none-eabi/13.3.1/../../../../arm-none-eabi/lib/thumb/v7e-m+fp/hard\libnosys.a
END GROUP
START GROUP
LOAD C:/ST/STM32CubeIDE_2.0.0/STM32CubeIDE/plugins/com.st.stm32cube.ide.mcu.externaltools.gnu-tools-for-stm32.13.3.rel1.win32_1.0.100.202509120712/tools/bin/../lib/gcc/arm-none-eabi/13.3.1/thumb/v7e-m+fp/hard\libgcc.a
LOAD C:/ST/STM32CubeIDE_2.0.0/STM32CubeIDE/plugins/com.st.stm32cube.ide.mcu.externaltools.gnu-tools-for-stm32.13.3.rel1.win32_1.0.100.202509120712/tools/bin/../lib/gcc/arm-none-eabi/13.3.1/../../../../arm-none-eabi/lib/thumb/v7e-m+fp/hard\libc_nano.a
LOAD C:/ST/STM32CubeIDE_2.0.0/STM32CubeIDE/plugins/com.st.stm32cube.ide.mcu.externaltools.gnu-tools-for-stm32.13.3.rel1.win32_1.0.100.202509120712/tools/bin/../lib/gcc/arm-none-eabi/13.3.1/../../../../arm-none-eabi/lib/thumb/v7e-m+fp/hard\libnosys.a
END GROUP
LOAD C:/ST/STM32CubeIDE_2.0.0/STM32CubeIDE/plugins/com.st.stm32cube.ide.mcu.externaltools.gnu-tools-for-stm32.13.3.rel1.win32_1.0.100.202509120712/tools/bin/../lib/gcc/arm-none-eabi/13.3.1/thumb/v7e-m+fp/hard/crtend.o
LOAD C:/ST/STM32CubeIDE_2.0.0/STM32CubeIDE/plugins/com.st.stm32cube.ide.mcu.externaltools.gnu-tools-for-stm32.13.3.rel1.win32_1.0.100.202509120712/tools/bin/../lib/gcc/arm-none-eabi/13.3.1/thumb/v7e-m+fp/hard/crtn.o
                0x20020000                        _estack = (ORIGIN (RAM) + LENGTH (RAM))
                0x00000200                        _Min_Heap_Size = 0x200
                0x00000400                        _Min_Stack_Size = 0x400

.isr_vector     0x08000000      0x188
                0x08000000                        . = ALIGN (0x4)
 *(.isr_vector)
 .isr_vector    0x08000000      0x188 ./Core/Startup/startup_stm32f407vetx.o
                0x08000000                g_pfnVectors
                0x08000188                        . = ALIGN (0x4)

.text           0x08000188     0x8094
                0x08000188                        . = ALIGN (0x4)
 *(.text)
 .text          0x08000188       0x40 C:/ST/STM32CubeIDE_2.0.0/STM32CubeIDE/plugins/com.st.stm32cube.ide.mcu.externaltools.gnu-tools-for-stm32.13.3.rel1.win32_1.0.100.202509120712/tools/bin/../lib/gcc/arm-none-eabi/13.3.1/thumb/v7e-m+fp/hard/crtbegin.o
 .text          0x080001c8       0x30 C:/ST/STM32CubeIDE_2.0.0/STM32CubeIDE/plugins/com.st.stm32cube.ide.mcu.externaltools.gnu-tools-for-stm32.13.3.rel1.win32_1.0.100.202509120712/tools/bin/../lib/gcc/arm-none-eabi/13.3.1/thumb/v7e-m+fp/hard\libgcc.a(_aeabi_uldivmod.o)
                0x080001c8                __aeabi_uldivmod
 .text          0x080001f8      0x2f8 C:/ST/STM32CubeIDE_2.0.0/STM32CubeIDE/plugins/com.st.stm32cube.ide.mcu.externaltools.gnu-tools-for-stm32.13.3.rel1.win32_1.0.100.202509120712/tools/bin/../lib/gcc/arm-none-eabi/13.3.1/thumb/v7e-m+fp/hard\libgcc.a(_udivmoddi4.o)
                0x080001f8                __udivmoddi4
 .text          0x080004f0        0x4 C:/ST/STM32CubeIDE_2.0.0/STM32CubeIDE/plugins/com.st.stm32cube.ide.mcu.externaltools.gnu-tools-for-stm32.13.3.rel1.win32_1.0.100.202509120712/tools/bin/../lib/gcc/arm-none-eabi/13.3.1/thumb/v7e-m+fp/hard\libgcc.a(_dvmd_tls.o)
                0x080004f0                __aeabi_idiv0
                0x080004f0                __aeabi_ldiv0
 *(.text*)
 .text.MX_ADC1_Init
                0x080004f4       0xa4 ./Core/Src/adc.o
                0x080004f4                MX_ADC1_Init
 .text.MX_ADC3_Init
                0x08000598       0xa4 ./Core/Src/adc.o
                0x08000598                MX_ADC3_Init
 .text.HAL_ADC_MspInit
                0x0800063c       0xe8 ./Core/Src/adc.o
                0x0800063c                HAL_ADC_MspInit
 .text.get_battery_voltage
                0x08000724       0x30 ./Core/Src/battery.o
 .text.battery_monit_voltage
                0x08000754      0x100 ./Core/Src/battery.o
                0x08000754                battery_monit_voltage
 .text.beep     0x08000854       0x28 ./Core/Src/beep.o
                0x08000854                beep
 .text.beep_reset
                0x0800087c       0x34 ./Core/Src/beep.o
                0x0800087c                beep_reset
 .text.beep_continue
                0x080008b0       0x48 ./Core/Src/beep.o
                0x080008b0                beep_continue
 .text.beep_cycle
                0x080008f8       0x4c ./Core/Src/beep.o
                0x080008f8                beep_cycle
 .text.beep_stop_cycle
                0x08000944       0x18 ./Core/Src/beep.o
                0x08000944                beep_stop_cycle
 .text.bmi088_write_gyro
                0x0800095c       0x64 ./Core/Src/bmi088.o
 .text.bmi088_burst_read_gyro
                0x080009c0       0x60 ./Core/Src/bmi088.o
                0x080009c0                bmi088_burst_read_gyro
 .text.bmi088_init_gyro
                0x08000a20       0x54 ./Core/Src/bmi088.o
                0x08000a20                bmi088_init_gyro
 .text.bmi088_process_gyro_angle
                0x08000a74      0x260 ./Core/Src/bmi088.o
                0x08000a74                bmi088_process_gyro_angle
 .text.bmi088_calibrate_gyro_offset
                0x08000cd4       0x4c ./Core/Src/bmi088.o
                0x08000cd4                bmi088_calibrate_gyro_offset
 .text.button_get_event
                0x08000d20       0x64 ./Core/Src/button.o
                0x08000d20                button_get_event
 .text.button_debounce_end
                0x08000d84       0x34 ./Core/Src/button.o
                0x08000d84                button_debounce_end
 .text.compare_delay_task
                0x08000db8       0x6a ./Core/Src/delay.o
 *fill*         0x08000e22        0x2 
 .text.delay_init_task_queue
                0x08000e24       0x7c ./Core/Src/delay.o
 .text.delay_init
                0x08000ea0       0x4c ./Core/Src/delay.o
                0x08000ea0                delay_init
 .text.delay_us
                0x08000eec       0x4c ./Core/Src/delay.o
                0x08000eec                delay_us
 .text.delay_add_sys_tick_count
                0x08000f38       0x1c ./Core/Src/delay.o
                0x08000f38                delay_add_sys_tick_count
 .text.delay_task_enqueue
                0x08000f54       0x70 ./Core/Src/delay.o
                0x08000f54                delay_task_enqueue
 .text.delay_task_available
                0x08000fc4       0x40 ./Core/Src/delay.o
                0x08000fc4                delay_task_available
 .text.delay_task_consume
                0x08001004       0x3c ./Core/Src/delay.o
                0x08001004                delay_task_consume
 .text.MX_DMA_Init
                0x08001040       0x60 ./Core/Src/dma.o
                0x08001040                MX_DMA_Init
 .text.start_all_pwm_channels
                0x080010a0       0x1c ./Core/Src/dribble.o
 .text.set_pwm  0x080010bc       0x24 ./Core/Src/dribble.o
 .text.dribble_init
                0x080010e0        0xc ./Core/Src/dribble.o
                0x080010e0                dribble_init
 .text.dribble_update_pwm
                0x080010ec       0x20 ./Core/Src/dribble.o
                0x080010ec                dribble_update_pwm
 .text.MX_GPIO_Init
                0x0800110c      0x1a8 ./Core/Src/gpio.o
                0x0800110c                MX_GPIO_Init
 .text.kick_reset
                0x080012b4       0x18 ./Core/Src/kick.o
                0x080012b4                kick_reset
 .text.kick     0x080012cc       0x24 ./Core/Src/kick.o
                0x080012cc                kick
 .text.main     0x080012f0      0x160 ./Core/Src/main.o
                0x080012f0                main
 .text.SystemClock_Config
                0x08001450       0xd4 ./Core/Src/main.o
                0x08001450                SystemClock_Config
 .text.HAL_GPIO_EXTI_Callback
                0x08001524       0x6c ./Core/Src/main.o
                0x08001524                HAL_GPIO_EXTI_Callback
 .text.HAL_SPI_TxRxCpltCallback
                0x08001590       0x3c ./Core/Src/main.o
                0x08001590                HAL_SPI_TxRxCpltCallback
 .text.HAL_UARTEx_RxEventCallback
                0x080015cc       0x40 ./Core/Src/main.o
                0x080015cc                HAL_UARTEx_RxEventCallback
 .text.Error_Handler
                0x0800160c        0xc ./Core/Src/main.o
                0x0800160c                Error_Handler
 .text.pid_init_context
                0x08001618       0x52 ./Core/Src/pid.o
                0x08001618                pid_init_context
 .text.pid_set_gains
                0x0800166a       0x32 ./Core/Src/pid.o
                0x0800166a                pid_set_gains
 .text.pid_set_zero_deadband
                0x0800169c       0x1e ./Core/Src/pid.o
                0x0800169c                pid_set_zero_deadband
 .text.pid      0x080016ba      0x198 ./Core/Src/pid.o
                0x080016ba                pid
 *fill*         0x08001852        0x2 
 .text.process_handshake
                0x08001854       0x3c ./Core/Src/protocol.o
 .text.process_get_bmi088_data
                0x08001890       0x4c ./Core/Src/protocol.o
 .text.process_set_wheels_speed
                0x080018dc       0x3c ./Core/Src/protocol.o
 .text.process_kick
                0x08001918       0x2a ./Core/Src/protocol.o
 *fill*         0x08001942        0x2 
 .text.protocol_start_receive_host
                0x08001944       0x34 ./Core/Src/protocol.o
                0x08001944                protocol_start_receive_host
 .text.protocol_process_received_frame
                0x08001978       0xe0 ./Core/Src/protocol.o
                0x08001978                protocol_process_received_frame
 .text.MX_SPI2_Init
                0x08001a58       0x6c ./Core/Src/spi.o
                0x08001a58                MX_SPI2_Init
 .text.HAL_SPI_MspInit
                0x08001ac4      0x16c ./Core/Src/spi.o
                0x08001ac4                HAL_SPI_MspInit
 .text.HAL_MspInit
                0x08001c30       0x50 ./Core/Src/stm32f4xx_hal_msp.o
                0x08001c30                HAL_MspInit
 .text.NMI_Handler
                0x08001c80        0x8 ./Core/Src/stm32f4xx_it.o
                0x08001c80                NMI_Handler
 .text.HardFault_Handler
                0x08001c88        0x8 ./Core/Src/stm32f4xx_it.o
                0x08001c88                HardFault_Handler
 .text.MemManage_Handler
                0x08001c90        0x8 ./Core/Src/stm32f4xx_it.o
                0x08001c90                MemManage_Handler
 .text.BusFault_Handler
                0x08001c98        0x8 ./Core/Src/stm32f4xx_it.o
                0x08001c98                BusFault_Handler
 .text.UsageFault_Handler
                0x08001ca0        0x8 ./Core/Src/stm32f4xx_it.o
                0x08001ca0                UsageFault_Handler
 .text.SVC_Handler
                0x08001ca8        0xe ./Core/Src/stm32f4xx_it.o
                0x08001ca8                SVC_Handler
 .text.DebugMon_Handler
                0x08001cb6        0xe ./Core/Src/stm32f4xx_it.o
                0x08001cb6                DebugMon_Handler
 .text.PendSV_Handler
                0x08001cc4        0xe ./Core/Src/stm32f4xx_it.o
                0x08001cc4                PendSV_Handler
 .text.SysTick_Handler
                0x08001cd2       0x22 ./Core/Src/stm32f4xx_it.o
                0x08001cd2                SysTick_Handler
 .text.DMA1_Stream2_IRQHandler
                0x08001cf4       0x14 ./Core/Src/stm32f4xx_it.o
                0x08001cf4                DMA1_Stream2_IRQHandler
 .text.DMA1_Stream3_IRQHandler
                0x08001d08       0x14 ./Core/Src/stm32f4xx_it.o
                0x08001d08                DMA1_Stream3_IRQHandler
 .text.DMA1_Stream4_IRQHandler
                0x08001d1c       0x14 ./Core/Src/stm32f4xx_it.o
                0x08001d1c                DMA1_Stream4_IRQHandler
 .text.EXTI9_5_IRQHandler
                0x08001d30       0x10 ./Core/Src/stm32f4xx_it.o
                0x08001d30                EXTI9_5_IRQHandler
 .text.SPI2_IRQHandler
                0x08001d40       0x14 ./Core/Src/stm32f4xx_it.o
                0x08001d40                SPI2_IRQHandler
 .text.EXTI15_10_IRQHandler
                0x08001d54       0x10 ./Core/Src/stm32f4xx_it.o
                0x08001d54                EXTI15_10_IRQHandler
 .text.UART4_IRQHandler
                0x08001d64       0x14 ./Core/Src/stm32f4xx_it.o
                0x08001d64                UART4_IRQHandler
 .text.SystemInit
                0x08001d78       0x24 ./Core/Src/system_stm32f4xx.o
                0x08001d78                SystemInit
 .text.task_enqueue
                0x08001d9c       0x6c ./Core/Src/task.o
                0x08001d9c                task_enqueue
 .text.task_available
                0x08001e08       0x28 ./Core/Src/task.o
                0x08001e08                task_available
 .text.task_consume
                0x08001e30       0x54 ./Core/Src/task.o
                0x08001e30                task_consume
 .text.MX_TIM1_Init
                0x08001e84       0xb0 ./Core/Src/tim.o
                0x08001e84                MX_TIM1_Init
 .text.MX_TIM2_Init
                0x08001f34       0xa8 ./Core/Src/tim.o
                0x08001f34                MX_TIM2_Init
 .text.MX_TIM3_Init
                0x08001fdc       0xa8 ./Core/Src/tim.o
                0x08001fdc                MX_TIM3_Init
 .text.MX_TIM4_Init
                0x08002084      0x130 ./Core/Src/tim.o
                0x08002084                MX_TIM4_Init
 .text.MX_TIM5_Init
                0x080021b4       0xa8 ./Core/Src/tim.o
                0x080021b4                MX_TIM5_Init
 .text.MX_TIM8_Init
                0x0800225c      0x188 ./Core/Src/tim.o
                0x0800225c                MX_TIM8_Init
 .text.MX_TIM9_Init
                0x080023e4       0xc4 ./Core/Src/tim.o
                0x080023e4                MX_TIM9_Init
 .text.HAL_TIM_Encoder_MspInit
                0x080024a8      0x208 ./Core/Src/tim.o
                0x080024a8                HAL_TIM_Encoder_MspInit
 .text.HAL_TIM_Base_MspInit
                0x080026b0       0x9c ./Core/Src/tim.o
                0x080026b0                HAL_TIM_Base_MspInit
 .text.HAL_TIM_MspPostInit
                0x0800274c      0x118 ./Core/Src/tim.o
                0x0800274c                HAL_TIM_MspPostInit
 .text.MX_UART4_Init
                0x08002864       0x54 ./Core/Src/usart.o
                0x08002864                MX_UART4_Init
 .text.HAL_UART_MspInit
                0x080028b8      0x108 ./Core/Src/usart.o
                0x080028b8                HAL_UART_MspInit
 .text.voltage_get_v
                0x080029c0       0x78 ./Core/Src/voltage.o
                0x080029c0                voltage_get_v
 .text.start_all_pwm_channels
                0x08002a38       0x90 ./Core/Src/wheel.o
 .text.start_all_encoder_channels
                0x08002ac8       0x58 ./Core/Src/wheel.o
 .text.init_pid_context
                0x08002b20       0x64 ./Core/Src/wheel.o
 .text.set_pwm  0x08002b84      0x1c8 ./Core/Src/wheel.o
 .text.get_encoder_count_delta
                0x08002d4c       0x6c ./Core/Src/wheel.o
 .text.pid_pwm  0x08002db8       0xbc ./Core/Src/wheel.o
 .text.wheel_init
                0x08002e74       0x14 ./Core/Src/wheel.o
                0x08002e74                wheel_init
 .text.wheel_update_pwm
                0x08002e88       0x2e ./Core/Src/wheel.o
                0x08002e88                wheel_update_pwm
 *fill*         0x08002eb6        0x2 
 .text.Reset_Handler
                0x08002eb8       0x50 ./Core/Startup/startup_stm32f407vetx.o
                0x08002eb8                Reset_Handler
 .text.Default_Handler
                0x08002f08        0x2 ./Core/Startup/startup_stm32f407vetx.o
                0x08002f08                RTC_Alarm_IRQHandler
                0x08002f08                HASH_RNG_IRQHandler
                0x08002f08                EXTI2_IRQHandler
                0x08002f08                TIM8_CC_IRQHandler
                0x08002f08                TIM1_CC_IRQHandler
                0x08002f08                DMA2_Stream5_IRQHandler
                0x08002f08                DMA1_Stream5_IRQHandler
                0x08002f08                PVD_IRQHandler
                0x08002f08                SDIO_IRQHandler
                0x08002f08                TAMP_STAMP_IRQHandler
                0x08002f08                CAN2_RX1_IRQHandler
                0x08002f08                EXTI3_IRQHandler
                0x08002f08                TIM8_TRG_COM_TIM14_IRQHandler
                0x08002f08                TIM1_UP_TIM10_IRQHandler
                0x08002f08                TIM8_UP_TIM13_IRQHandler
                0x08002f08                I2C3_ER_IRQHandler
                0x08002f08                EXTI0_IRQHandler
                0x08002f08                I2C2_EV_IRQHandler
                0x08002f08                CAN1_RX0_IRQHandler
                0x08002f08                FPU_IRQHandler
                0x08002f08                OTG_HS_WKUP_IRQHandler
                0x08002f08                CAN2_SCE_IRQHandler
                0x08002f08                DMA2_Stream2_IRQHandler
                0x08002f08                SPI1_IRQHandler
                0x08002f08                TIM6_DAC_IRQHandler
                0x08002f08                TIM1_BRK_TIM9_IRQHandler
                0x08002f08                DCMI_IRQHandler
                0x08002f08                CAN2_RX0_IRQHandler
                0x08002f08                DMA2_Stream3_IRQHandler
                0x08002f08                USART6_IRQHandler
                0x08002f08                USART3_IRQHandler
                0x08002f08                CAN1_RX1_IRQHandler
                0x08002f08                UART5_IRQHandler
                0x08002f08                DMA2_Stream0_IRQHandler
                0x08002f08                TIM4_IRQHandler
                0x08002f08                I2C1_EV_IRQHandler
                0x08002f08                DMA1_Stream6_IRQHandler
                0x08002f08                DMA1_Stream1_IRQHandler
                0x08002f08                TIM3_IRQHandler
                0x08002f08                RCC_IRQHandler
                0x08002f08                TIM8_BRK_TIM12_IRQHandler
                0x08002f08                Default_Handler
                0x08002f08                ADC_IRQHandler
                0x08002f08                DMA1_Stream7_IRQHandler
                0x08002f08                TIM7_IRQHandler
                0x08002f08                CAN2_TX_IRQHandler
                0x08002f08                TIM5_IRQHandler
                0x08002f08                DMA2_Stream7_IRQHandler
                0x08002f08                I2C3_EV_IRQHandler
                0x08002f08                RTC_WKUP_IRQHandler
                0x08002f08                ETH_WKUP_IRQHandler
                0x08002f08                OTG_HS_EP1_IN_IRQHandler
                0x08002f08                DMA1_Stream0_IRQHandler
                0x08002f08                CAN1_TX_IRQHandler
                0x08002f08                EXTI4_IRQHandler
                0x08002f08                FSMC_IRQHandler
                0x08002f08                ETH_IRQHandler
                0x08002f08                OTG_HS_EP1_OUT_IRQHandler
                0x08002f08                WWDG_IRQHandler
                0x08002f08                TIM2_IRQHandler
                0x08002f08                OTG_FS_WKUP_IRQHandler
                0x08002f08                TIM1_TRG_COM_TIM11_IRQHandler
                0x08002f08                OTG_HS_IRQHandler
                0x08002f08                EXTI1_IRQHandler
                0x08002f08                USART2_IRQHandler
                0x08002f08                I2C2_ER_IRQHandler
                0x08002f08                DMA2_Stream1_IRQHandler
                0x08002f08                CAN1_SCE_IRQHandler
                0x08002f08                FLASH_IRQHandler
                0x08002f08                DMA2_Stream4_IRQHandler
                0x08002f08                USART1_IRQHandler
                0x08002f08                OTG_FS_IRQHandler
                0x08002f08                SPI3_IRQHandler
                0x08002f08                I2C1_ER_IRQHandler
                0x08002f08                DMA2_Stream6_IRQHandler
 *fill*         0x08002f0a        0x2 
 .text.HAL_Init
                0x08002f0c       0x44 ./Drivers/STM32F4xx_HAL_Driver/Src/stm32f4xx_hal.o
                0x08002f0c                HAL_Init
 .text.HAL_InitTick
                0x08002f50       0x60 ./Drivers/STM32F4xx_HAL_Driver/Src/stm32f4xx_hal.o
                0x08002f50                HAL_InitTick
 .text.HAL_IncTick
                0x08002fb0       0x28 ./Drivers/STM32F4xx_HAL_Driver/Src/stm32f4xx_hal.o
                0x08002fb0                HAL_IncTick
 .text.HAL_GetTick
                0x08002fd8       0x18 ./Drivers/STM32F4xx_HAL_Driver/Src/stm32f4xx_hal.o
                0x08002fd8                HAL_GetTick
 .text.HAL_ADC_Init
                0x08002ff0       0x86 ./Drivers/STM32F4xx_HAL_Driver/Src/stm32f4xx_hal_adc.o
                0x08002ff0                HAL_ADC_Init
 *fill*         0x08003076        0x2 
 .text.HAL_ADC_Start
                0x08003078      0x1a4 ./Drivers/STM32F4xx_HAL_Driver/Src/stm32f4xx_hal_adc.o
                0x08003078                HAL_ADC_Start
 .text.HAL_ADC_Stop
                0x0800321c       0x66 ./Drivers/STM32F4xx_HAL_Driver/Src/stm32f4xx_hal_adc.o
                0x0800321c                HAL_ADC_Stop
 .text.HAL_ADC_PollForConversion
                0x08003282      0x116 ./Drivers/STM32F4xx_HAL_Driver/Src/stm32f4xx_hal_adc.o
                0x08003282                HAL_ADC_PollForConversion
 .text.HAL_ADC_GetValue
                0x08003398       0x1a ./Drivers/STM32F4xx_HAL_Driver/Src/stm32f4xx_hal_adc.o
                0x08003398                HAL_ADC_GetValue
 *fill*         0x080033b2        0x2 
 .text.HAL_ADC_ConfigChannel
                0x080033b4      0x244 ./Drivers/STM32F4xx_HAL_Driver/Src/stm32f4xx_hal_adc.o
                0x080033b4                HAL_ADC_ConfigChannel
 .text.ADC_Init
                0x080035f8      0x1f8 ./Drivers/STM32F4xx_HAL_Driver/Src/stm32f4xx_hal_adc.o
 .text.__NVIC_SetPriorityGrouping
                0x080037f0       0x48 ./Drivers/STM32F4xx_HAL_Driver/Src/stm32f4xx_hal_cortex.o
 .text.__NVIC_GetPriorityGrouping
                0x08003838       0x1c ./Drivers/STM32F4xx_HAL_Driver/Src/stm32f4xx_hal_cortex.o
 .text.__NVIC_EnableIRQ
                0x08003854       0x3c ./Drivers/STM32F4xx_HAL_Driver/Src/stm32f4xx_hal_cortex.o
 .text.__NVIC_SetPriority
                0x08003890       0x54 ./Drivers/STM32F4xx_HAL_Driver/Src/stm32f4xx_hal_cortex.o
 .text.NVIC_EncodePriority
                0x080038e4       0x66 ./Drivers/STM32F4xx_HAL_Driver/Src/stm32f4xx_hal_cortex.o
 *fill*         0x0800394a        0x2 
 .text.SysTick_Config
                0x0800394c       0x44 ./Drivers/STM32F4xx_HAL_Driver/Src/stm32f4xx_hal_cortex.o
 .text.HAL_NVIC_SetPriorityGrouping
                0x08003990       0x16 ./Drivers/STM32F4xx_HAL_Driver/Src/stm32f4xx_hal_cortex.o
                0x08003990                HAL_NVIC_SetPriorityGrouping
 .text.HAL_NVIC_SetPriority
                0x080039a6       0x38 ./Drivers/STM32F4xx_HAL_Driver/Src/stm32f4xx_hal_cortex.o
                0x080039a6                HAL_NVIC_SetPriority
 .text.HAL_NVIC_EnableIRQ
                0x080039de       0x1c ./Drivers/STM32F4xx_HAL_Driver/Src/stm32f4xx_hal_cortex.o
                0x080039de                HAL_NVIC_EnableIRQ
 .text.HAL_SYSTICK_Config
                0x080039fa       0x18 ./Drivers/STM32F4xx_HAL_Driver/Src/stm32f4xx_hal_cortex.o
                0x080039fa                HAL_SYSTICK_Config
 *fill*         0x08003a12        0x2 
 .text.HAL_DMA_Init
                0x08003a14      0x15c ./Drivers/STM32F4xx_HAL_Driver/Src/stm32f4xx_hal_dma.o
                0x08003a14                HAL_DMA_Init
 .text.HAL_DMA_Start_IT
                0x08003b70       0xb0 ./Drivers/STM32F4xx_HAL_Driver/Src/stm32f4xx_hal_dma.o
                0x08003b70                HAL_DMA_Start_IT
 .text.HAL_DMA_Abort
                0x08003c20       0xe0 ./Drivers/STM32F4xx_HAL_Driver/Src/stm32f4xx_hal_dma.o
                0x08003c20                HAL_DMA_Abort
 .text.HAL_DMA_Abort_IT
                0x08003d00       0x44 ./Drivers/STM32F4xx_HAL_Driver/Src/stm32f4xx_hal_dma.o
                0x08003d00                HAL_DMA_Abort_IT
 .text.HAL_DMA_IRQHandler
                0x08003d44      0x314 ./Drivers/STM32F4xx_HAL_Driver/Src/stm32f4xx_hal_dma.o
                0x08003d44                HAL_DMA_IRQHandler
 .text.DMA_SetConfig
                0x08004058       0x5c ./Drivers/STM32F4xx_HAL_Driver/Src/stm32f4xx_hal_dma.o
 .text.DMA_CalcBaseAndBitshift
                0x080040b4       0x6c ./Drivers/STM32F4xx_HAL_Driver/Src/stm32f4xx_hal_dma.o
 .text.DMA_CheckFifoParam
                0x08004120       0xf8 ./Drivers/STM32F4xx_HAL_Driver/Src/stm32f4xx_hal_dma.o
 .text.HAL_GPIO_Init
                0x08004218      0x338 ./Drivers/STM32F4xx_HAL_Driver/Src/stm32f4xx_hal_gpio.o
                0x08004218                HAL_GPIO_Init
 .text.HAL_GPIO_ReadPin
                0x08004550       0x30 ./Drivers/STM32F4xx_HAL_Driver/Src/stm32f4xx_hal_gpio.o
                0x08004550                HAL_GPIO_ReadPin
 .text.HAL_GPIO_WritePin
                0x08004580       0x32 ./Drivers/STM32F4xx_HAL_Driver/Src/stm32f4xx_hal_gpio.o
                0x08004580                HAL_GPIO_WritePin
 *fill*         0x080045b2        0x2 
 .text.HAL_GPIO_EXTI_IRQHandler
                0x080045b4       0x30 ./Drivers/STM32F4xx_HAL_Driver/Src/stm32f4xx_hal_gpio.o
                0x080045b4                HAL_GPIO_EXTI_IRQHandler
 .text.HAL_RCC_OscConfig
                0x080045e4      0x4f0 ./Drivers/STM32F4xx_HAL_Driver/Src/stm32f4xx_hal_rcc.o
                0x080045e4                HAL_RCC_OscConfig
 .text.HAL_RCC_ClockConfig
                0x08004ad4      0x1cc ./Drivers/STM32F4xx_HAL_Driver/Src/stm32f4xx_hal_rcc.o
                0x08004ad4                HAL_RCC_ClockConfig
 .text.HAL_RCC_GetSysClockFreq
                0x08004ca0      0x20c ./Drivers/STM32F4xx_HAL_Driver/Src/stm32f4xx_hal_rcc.o
                0x08004ca0                HAL_RCC_GetSysClockFreq
 .text.HAL_RCC_GetHCLKFreq
                0x08004eac       0x18 ./Drivers/STM32F4xx_HAL_Driver/Src/stm32f4xx_hal_rcc.o
                0x08004eac                HAL_RCC_GetHCLKFreq
 .text.HAL_RCC_GetPCLK1Freq
                0x08004ec4       0x28 ./Drivers/STM32F4xx_HAL_Driver/Src/stm32f4xx_hal_rcc.o
                0x08004ec4                HAL_RCC_GetPCLK1Freq
 .text.HAL_RCC_GetPCLK2Freq
                0x08004eec       0x28 ./Drivers/STM32F4xx_HAL_Driver/Src/stm32f4xx_hal_rcc.o
                0x08004eec                HAL_RCC_GetPCLK2Freq
 .text.HAL_SPI_Init
                0x08004f14      0x112 ./Drivers/STM32F4xx_HAL_Driver/Src/stm32f4xx_hal_spi.o
                0x08004f14                HAL_SPI_Init
 .text.HAL_SPI_Transmit
                0x08005026      0x288 ./Drivers/STM32F4xx_HAL_Driver/Src/stm32f4xx_hal_spi.o
                0x08005026                HAL_SPI_Transmit
 *fill*         0x080052ae        0x2 
 .text.HAL_SPI_TransmitReceive_DMA
                0x080052b0      0x1f8 ./Drivers/STM32F4xx_HAL_Driver/Src/stm32f4xx_hal_spi.o
                0x080052b0                HAL_SPI_TransmitReceive_DMA
 .text.HAL_SPI_IRQHandler
                0x080054a8      0x200 ./Drivers/STM32F4xx_HAL_Driver/Src/stm32f4xx_hal_spi.o
                0x080054a8                HAL_SPI_IRQHandler
 .text.HAL_SPI_RxCpltCallback
                0x080056a8       0x14 ./Drivers/STM32F4xx_HAL_Driver/Src/stm32f4xx_hal_spi.o
                0x080056a8                HAL_SPI_RxCpltCallback
 .text.HAL_SPI_RxHalfCpltCallback
                0x080056bc       0x14 ./Drivers/STM32F4xx_HAL_Driver/Src/stm32f4xx_hal_spi.o
                0x080056bc                HAL_SPI_RxHalfCpltCallback
 .text.HAL_SPI_TxRxHalfCpltCallback
                0x080056d0       0x14 ./Drivers/STM32F4xx_HAL_Driver/Src/stm32f4xx_hal_spi.o
                0x080056d0                HAL_SPI_TxRxHalfCpltCallback
 .text.HAL_SPI_ErrorCallback
                0x080056e4       0x14 ./Drivers/STM32F4xx_HAL_Driver/Src/stm32f4xx_hal_spi.o
                0x080056e4                HAL_SPI_ErrorCallback
 .text.SPI_DMAReceiveCplt
                0x080056f8       0xa8 ./Drivers/STM32F4xx_HAL_Driver/Src/stm32f4xx_hal_spi.o
 .text.SPI_DMATransmitReceiveCplt
                0x080057a0       0x90 ./Drivers/STM32F4xx_HAL_Driver/Src/stm32f4xx_hal_spi.o
 .text.SPI_DMAHalfReceiveCplt
                0x08005830       0x1c ./Drivers/STM32F4xx_HAL_Driver/Src/stm32f4xx_hal_spi.o
 .text.SPI_DMAHalfTransmitReceiveCplt
                0x0800584c       0x1c ./Drivers/STM32F4xx_HAL_Driver/Src/stm32f4xx_hal_spi.o
 .text.SPI_DMAError
                0x08005868       0x40 ./Drivers/STM32F4xx_HAL_Driver/Src/stm32f4xx_hal_spi.o
 .text.SPI_DMAAbortOnError
                0x080058a8       0x28 ./Drivers/STM32F4xx_HAL_Driver/Src/stm32f4xx_hal_spi.o
 .text.SPI_WaitFlagStateUntilTimeout
                0x080058d0      0x110 ./Drivers/STM32F4xx_HAL_Driver/Src/stm32f4xx_hal_spi.o
 .text.SPI_EndRxTransaction
                0x080059e0       0xca ./Drivers/STM32F4xx_HAL_Driver/Src/stm32f4xx_hal_spi.o
 *fill*         0x08005aaa        0x2 
 .text.SPI_EndRxTxTransaction
                0x08005aac       0xa8 ./Drivers/STM32F4xx_HAL_Driver/Src/stm32f4xx_hal_spi.o
 .text.HAL_TIM_Base_Init
                0x08005b54       0x9e ./Drivers/STM32F4xx_HAL_Driver/Src/stm32f4xx_hal_tim.o
                0x08005b54                HAL_TIM_Base_Init
 .text.HAL_TIM_PWM_Init
                0x08005bf2       0x9e ./Drivers/STM32F4xx_HAL_Driver/Src/stm32f4xx_hal_tim.o
                0x08005bf2                HAL_TIM_PWM_Init
 .text.HAL_TIM_PWM_MspInit
                0x08005c90       0x14 ./Drivers/STM32F4xx_HAL_Driver/Src/stm32f4xx_hal_tim.o
                0x08005c90                HAL_TIM_PWM_MspInit
 .text.HAL_TIM_PWM_Start
                0x08005ca4      0x190 ./Drivers/STM32F4xx_HAL_Driver/Src/stm32f4xx_hal_tim.o
                0x08005ca4                HAL_TIM_PWM_Start
 .text.HAL_TIM_Encoder_Init
                0x08005e34      0x14c ./Drivers/STM32F4xx_HAL_Driver/Src/stm32f4xx_hal_tim.o
                0x08005e34                HAL_TIM_Encoder_Init
 .text.HAL_TIM_Encoder_Start
                0x08005f80      0x11c ./Drivers/STM32F4xx_HAL_Driver/Src/stm32f4xx_hal_tim.o
                0x08005f80                HAL_TIM_Encoder_Start
 .text.HAL_TIM_PWM_ConfigChannel
                0x0800609c      0x184 ./Drivers/STM32F4xx_HAL_Driver/Src/stm32f4xx_hal_tim.o
                0x0800609c                HAL_TIM_PWM_ConfigChannel
 .text.HAL_TIM_ConfigClockSource
                0x08006220      0x18e ./Drivers/STM32F4xx_HAL_Driver/Src/stm32f4xx_hal_tim.o
                0x08006220                HAL_TIM_ConfigClockSource
 *fill*         0x080063ae        0x2 
 .text.TIM_Base_SetConfig
                0x080063b0      0x14c ./Drivers/STM32F4xx_HAL_Driver/Src/stm32f4xx_hal_tim.o
                0x080063b0                TIM_Base_SetConfig
 .text.TIM_OC1_SetConfig
                0x080064fc       0xe0 ./Drivers/STM32F4xx_HAL_Driver/Src/stm32f4xx_hal_tim.o
 .text.TIM_OC2_SetConfig
                0x080065dc       0xec ./Drivers/STM32F4xx_HAL_Driver/Src/stm32f4xx_hal_tim.o
                0x080065dc                TIM_OC2_SetConfig
 .text.TIM_OC3_SetConfig
                0x080066c8       0xe8 ./Drivers/STM32F4xx_HAL_Driver/Src/stm32f4xx_hal_tim.o
 .text.TIM_OC4_SetConfig
                0x080067b0       0xac ./Drivers/STM32F4xx_HAL_Driver/Src/stm32f4xx_hal_tim.o
 .text.TIM_TI1_ConfigInputStage
                0x0800685c       0x5e ./Drivers/STM32F4xx_HAL_Driver/Src/stm32f4xx_hal_tim.o
 .text.TIM_TI2_ConfigInputStage
                0x080068ba       0x60 ./Drivers/STM32F4xx_HAL_Driver/Src/stm32f4xx_hal_tim.o
 .text.TIM_ITRx_SetConfig
                0x0800691a       0x36 ./Drivers/STM32F4xx_HAL_Driver/Src/stm32f4xx_hal_tim.o
 .text.TIM_ETR_SetConfig
                0x08006950       0x40 ./Drivers/STM32F4xx_HAL_Driver/Src/stm32f4xx_hal_tim.o
                0x08006950                TIM_ETR_SetConfig
 .text.TIM_CCxChannelCmd
                0x08006990       0x4a ./Drivers/STM32F4xx_HAL_Driver/Src/stm32f4xx_hal_tim.o
                0x08006990                TIM_CCxChannelCmd
 *fill*         0x080069da        0x2 
 .text.HAL_TIMEx_MasterConfigSynchronization
                0x080069dc       0xf8 ./Drivers/STM32F4xx_HAL_Driver/Src/stm32f4xx_hal_tim_ex.o
                0x080069dc                HAL_TIMEx_MasterConfigSynchronization
 .text.HAL_TIMEx_ConfigBreakDeadTime
                0x08006ad4       0xa4 ./Drivers/STM32F4xx_HAL_Driver/Src/stm32f4xx_hal_tim_ex.o
                0x08006ad4                HAL_TIMEx_ConfigBreakDeadTime
 .text.HAL_UART_Init
                0x08006b78       0xa0 ./Drivers/STM32F4xx_HAL_Driver/Src/stm32f4xx_hal_uart.o
                0x08006b78                HAL_UART_Init
 .text.HAL_UART_Transmit_IT
                0x08006c18       0x6c ./Drivers/STM32F4xx_HAL_Driver/Src/stm32f4xx_hal_uart.o
                0x08006c18                HAL_UART_Transmit_IT
 .text.HAL_UARTEx_ReceiveToIdle_DMA
                0x08006c84       0xb2 ./Drivers/STM32F4xx_HAL_Driver/Src/stm32f4xx_hal_uart.o
                0x08006c84                HAL_UARTEx_ReceiveToIdle_DMA
 *fill*         0x08006d36        0x2 
 .text.HAL_UART_IRQHandler
                0x08006d38      0x554 ./Drivers/STM32F4xx_HAL_Driver/Src/stm32f4xx_hal_uart.o
                0x08006d38                HAL_UART_IRQHandler
 .text.HAL_UART_TxCpltCallback
                0x0800728c       0x14 ./Drivers/STM32F4xx_HAL_Driver/Src/stm32f4xx_hal_uart.o
                0x0800728c                HAL_UART_TxCpltCallback
 .text.HAL_UART_RxCpltCallback
                0x080072a0       0x14 ./Drivers/STM32F4xx_HAL_Driver/Src/stm32f4xx_hal_uart.o
                0x080072a0                HAL_UART_RxCpltCallback
 .text.HAL_UART_RxHalfCpltCallback
                0x080072b4       0x14 ./Drivers/STM32F4xx_HAL_Driver/Src/stm32f4xx_hal_uart.o
                0x080072b4                HAL_UART_RxHalfCpltCallback
 .text.HAL_UART_ErrorCallback
                0x080072c8       0x14 ./Drivers/STM32F4xx_HAL_Driver/Src/stm32f4xx_hal_uart.o
                0x080072c8                HAL_UART_ErrorCallback
 .text.UART_DMAReceiveCplt
                0x080072dc      0x12c ./Drivers/STM32F4xx_HAL_Driver/Src/stm32f4xx_hal_uart.o
 .text.UART_DMARxHalfCplt
                0x08007408       0x3c ./Drivers/STM32F4xx_HAL_Driver/Src/stm32f4xx_hal_uart.o
 .text.UART_DMAError
                0x08007444       0x94 ./Drivers/STM32F4xx_HAL_Driver/Src/stm32f4xx_hal_uart.o
 .text.UART_Start_Receive_DMA
                0x080074d8      0x14c ./Drivers/STM32F4xx_HAL_Driver/Src/stm32f4xx_hal_uart.o
                0x080074d8                UART_Start_Receive_DMA
 .text.UART_EndTxTransfer
                0x08007624       0x50 ./Drivers/STM32F4xx_HAL_Driver/Src/stm32f4xx_hal_uart.o
 .text.UART_EndRxTransfer
                0x08007674       0xc6 ./Drivers/STM32F4xx_HAL_Driver/Src/stm32f4xx_hal_uart.o
 .text.UART_DMAAbortOnError
                0x0800773a       0x22 ./Drivers/STM32F4xx_HAL_Driver/Src/stm32f4xx_hal_uart.o
 .text.UART_Transmit_IT
                0x0800775c       0xa0 ./Drivers/STM32F4xx_HAL_Driver/Src/stm32f4xx_hal_uart.o
 .text.UART_EndTransmit_IT
                0x080077fc       0x30 ./Drivers/STM32F4xx_HAL_Driver/Src/stm32f4xx_hal_uart.o
 .text.UART_Receive_IT
                0x0800782c      0x17c ./Drivers/STM32F4xx_HAL_Driver/Src/stm32f4xx_hal_uart.o
 .text.UART_SetConfig
                0x080079a8      0x4e8 ./Drivers/STM32F4xx_HAL_Driver/Src/stm32f4xx_hal_uart.o
 .text.swapfunc
                0x08007e90       0x32 C:/ST/STM32CubeIDE_2.0.0/STM32CubeIDE/plugins/com.st.stm32cube.ide.mcu.externaltools.gnu-tools-for-stm32.13.3.rel1.win32_1.0.100.202509120712/tools/bin/../lib/gcc/arm-none-eabi/13.3.1/../../../../arm-none-eabi/lib/thumb/v7e-m+fp/hard\libc_nano.a(libc_a-qsort.o)
 .text.med3.constprop.0
                0x08007ec2       0x40 C:/ST/STM32CubeIDE_2.0.0/STM32CubeIDE/plugins/com.st.stm32cube.ide.mcu.externaltools.gnu-tools-for-stm32.13.3.rel1.win32_1.0.100.202509120712/tools/bin/../lib/gcc/arm-none-eabi/13.3.1/../../../../arm-none-eabi/lib/thumb/v7e-m+fp/hard\libc_nano.a(libc_a-qsort.o)
 .text.qsort    0x08007f02      0x28e C:/ST/STM32CubeIDE_2.0.0/STM32CubeIDE/plugins/com.st.stm32cube.ide.mcu.externaltools.gnu-tools-for-stm32.13.3.rel1.win32_1.0.100.202509120712/tools/bin/../lib/gcc/arm-none-eabi/13.3.1/../../../../arm-none-eabi/lib/thumb/v7e-m+fp/hard\libc_nano.a(libc_a-qsort.o)
                0x08007f02                qsort
 .text.memset   0x08008190       0x10 C:/ST/STM32CubeIDE_2.0.0/STM32CubeIDE/plugins/com.st.stm32cube.ide.mcu.externaltools.gnu-tools-for-stm32.13.3.rel1.win32_1.0.100.202509120712/tools/bin/../lib/gcc/arm-none-eabi/13.3.1/../../../../arm-none-eabi/lib/thumb/v7e-m+fp/hard\libc_nano.a(libc_a-memset.o)
                0x08008190                memset
 .text.__libc_init_array
                0x080081a0       0x48 C:/ST/STM32CubeIDE_2.0.0/STM32CubeIDE/plugins/com.st.stm32cube.ide.mcu.externaltools.gnu-tools-for-stm32.13.3.rel1.win32_1.0.100.202509120712/tools/bin/../lib/gcc/arm-none-eabi/13.3.1/../../../../arm-none-eabi/lib/thumb/v7e-m+fp/hard\libc_nano.a(libc_a-init.o)
                0x080081a0                __libc_init_array
 .text.memcpy   0x080081e8       0x1c C:/ST/STM32CubeIDE_2.0.0/STM32CubeIDE/plugins/com.st.stm32cube.ide.mcu.externaltools.gnu-tools-for-stm32.13.3.rel1.win32_1.0.100.202509120712/tools/bin/../lib/gcc/arm-none-eabi/13.3.1/../../../../arm-none-eabi/lib/thumb/v7e-m+fp/hard\libc_nano.a(libc_a-memcpy-stub.o)
                0x080081e8                memcpy
 *(.glue_7)
 .glue_7        0x08008204        0x0 linker stubs
 *(.glue_7t)
 .glue_7t       0x08008204        0x0 linker stubs
 *(.eh_frame)
 .eh_frame      0x08008204        0x0 C:/ST/STM32CubeIDE_2.0.0/STM32CubeIDE/plugins/com.st.stm32cube.ide.mcu.externaltools.gnu-tools-for-stm32.13.3.rel1.win32_1.0.100.202509120712/tools/bin/../lib/gcc/arm-none-eabi/13.3.1/thumb/v7e-m+fp/hard/crtbegin.o
 *(.init)
 .init          0x08008204        0x4 C:/ST/STM32CubeIDE_2.0.0/STM32CubeIDE/plugins/com.st.stm32cube.ide.mcu.externaltools.gnu-tools-for-stm32.13.3.rel1.win32_1.0.100.202509120712/tools/bin/../lib/gcc/arm-none-eabi/13.3.1/thumb/v7e-m+fp/hard/crti.o
                0x08008204                _init
 .init          0x08008208        0x8 C:/ST/STM32CubeIDE_2.0.0/STM32CubeIDE/plugins/com.st.stm32cube.ide.mcu.externaltools.gnu-tools-for-stm32.13.3.rel1.win32_1.0.100.202509120712/tools/bin/../lib/gcc/arm-none-eabi/13.3.1/thumb/v7e-m+fp/hard/crtn.o
 *(.fini)
 .fini          0x08008210        0x4 C:/ST/STM32CubeIDE_2.0.0/STM32CubeIDE/plugins/com.st.stm32cube.ide.mcu.externaltools.gnu-tools-for-stm32.13.3.rel1.win32_1.0.100.202509120712/tools/bin/../lib/gcc/arm-none-eabi/13.3.1/thumb/v7e-m+fp/hard/crti.o
                0x08008210                _fini
 .fini          0x08008214        0x8 C:/ST/STM32CubeIDE_2.0.0/STM32CubeIDE/plugins/com.st.stm32cube.ide.mcu.externaltools.gnu-tools-for-stm32.13.3.rel1.win32_1.0.100.202509120712/tools/bin/../lib/gcc/arm-none-eabi/13.3.1/thumb/v7e-m+fp/hard/crtn.o
                0x0800821c                        . = ALIGN (0x4)
                0x0800821c                        _etext = .

.vfp11_veneer   0x0800821c        0x0
 .vfp11_veneer  0x0800821c        0x0 linker stubs

.v4_bx          0x0800821c        0x0
 .v4_bx         0x0800821c        0x0 linker stubs

.iplt           0x0800821c        0x0
 .iplt          0x0800821c        0x0 C:/ST/STM32CubeIDE_2.0.0/STM32CubeIDE/plugins/com.st.stm32cube.ide.mcu.externaltools.gnu-tools-for-stm32.13.3.rel1.win32_1.0.100.202509120712/tools/bin/../lib/gcc/arm-none-eabi/13.3.1/thumb/v7e-m+fp/hard/crtbegin.o

.rodata         0x0800821c       0x64
                0x0800821c                        . = ALIGN (0x4)
 *(.rodata)
 *(.rodata*)
 .rodata.recent_voltage_size.0
                0x0800821c        0x4 ./Core/Src/battery.o
 .rodata.AHBPrescTable
                0x08008220       0x10 ./Core/Src/system_stm32f4xx.o
                0x08008220                AHBPrescTable
 .rodata.APBPrescTable
                0x08008230        0x8 ./Core/Src/system_stm32f4xx.o
                0x08008230                APBPrescTable
 .rodata.wheel_arr.2
                0x08008238       0x30 ./Core/Src/wheel.o
 .rodata.phtim.1
                0x08008268       0x10 ./Core/Src/wheel.o
 .rodata.flagBitshiftOffset.0
                0x08008278        0x8 ./Drivers/STM32F4xx_HAL_Driver/Src/stm32f4xx_hal_dma.o
                0x08008280                        . = ALIGN (0x4)

.ARM.extab      0x08008280        0x0
                0x08008280                        . = ALIGN (0x4)
 *(.ARM.extab* .gnu.linkonce.armextab.*)
                0x08008280                        . = ALIGN (0x4)

.ARM            0x08008280        0x8
                0x08008280                        . = ALIGN (0x4)
                0x08008280                        __exidx_start = .
 *(.ARM.exidx*)
 .ARM.exidx     0x08008280        0x8 C:/ST/STM32CubeIDE_2.0.0/STM32CubeIDE/plugins/com.st.stm32cube.ide.mcu.externaltools.gnu-tools-for-stm32.13.3.rel1.win32_1.0.100.202509120712/tools/bin/../lib/gcc/arm-none-eabi/13.3.1/thumb/v7e-m+fp/hard\libgcc.a(_udivmoddi4.o)
                0x08008288                        __exidx_end = .
                0x08008288                        . = ALIGN (0x4)

.preinit_array  0x08008288        0x0
                0x08008288                        . = ALIGN (0x4)
                0x08008288                        PROVIDE (__preinit_array_start = .)
 *(.preinit_array*)
                0x08008288                        PROVIDE (__preinit_array_end = .)
                0x08008288                        . = ALIGN (0x4)

.init_array     0x08008288        0x4
                0x08008288                        . = ALIGN (0x4)
                0x08008288                        PROVIDE (__init_array_start = .)
 *(SORT_BY_NAME(.init_array.*))
 *(.init_array*)
 .init_array    0x08008288        0x4 C:/ST/STM32CubeIDE_2.0.0/STM32CubeIDE/plugins/com.st.stm32cube.ide.mcu.externaltools.gnu-tools-for-stm32.13.3.rel1.win32_1.0.100.202509120712/tools/bin/../lib/gcc/arm-none-eabi/13.3.1/thumb/v7e-m+fp/hard/crtbegin.o
                0x0800828c                        PROVIDE (__init_array_end = .)
                0x0800828c                        . = ALIGN (0x4)

.fini_array     0x0800828c        0x4
                0x0800828c                        . = ALIGN (0x4)
                [!provide]                        PROVIDE (__fini_array_start = .)
 *(SORT_BY_NAME(.fini_array.*))
 *(.fini_array*)
 .fini_array    0x0800828c        0x4 C:/ST/STM32CubeIDE_2.0.0/STM32CubeIDE/plugins/com.st.stm32cube.ide.mcu.externaltools.gnu-tools-for-stm32.13.3.rel1.win32_1.0.100.202509120712/tools/bin/../lib/gcc/arm-none-eabi/13.3.1/thumb/v7e-m+fp/hard/crtbegin.o
                [!provide]                        PROVIDE (__fini_array_end = .)
                0x08008290                        . = ALIGN (0x4)
                0x08008290                        _sidata = LOADADDR (.data)

.rel.dyn        0x08008290        0x0
 .rel.iplt      0x08008290        0x0 C:/ST/STM32CubeIDE_2.0.0/STM32CubeIDE/plugins/com.st.stm32cube.ide.mcu.externaltools.gnu-tools-for-stm32.13.3.rel1.win32_1.0.100.202509120712/tools/bin/../lib/gcc/arm-none-eabi/13.3.1/thumb/v7e-m+fp/hard/crtbegin.o

.data           0x20000000       0x2c load address 0x08008290
                0x20000000                        . = ALIGN (0x4)
                0x20000000                        _sdata = .
 *(.data)
 *(.data*)
 .data.recent_voltage.1
                0x20000000       0x14 ./Core/Src/battery.o
 .data.is_first_call.2
                0x20000014        0x1 ./Core/Src/bmi088.o
 *fill*         0x20000015        0x3 
 .data.speed_tabe
                0x20000018        0x6 ./Core/Src/dribble.o
 *fill*         0x2000001e        0x2 
 .data.SystemCoreClock
                0x20000020        0x4 ./Core/Src/system_stm32f4xx.o
                0x20000020                SystemCoreClock
 .data.uwTickPrio
                0x20000024        0x4 ./Drivers/STM32F4xx_HAL_Driver/Src/stm32f4xx_hal.o
                0x20000024                uwTickPrio
 .data.uwTickFreq
                0x20000028        0x1 ./Drivers/STM32F4xx_HAL_Driver/Src/stm32f4xx_hal.o
                0x20000028                uwTickFreq
 *(.RamFunc)
 *(.RamFunc*)
                0x2000002c                        . = ALIGN (0x4)
 *fill*         0x20000029        0x3 
                0x2000002c                        _edata = .
                0x080082bc                        _siccmram = LOADADDR (.ccmram)

.igot.plt       0x2000002c        0x0 load address 0x080082bc
 .igot.plt      0x2000002c        0x0 C:/ST/STM32CubeIDE_2.0.0/STM32CubeIDE/plugins/com.st.stm32cube.ide.mcu.externaltools.gnu-tools-for-stm32.13.3.rel1.win32_1.0.100.202509120712/tools/bin/../lib/gcc/arm-none-eabi/13.3.1/thumb/v7e-m+fp/hard/crtbegin.o

.ccmram         0x10000000        0x0 load address 0x080082bc
                0x10000000                        . = ALIGN (0x4)
                0x10000000                        _sccmram = .
 *(.ccmram)
 *(.ccmram*)
                0x10000000                        . = ALIGN (0x4)
                0x10000000                        _eccmram = .
                0x10000000                        . = ALIGN (0x4)

.bss            0x2000002c      0x76c
                0x2000002c                        _sbss = .
                0x2000002c                        __bss_start__ = _sbss
 *(.bss)
 .bss           0x2000002c       0x1c C:/ST/STM32CubeIDE_2.0.0/STM32CubeIDE/plugins/com.st.stm32cube.ide.mcu.externaltools.gnu-tools-for-stm32.13.3.rel1.win32_1.0.100.202509120712/tools/bin/../lib/gcc/arm-none-eabi/13.3.1/thumb/v7e-m+fp/hard/crtbegin.o
 *(.bss*)
 .bss.hadc1     0x20000048       0x48 ./Core/Src/adc.o
                0x20000048                hadc1
 .bss.hadc3     0x20000090       0x48 ./Core/Src/adc.o
                0x20000090                hadc3
 .bss.alarm.3   0x200000d8        0x1 ./Core/Src/battery.o
 *fill*         0x200000d9        0x3 
 .bss.voltage_ptr.2
                0x200000dc        0x4 ./Core/Src/battery.o
 .bss.beep_cycles_count
                0x200000e0        0x4 ./Core/Src/beep.o
 .bss.continue_beep
                0x200000e4        0x1 ./Core/Src/beep.o
 *fill*         0x200000e5        0x3 
 .bss.continue_beep_ms
                0x200000e8        0x4 ./Core/Src/beep.o
 .bss.continue_interval_ms
                0x200000ec        0x4 ./Core/Src/beep.o
 .bss.continue_cycles
                0x200000f0        0x4 ./Core/Src/beep.o
 .bss.tx_buff   0x200000f4        0x7 ./Core/Src/bmi088.o
                0x200000f4                tx_buff
 *fill*         0x200000fb        0x1 
 .bss.rx_buff   0x200000fc        0x7 ./Core/Src/bmi088.o
                0x200000fc                rx_buff
 *fill*         0x20000103        0x1 
 .bss.gyro_target_samples
                0x20000104        0x4 ./Core/Src/bmi088.o
 .bss.gyro_calibrated_samples
                0x20000108        0x4 ./Core/Src/bmi088.o
 .bss.gyro_offset_sum
                0x2000010c        0xc ./Core/Src/bmi088.o
 .bss.gyro_offset
                0x20000118        0xc ./Core/Src/bmi088.o
 .bss.is_calibrating_gyro_offset
                0x20000124        0x1 ./Core/Src/bmi088.o
                0x20000124                is_calibrating_gyro_offset
 *fill*         0x20000125        0x3 
 .bss.bmi088_drdy_timestamp
                0x20000128        0x4 ./Core/Src/bmi088.o
                0x20000128                bmi088_drdy_timestamp
 .bss.bmi088_gyro_angle
                0x2000012c        0xc ./Core/Src/bmi088.o
                0x2000012c                bmi088_gyro_angle
 .bss.last_rate.1
                0x20000138        0xc ./Core/Src/bmi088.o
 .bss.last_dwt_cycle.0
                0x20000144        0x4 ./Core/Src/bmi088.o
 .bss.is_debouncing
                0x20000148        0x2 ./Core/Src/button.o
 *fill*         0x2000014a        0x2 
 .bss.delay_task_queue
                0x2000014c      0x140 ./Core/Src/delay.o
 .bss.sys_tick_count
                0x2000028c        0x4 ./Core/Src/delay.o
 .bss.dwt_is_initialized.0
                0x20000290        0x1 ./Core/Src/delay.o
 *fill*         0x20000291        0x3 
 .bss.dribble_speed_level
                0x20000294        0x4 ./Core/Src/dribble.o
                0x20000294                dribble_speed_level
 .bss.tx_buff   0x20000298       0x20 ./Core/Src/protocol.o
 .bss.rx_buff   0x200002b8       0x40 ./Core/Src/protocol.o
 .bss.current_rx_buff_idx
                0x200002f8        0x4 ./Core/Src/protocol.o
 .bss.hspi2     0x200002fc       0x58 ./Core/Src/spi.o
                0x200002fc                hspi2
 .bss.hdma_spi2_tx
                0x20000354       0x60 ./Core/Src/spi.o
                0x20000354                hdma_spi2_tx
 .bss.hdma_spi2_rx
                0x200003b4       0x60 ./Core/Src/spi.o
                0x200003b4                hdma_spi2_rx
 .bss.read_idx  0x20000414        0x4 ./Core/Src/task.o
 .bss.write_idx
                0x20000418        0x4 ./Core/Src/task.o
 .bss.task_queue
                0x2000041c       0x40 ./Core/Src/task.o
 .bss.htim1     0x2000045c       0x48 ./Core/Src/tim.o
                0x2000045c                htim1
 .bss.htim2     0x200004a4       0x48 ./Core/Src/tim.o
                0x200004a4                htim2
 .bss.htim3     0x200004ec       0x48 ./Core/Src/tim.o
                0x200004ec                htim3
 .bss.htim4     0x20000534       0x48 ./Core/Src/tim.o
                0x20000534                htim4
 .bss.htim5     0x2000057c       0x48 ./Core/Src/tim.o
                0x2000057c                htim5
 .bss.htim8     0x200005c4       0x48 ./Core/Src/tim.o
                0x200005c4                htim8
 .bss.htim9     0x2000060c       0x48 ./Core/Src/tim.o
                0x2000060c                htim9
 .bss.huart4    0x20000654       0x48 ./Core/Src/usart.o
                0x20000654                huart4
 .bss.hdma_uart4_rx
                0x2000069c       0x60 ./Core/Src/usart.o
                0x2000069c                hdma_uart4_rx
 .bss.pid_context_wheels
                0x200006fc       0x80 ./Core/Src/wheel.o
 .bss.wheel_target_speed_rpm
                0x2000077c       0x10 ./Core/Src/wheel.o
                0x2000077c                wheel_target_speed_rpm
 .bss.last_count.0
                0x2000078c        0x8 ./Core/Src/wheel.o
 .bss.uwTick    0x20000794        0x4 ./Drivers/STM32F4xx_HAL_Driver/Src/stm32f4xx_hal.o
                0x20000794                uwTick
 *(COMMON)
                0x20000798                        . = ALIGN (0x4)
                0x20000798                        _ebss = .
                0x20000798                        __bss_end__ = _ebss

._user_heap_stack
                0x20000798      0x600
                0x20000798                        . = ALIGN (0x8)
                [!provide]                        PROVIDE (end = .)
                0x20000798                        PROVIDE (_end = .)
                0x20000998                        . = (. + _Min_Heap_Size)
 *fill*         0x20000798      0x200 
                0x20000d98                        . = (. + _Min_Stack_Size)
 *fill*         0x20000998      0x400 
                0x20000d98                        . = ALIGN (0x8)

/DISCARD/
 libc.a(*)
 libm.a(*)
 libgcc.a(*)

.ARM.attributes
                0x00000000       0x30
 *(.ARM.attributes)
 .ARM.attributes
                0x00000000       0x22 C:/ST/STM32CubeIDE_2.0.0/STM32CubeIDE/plugins/com.st.stm32cube.ide.mcu.externaltools.gnu-tools-for-stm32.13.3.rel1.win32_1.0.100.202509120712/tools/bin/../lib/gcc/arm-none-eabi/13.3.1/thumb/v7e-m+fp/hard/crti.o
 .ARM.attributes
                0x00000022       0x34 C:/ST/STM32CubeIDE_2.0.0/STM32CubeIDE/plugins/com.st.stm32cube.ide.mcu.externaltools.gnu-tools-for-stm32.13.3.rel1.win32_1.0.100.202509120712/tools/bin/../lib/gcc/arm-none-eabi/13.3.1/thumb/v7e-m+fp/hard/crtbegin.o
 .ARM.attributes
                0x00000056       0x34 ./Core/Src/adc.o
 .ARM.attributes
                0x0000008a       0x34 ./Core/Src/battery.o
 .ARM.attributes
                0x000000be       0x34 ./Core/Src/beep.o
 .ARM.attributes
                0x000000f2       0x34 ./Core/Src/bmi088.o
 .ARM.attributes
                0x00000126       0x34 ./Core/Src/button.o
 .ARM.attributes
                0x0000015a       0x34 ./Core/Src/delay.o
 .ARM.attributes
                0x0000018e       0x34 ./Core/Src/dma.o
 .ARM.attributes
                0x000001c2       0x34 ./Core/Src/dribble.o
 .ARM.attributes
                0x000001f6       0x34 ./Core/Src/gpio.o
 .ARM.attributes
                0x0000022a       0x34 ./Core/Src/kick.o
 .ARM.attributes
                0x0000025e       0x34 ./Core/Src/main.o
 .ARM.attributes
                0x00000292       0x34 ./Core/Src/pid.o
 .ARM.attributes
                0x000002c6       0x34 ./Core/Src/protocol.o
 .ARM.attributes
                0x000002fa       0x34 ./Core/Src/spi.o
 .ARM.attributes
                0x0000032e       0x34 ./Core/Src/stm32f4xx_hal_msp.o
 .ARM.attributes
                0x00000362       0x34 ./Core/Src/stm32f4xx_it.o
 .ARM.attributes
                0x00000396       0x34 ./Core/Src/system_stm32f4xx.o
 .ARM.attributes
                0x000003ca       0x34 ./Core/Src/task.o
 .ARM.attributes
                0x000003fe       0x34 ./Core/Src/tim.o
 .ARM.attributes
                0x00000432       0x34 ./Core/Src/usart.o
 .ARM.attributes
                0x00000466       0x34 ./Core/Src/voltage.o
 .ARM.attributes
                0x0000049a       0x34 ./Core/Src/wheel.o
 .ARM.attributes
                0x000004ce       0x21 ./Core/Startup/startup_stm32f407vetx.o
 .ARM.attributes
                0x000004ef       0x34 ./Drivers/STM32F4xx_HAL_Driver/Src/stm32f4xx_hal.o
 .ARM.attributes
                0x00000523       0x34 ./Drivers/STM32F4xx_HAL_Driver/Src/stm32f4xx_hal_adc.o
 .ARM.attributes
                0x00000557       0x34 ./Drivers/STM32F4xx_HAL_Driver/Src/stm32f4xx_hal_cortex.o
 .ARM.attributes
                0x0000058b       0x34 ./Drivers/STM32F4xx_HAL_Driver/Src/stm32f4xx_hal_dma.o
 .ARM.attributes
                0x000005bf       0x34 ./Drivers/STM32F4xx_HAL_Driver/Src/stm32f4xx_hal_gpio.o
 .ARM.attributes
                0x000005f3       0x34 ./Drivers/STM32F4xx_HAL_Driver/Src/stm32f4xx_hal_rcc.o
 .ARM.attributes
                0x00000627       0x34 ./Drivers/STM32F4xx_HAL_Driver/Src/stm32f4xx_hal_spi.o
 .ARM.attributes
                0x0000065b       0x34 ./Drivers/STM32F4xx_HAL_Driver/Src/stm32f4xx_hal_tim.o
 .ARM.attributes
                0x0000068f       0x34 ./Drivers/STM32F4xx_HAL_Driver/Src/stm32f4xx_hal_tim_ex.o
 .ARM.attributes
                0x000006c3       0x34 ./Drivers/STM32F4xx_HAL_Driver/Src/stm32f4xx_hal_uart.o
 .ARM.attributes
                0x000006f7       0x34 C:/ST/STM32CubeIDE_2.0.0/STM32CubeIDE/plugins/com.st.stm32cube.ide.mcu.externaltools.gnu-tools-for-stm32.13.3.rel1.win32_1.0.100.202509120712/tools/bin/../lib/gcc/arm-none-eabi/13.3.1/../../../../arm-none-eabi/lib/thumb/v7e-m+fp/hard\libc_nano.a(libc_a-qsort.o)
 .ARM.attributes
                0x0000072b       0x34 C:/ST/STM32CubeIDE_2.0.0/STM32CubeIDE/plugins/com.st.stm32cube.ide.mcu.externaltools.gnu-tools-for-stm32.13.3.rel1.win32_1.0.100.202509120712/tools/bin/../lib/gcc/arm-none-eabi/13.3.1/../../../../arm-none-eabi/lib/thumb/v7e-m+fp/hard\libc_nano.a(libc_a-memset.o)
 .ARM.attributes
                0x0000075f       0x34 C:/ST/STM32CubeIDE_2.0.0/STM32CubeIDE/plugins/com.st.stm32cube.ide.mcu.externaltools.gnu-tools-for-stm32.13.3.rel1.win32_1.0.100.202509120712/tools/bin/../lib/gcc/arm-none-eabi/13.3.1/../../../../arm-none-eabi/lib/thumb/v7e-m+fp/hard\libc_nano.a(libc_a-init.o)
 .ARM.attributes
                0x00000793       0x34 C:/ST/STM32CubeIDE_2.0.0/STM32CubeIDE/plugins/com.st.stm32cube.ide.mcu.externaltools.gnu-tools-for-stm32.13.3.rel1.win32_1.0.100.202509120712/tools/bin/../lib/gcc/arm-none-eabi/13.3.1/../../../../arm-none-eabi/lib/thumb/v7e-m+fp/hard\libc_nano.a(libc_a-memcpy-stub.o)
 .ARM.attributes
                0x000007c7       0x22 C:/ST/STM32CubeIDE_2.0.0/STM32CubeIDE/plugins/com.st.stm32cube.ide.mcu.externaltools.gnu-tools-for-stm32.13.3.rel1.win32_1.0.100.202509120712/tools/bin/../lib/gcc/arm-none-eabi/13.3.1/thumb/v7e-m+fp/hard\libgcc.a(_aeabi_uldivmod.o)
 .ARM.attributes
                0x000007e9       0x34 C:/ST/STM32CubeIDE_2.0.0/STM32CubeIDE/plugins/com.st.stm32cube.ide.mcu.externaltools.gnu-tools-for-stm32.13.3.rel1.win32_1.0.100.202509120712/tools/bin/../lib/gcc/arm-none-eabi/13.3.1/thumb/v7e-m+fp/hard\libgcc.a(_udivmoddi4.o)
 .ARM.attributes
                0x0000081d       0x22 C:/ST/STM32CubeIDE_2.0.0/STM32CubeIDE/plugins/com.st.stm32cube.ide.mcu.externaltools.gnu-tools-for-stm32.13.3.rel1.win32_1.0.100.202509120712/tools/bin/../lib/gcc/arm-none-eabi/13.3.1/thumb/v7e-m+fp/hard\libgcc.a(_dvmd_tls.o)
 .ARM.attributes
                0x0000083f       0x22 C:/ST/STM32CubeIDE_2.0.0/STM32CubeIDE/plugins/com.st.stm32cube.ide.mcu.externaltools.gnu-tools-for-stm32.13.3.rel1.win32_1.0.100.202509120712/tools/bin/../lib/gcc/arm-none-eabi/13.3.1/thumb/v7e-m+fp/hard/crtn.o
OUTPUT(MotionController.elf elf32-littlearm)
LOAD linker stubs
LOAD C:/ST/STM32CubeIDE_2.0.0/STM32CubeIDE/plugins/com.st.stm32cube.ide.mcu.externaltools.gnu-tools-for-stm32.13.3.rel1.win32_1.0.100.202509120712/tools/bin/../lib/gcc/arm-none-eabi/13.3.1/../../../../arm-none-eabi/lib/thumb/v7e-m+fp/hard\libc.a
LOAD C:/ST/STM32CubeIDE_2.0.0/STM32CubeIDE/plugins/com.st.stm32cube.ide.mcu.externaltools.gnu-tools-for-stm32.13.3.rel1.win32_1.0.100.202509120712/tools/bin/../lib/gcc/arm-none-eabi/13.3.1/../../../../arm-none-eabi/lib/thumb/v7e-m+fp/hard\libm.a
LOAD C:/ST/STM32CubeIDE_2.0.0/STM32CubeIDE/plugins/com.st.stm32cube.ide.mcu.externaltools.gnu-tools-for-stm32.13.3.rel1.win32_1.0.100.202509120712/tools/bin/../lib/gcc/arm-none-eabi/13.3.1/thumb/v7e-m+fp/hard\libgcc.a

.debug_info     0x00000000    0x1612b
 .debug_info    0x00000000      0xa02 ./Core/Src/adc.o
 .debug_info    0x00000a02      0x66c ./Core/Src/battery.o
 .debug_info    0x0000106e      0x2f9 ./Core/Src/beep.o
 .debug_info    0x00001367      0x999 ./Core/Src/bmi088.o
 .debug_info    0x00001d00      0x2c9 ./Core/Src/button.o
 .debug_info    0x00001fc9      0x55e ./Core/Src/delay.o
 .debug_info    0x00002527      0x4ad ./Core/Src/dma.o
 .debug_info    0x000029d4      0x716 ./Core/Src/dribble.o
 .debug_info    0x000030ea      0x69a ./Core/Src/gpio.o
 .debug_info    0x00003784      0x22c ./Core/Src/kick.o
 .debug_info    0x000039b0     0x11a0 ./Core/Src/main.o
 .debug_info    0x00004b50      0x1b5 ./Core/Src/pid.o
 .debug_info    0x00004d05      0x804 ./Core/Src/protocol.o
 .debug_info    0x00005509      0xc08 ./Core/Src/spi.o
 .debug_info    0x00006111      0x269 ./Core/Src/stm32f4xx_hal_msp.o
 .debug_info    0x0000637a      0x9c3 ./Core/Src/stm32f4xx_it.o
 .debug_info    0x00006d3d      0x512 ./Core/Src/system_stm32f4xx.o
 .debug_info    0x0000724f      0x234 ./Core/Src/task.o
 .debug_info    0x00007483     0x10f5 ./Core/Src/tim.o
 .debug_info    0x00008578      0xbca ./Core/Src/usart.o
 .debug_info    0x00009142      0x638 ./Core/Src/voltage.o
 .debug_info    0x0000977a      0xa75 ./Core/Src/wheel.o
 .debug_info    0x0000a1ef       0x30 ./Core/Startup/startup_stm32f407vetx.o
 .debug_info    0x0000a21f      0x944 ./Drivers/STM32F4xx_HAL_Driver/Src/stm32f4xx_hal.o
 .debug_info    0x0000ab63      0xce3 ./Drivers/STM32F4xx_HAL_Driver/Src/stm32f4xx_hal_adc.o
 .debug_info    0x0000b846      0xd8c ./Drivers/STM32F4xx_HAL_Driver/Src/stm32f4xx_hal_cortex.o
 .debug_info    0x0000c5d2      0x8e7 ./Drivers/STM32F4xx_HAL_Driver/Src/stm32f4xx_hal_dma.o
 .debug_info    0x0000ceb9      0x6c3 ./Drivers/STM32F4xx_HAL_Driver/Src/stm32f4xx_hal_gpio.o
 .debug_info    0x0000d57c      0x8c3 ./Drivers/STM32F4xx_HAL_Driver/Src/stm32f4xx_hal_rcc.o
 .debug_info    0x0000de3f     0x1525 ./Drivers/STM32F4xx_HAL_Driver/Src/stm32f4xx_hal_spi.o
 .debug_info    0x0000f364     0x299d ./Drivers/STM32F4xx_HAL_Driver/Src/stm32f4xx_hal_tim.o
 .debug_info    0x00011d01     0x14db ./Drivers/STM32F4xx_HAL_Driver/Src/stm32f4xx_hal_tim_ex.o
 .debug_info    0x000131dc     0x2f4f ./Drivers/STM32F4xx_HAL_Driver/Src/stm32f4xx_hal_uart.o

.debug_abbrev   0x00000000     0x4026
 .debug_abbrev  0x00000000      0x1f7 ./Core/Src/adc.o
 .debug_abbrev  0x000001f7      0x1df ./Core/Src/battery.o
 .debug_abbrev  0x000003d6      0x194 ./Core/Src/beep.o
 .debug_abbrev  0x0000056a      0x250 ./Core/Src/bmi088.o
 .debug_abbrev  0x000007ba      0x173 ./Core/Src/button.o
 .debug_abbrev  0x0000092d      0x2c0 ./Core/Src/delay.o
 .debug_abbrev  0x00000bed      0x10e ./Core/Src/dma.o
 .debug_abbrev  0x00000cfb      0x1cb ./Core/Src/dribble.o
 .debug_abbrev  0x00000ec6      0x174 ./Core/Src/gpio.o
 .debug_abbrev  0x0000103a      0x111 ./Core/Src/kick.o
 .debug_abbrev  0x0000114b      0x2ab ./Core/Src/main.o
 .debug_abbrev  0x000013f6      0x105 ./Core/Src/pid.o
 .debug_abbrev  0x000014fb      0x1fb ./Core/Src/protocol.o
 .debug_abbrev  0x000016f6      0x22f ./Core/Src/spi.o
 .debug_abbrev  0x00001925       0xd8 ./Core/Src/stm32f4xx_hal_msp.o
 .debug_abbrev  0x000019fd      0x1e3 ./Core/Src/stm32f4xx_it.o
 .debug_abbrev  0x00001be0      0x11a ./Core/Src/system_stm32f4xx.o
 .debug_abbrev  0x00001cfa      0x1bd ./Core/Src/task.o
 .debug_abbrev  0x00001eb7      0x25b ./Core/Src/tim.o
 .debug_abbrev  0x00002112      0x22c ./Core/Src/usart.o
 .debug_abbrev  0x0000233e      0x165 ./Core/Src/voltage.o
 .debug_abbrev  0x000024a3      0x26a ./Core/Src/wheel.o
 .debug_abbrev  0x0000270d       0x24 ./Core/Startup/startup_stm32f407vetx.o
 .debug_abbrev  0x00002731      0x214 ./Drivers/STM32F4xx_HAL_Driver/Src/stm32f4xx_hal.o
 .debug_abbrev  0x00002945      0x252 ./Drivers/STM32F4xx_HAL_Driver/Src/stm32f4xx_hal_adc.o
 .debug_abbrev  0x00002b97      0x31d ./Drivers/STM32F4xx_HAL_Driver/Src/stm32f4xx_hal_cortex.o
 .debug_abbrev  0x00002eb4      0x264 ./Drivers/STM32F4xx_HAL_Driver/Src/stm32f4xx_hal_dma.o
 .debug_abbrev  0x00003118      0x1d4 ./Drivers/STM32F4xx_HAL_Driver/Src/stm32f4xx_hal_gpio.o
 .debug_abbrev  0x000032ec      0x2b7 ./Drivers/STM32F4xx_HAL_Driver/Src/stm32f4xx_hal_rcc.o
 .debug_abbrev  0x000035a3      0x27a ./Drivers/STM32F4xx_HAL_Driver/Src/stm32f4xx_hal_spi.o
 .debug_abbrev  0x0000381d      0x278 ./Drivers/STM32F4xx_HAL_Driver/Src/stm32f4xx_hal_tim.o
 .debug_abbrev  0x00003a95      0x283 ./Drivers/STM32F4xx_HAL_Driver/Src/stm32f4xx_hal_tim_ex.o
 .debug_abbrev  0x00003d18      0x30e ./Drivers/STM32F4xx_HAL_Driver/Src/stm32f4xx_hal_uart.o

.debug_aranges  0x00000000     0x12d8
 .debug_aranges
                0x00000000       0x38 ./Core/Src/adc.o
 .debug_aranges
                0x00000038       0x28 ./Core/Src/battery.o
 .debug_aranges
                0x00000060       0x40 ./Core/Src/beep.o
 .debug_aranges
                0x000000a0       0x40 ./Core/Src/bmi088.o
 .debug_aranges
                0x000000e0       0x28 ./Core/Src/button.o
 .debug_aranges
                0x00000108       0x58 ./Core/Src/delay.o
 .debug_aranges
                0x00000160       0x20 ./Core/Src/dma.o
 .debug_aranges
                0x00000180       0x38 ./Core/Src/dribble.o
 .debug_aranges
                0x000001b8       0x20 ./Core/Src/gpio.o
 .debug_aranges
                0x000001d8       0x28 ./Core/Src/kick.o
 .debug_aranges
                0x00000200       0x48 ./Core/Src/main.o
 .debug_aranges
                0x00000248       0x38 ./Core/Src/pid.o
 .debug_aranges
                0x00000280       0x48 ./Core/Src/protocol.o
 .debug_aranges
                0x000002c8       0x30 ./Core/Src/spi.o
 .debug_aranges
                0x000002f8       0x20 ./Core/Src/stm32f4xx_hal_msp.o
 .debug_aranges
                0x00000318       0x98 ./Core/Src/stm32f4xx_it.o
 .debug_aranges
                0x000003b0       0x28 ./Core/Src/system_stm32f4xx.o
 .debug_aranges
                0x000003d8       0x30 ./Core/Src/task.o
 .debug_aranges
                0x00000408       0x78 ./Core/Src/tim.o
 .debug_aranges
                0x00000480       0x30 ./Core/Src/usart.o
 .debug_aranges
                0x000004b0       0x20 ./Core/Src/voltage.o
 .debug_aranges
                0x000004d0       0x58 ./Core/Src/wheel.o
 .debug_aranges
                0x00000528       0x28 ./Core/Startup/startup_stm32f407vetx.o
 .debug_aranges
                0x00000550       0xf0 ./Drivers/STM32F4xx_HAL_Driver/Src/stm32f4xx_hal.o
 .debug_aranges
                0x00000640       0xe8 ./Drivers/STM32F4xx_HAL_Driver/Src/stm32f4xx_hal_adc.o
 .debug_aranges
                0x00000728      0x130 ./Drivers/STM32F4xx_HAL_Driver/Src/stm32f4xx_hal_cortex.o
 .debug_aranges
                0x00000858       0x90 ./Drivers/STM32F4xx_HAL_Driver/Src/stm32f4xx_hal_dma.o
 .debug_aranges
                0x000008e8       0x58 ./Drivers/STM32F4xx_HAL_Driver/Src/stm32f4xx_hal_gpio.o
 .debug_aranges
                0x00000940       0x88 ./Drivers/STM32F4xx_HAL_Driver/Src/stm32f4xx_hal_rcc.o
 .debug_aranges
                0x000009c8      0x1d0 ./Drivers/STM32F4xx_HAL_Driver/Src/stm32f4xx_hal_spi.o
 .debug_aranges
                0x00000b98      0x3d0 ./Drivers/STM32F4xx_HAL_Driver/Src/stm32f4xx_hal_tim.o
 .debug_aranges
                0x00000f68      0x168 ./Drivers/STM32F4xx_HAL_Driver/Src/stm32f4xx_hal_tim_ex.o
 .debug_aranges
                0x000010d0      0x208 ./Drivers/STM32F4xx_HAL_Driver/Src/stm32f4xx_hal_uart.o

.debug_rnglists
                0x00000000      0xe67
 .debug_rnglists
                0x00000000       0x28 ./Core/Src/adc.o
 .debug_rnglists
                0x00000028       0x1a ./Core/Src/battery.o
 .debug_rnglists
                0x00000042       0x2b ./Core/Src/beep.o
 .debug_rnglists
                0x0000006d       0x2c ./Core/Src/bmi088.o
 .debug_rnglists
                0x00000099       0x19 ./Core/Src/button.o
 .debug_rnglists
                0x000000b2       0x3d ./Core/Src/delay.o
 .debug_rnglists
                0x000000ef       0x13 ./Core/Src/dma.o
 .debug_rnglists
                0x00000102       0x25 ./Core/Src/dribble.o
 .debug_rnglists
                0x00000127       0x14 ./Core/Src/gpio.o
 .debug_rnglists
                0x0000013b       0x19 ./Core/Src/kick.o
 .debug_rnglists
                0x00000154       0x33 ./Core/Src/main.o
 .debug_rnglists
                0x00000187       0x26 ./Core/Src/pid.o
 .debug_rnglists
                0x000001ad       0x32 ./Core/Src/protocol.o
 .debug_rnglists
                0x000001df       0x20 ./Core/Src/spi.o
 .debug_rnglists
                0x000001ff       0x13 ./Core/Src/stm32f4xx_hal_msp.o
 .debug_rnglists
                0x00000212       0x6d ./Core/Src/stm32f4xx_it.o
 .debug_rnglists
                0x0000027f       0x1a ./Core/Src/system_stm32f4xx.o
 .debug_rnglists
                0x00000299       0x1f ./Core/Src/task.o
 .debug_rnglists
                0x000002b8       0x60 ./Core/Src/tim.o
 .debug_rnglists
                0x00000318       0x20 ./Core/Src/usart.o
 .debug_rnglists
                0x00000338       0x13 ./Core/Src/voltage.o
 .debug_rnglists
                0x0000034b       0x40 ./Core/Src/wheel.o
 .debug_rnglists
                0x0000038b       0x19 ./Core/Startup/startup_stm32f407vetx.o
 .debug_rnglists
                0x000003a4       0xaf ./Drivers/STM32F4xx_HAL_Driver/Src/stm32f4xx_hal.o
 .debug_rnglists
                0x00000453       0xb5 ./Drivers/STM32F4xx_HAL_Driver/Src/stm32f4xx_hal_adc.o
 .debug_rnglists
                0x00000508       0xe0 ./Drivers/STM32F4xx_HAL_Driver/Src/stm32f4xx_hal_cortex.o
 .debug_rnglists
                0x000005e8       0x70 ./Drivers/STM32F4xx_HAL_Driver/Src/stm32f4xx_hal_dma.o
 .debug_rnglists
                0x00000658       0x3f ./Drivers/STM32F4xx_HAL_Driver/Src/stm32f4xx_hal_gpio.o
 .debug_rnglists
                0x00000697       0x66 ./Drivers/STM32F4xx_HAL_Driver/Src/stm32f4xx_hal_rcc.o
 .debug_rnglists
                0x000006fd      0x16f ./Drivers/STM32F4xx_HAL_Driver/Src/stm32f4xx_hal_spi.o
 .debug_rnglists
                0x0000086c      0x31a ./Drivers/STM32F4xx_HAL_Driver/Src/stm32f4xx_hal_tim.o
 .debug_rnglists
                0x00000b86      0x125 ./Drivers/STM32F4xx_HAL_Driver/Src/stm32f4xx_hal_tim_ex.o
 .debug_rnglists
                0x00000cab      0x1bc ./Drivers/STM32F4xx_HAL_Driver/Src/stm32f4xx_hal_uart.o

.debug_macro    0x00000000    0x24fae
 .debug_macro   0x00000000      0x214 ./Core/Src/adc.o
 .debug_macro   0x00000214      0xad8 ./Core/Src/adc.o
 .debug_macro   0x00000cec      0x2a7 ./Core/Src/adc.o
 .debug_macro   0x00000f93       0x2e ./Core/Src/adc.o
 .debug_macro   0x00000fc1       0x2f ./Core/Src/adc.o
 .debug_macro   0x00000ff0       0x22 ./Core/Src/adc.o
 .debug_macro   0x00001012       0x8e ./Core/Src/adc.o
 .debug_macro   0x000010a0       0x51 ./Core/Src/adc.o
 .debug_macro   0x000010f1      0x103 ./Core/Src/adc.o
 .debug_macro   0x000011f4       0x6a ./Core/Src/adc.o
 .debug_macro   0x0000125e      0x1df ./Core/Src/adc.o
 .debug_macro   0x0000143d       0x1c ./Core/Src/adc.o
 .debug_macro   0x00001459       0x22 ./Core/Src/adc.o
 .debug_macro   0x0000147b       0xfb ./Core/Src/adc.o
 .debug_macro   0x00001576     0x1011 ./Core/Src/adc.o
 .debug_macro   0x00002587      0x11f ./Core/Src/adc.o
 .debug_macro   0x000026a6    0x15ea5 ./Core/Src/adc.o
 .debug_macro   0x0001854b       0x6d ./Core/Src/adc.o
 .debug_macro   0x000185b8     0x3693 ./Core/Src/adc.o
 .debug_macro   0x0001bc4b      0x190 ./Core/Src/adc.o
 .debug_macro   0x0001bddb       0x5c ./Core/Src/adc.o
 .debug_macro   0x0001be37      0x980 ./Core/Src/adc.o
 .debug_macro   0x0001c7b7      0x9e9 ./Core/Src/adc.o
 .debug_macro   0x0001d1a0      0x115 ./Core/Src/adc.o
 .debug_macro   0x0001d2b5      0x13e ./Core/Src/adc.o
 .debug_macro   0x0001d3f3       0xa5 ./Core/Src/adc.o
 .debug_macro   0x0001d498      0x174 ./Core/Src/adc.o
 .debug_macro   0x0001d60c      0x287 ./Core/Src/adc.o
 .debug_macro   0x0001d893       0x5f ./Core/Src/adc.o
 .debug_macro   0x0001d8f2      0x236 ./Core/Src/adc.o
 .debug_macro   0x0001db28      0xb5b ./Core/Src/adc.o
 .debug_macro   0x0001e683      0x38b ./Core/Src/adc.o
 .debug_macro   0x0001ea0e      0x176 ./Core/Src/adc.o
 .debug_macro   0x0001eb84       0xf9 ./Core/Src/adc.o
 .debug_macro   0x0001ec7d      0x12c ./Core/Src/adc.o
 .debug_macro   0x0001eda9      0x21e ./Core/Src/adc.o
 .debug_macro   0x0001efc7       0x2e ./Core/Src/adc.o
 .debug_macro   0x0001eff5      0x127 ./Core/Src/adc.o
 .debug_macro   0x0001f11c       0x7e ./Core/Src/adc.o
 .debug_macro   0x0001f19a       0x89 ./Core/Src/adc.o
 .debug_macro   0x0001f223      0x225 ./Core/Src/adc.o
 .debug_macro   0x0001f448      0x8ed ./Core/Src/adc.o
 .debug_macro   0x0001fd35       0x4d ./Core/Src/adc.o
 .debug_macro   0x0001fd82      0x2aa ./Core/Src/adc.o
 .debug_macro   0x0002002c      0x12d ./Core/Src/adc.o
 .debug_macro   0x00020159      0x24e ./Core/Src/battery.o
 .debug_macro   0x000203a7       0x22 ./Core/Src/battery.o
 .debug_macro   0x000203c9       0x10 ./Core/Src/battery.o
 .debug_macro   0x000203d9      0x234 ./Core/Src/beep.o
 .debug_macro   0x0002060d      0x2f5 ./Core/Src/bmi088.o
 .debug_macro   0x00020902       0x5b ./Core/Src/bmi088.o
 .debug_macro   0x0002095d       0x2a ./Core/Src/bmi088.o
 .debug_macro   0x00020987       0x94 ./Core/Src/bmi088.o
 .debug_macro   0x00020a1b       0x43 ./Core/Src/bmi088.o
 .debug_macro   0x00020a5e       0x34 ./Core/Src/bmi088.o
 .debug_macro   0x00020a92       0x57 ./Core/Src/bmi088.o
 .debug_macro   0x00020ae9      0x370 ./Core/Src/bmi088.o
 .debug_macro   0x00020e59       0x16 ./Core/Src/bmi088.o
 .debug_macro   0x00020e6f       0x4a ./Core/Src/bmi088.o
 .debug_macro   0x00020eb9       0x34 ./Core/Src/bmi088.o
 .debug_macro   0x00020eed       0x10 ./Core/Src/bmi088.o
 .debug_macro   0x00020efd       0x58 ./Core/Src/bmi088.o
 .debug_macro   0x00020f55       0x8e ./Core/Src/bmi088.o
 .debug_macro   0x00020fe3       0x1c ./Core/Src/bmi088.o
 .debug_macro   0x00020fff      0x185 ./Core/Src/bmi088.o
 .debug_macro   0x00021184       0x10 ./Core/Src/bmi088.o
 .debug_macro   0x00021194       0x3c ./Core/Src/bmi088.o
 .debug_macro   0x000211d0       0x20 ./Core/Src/bmi088.o
 .debug_macro   0x000211f0       0x56 ./Core/Src/bmi088.o
 .debug_macro   0x00021246      0x23b ./Core/Src/button.o
 .debug_macro   0x00021481      0x30f ./Core/Src/delay.o
 .debug_macro   0x00021790       0x16 ./Core/Src/delay.o
 .debug_macro   0x000217a6      0x11c ./Core/Src/delay.o
 .debug_macro   0x000218c2       0x9b ./Core/Src/delay.o
 .debug_macro   0x0002195d       0x16 ./Core/Src/delay.o
 .debug_macro   0x00021973       0x29 ./Core/Src/delay.o
 .debug_macro   0x0002199c      0x214 ./Core/Src/dma.o
 .debug_macro   0x00021bb0      0x214 ./Core/Src/dribble.o
 .debug_macro   0x00021dc4      0x214 ./Core/Src/gpio.o
 .debug_macro   0x00021fd8      0x235 ./Core/Src/kick.o
 .debug_macro   0x0002220d      0x2cd ./Core/Src/main.o
 .debug_macro   0x000224da       0x10 ./Core/Src/main.o
 .debug_macro   0x000224ea       0x1b ./Core/Src/pid.o
 .debug_macro   0x00022505      0x30e ./Core/Src/protocol.o
 .debug_macro   0x00022813      0x214 ./Core/Src/spi.o
 .debug_macro   0x00022a27      0x20a ./Core/Src/stm32f4xx_hal_msp.o
 .debug_macro   0x00022c31      0x25c ./Core/Src/stm32f4xx_it.o
 .debug_macro   0x00022e8d      0x200 ./Core/Src/system_stm32f4xx.o
 .debug_macro   0x0002308d      0x219 ./Core/Src/task.o
 .debug_macro   0x000232a6      0x214 ./Core/Src/tim.o
 .debug_macro   0x000234ba      0x214 ./Core/Src/usart.o
 .debug_macro   0x000236ce      0x220 ./Core/Src/voltage.o
 .debug_macro   0x000238ee      0x21e ./Core/Src/wheel.o
 .debug_macro   0x00023b0c      0x260 ./Drivers/STM32F4xx_HAL_Driver/Src/stm32f4xx_hal.o
 .debug_macro   0x00023d6c      0x201 ./Drivers/STM32F4xx_HAL_Driver/Src/stm32f4xx_hal_adc.o
 .debug_macro   0x00023f6d      0x200 ./Drivers/STM32F4xx_HAL_Driver/Src/stm32f4xx_hal_cortex.o
 .debug_macro   0x0002416d      0x206 ./Drivers/STM32F4xx_HAL_Driver/Src/stm32f4xx_hal_dma.o
 .debug_macro   0x00024373      0x206 ./Drivers/STM32F4xx_HAL_Driver/Src/stm32f4xx_hal_gpio.o
 .debug_macro   0x00024579      0x224 ./Drivers/STM32F4xx_HAL_Driver/Src/stm32f4xx_hal_rcc.o
 .debug_macro   0x0002479d      0x20f ./Drivers/STM32F4xx_HAL_Driver/Src/stm32f4xx_hal_spi.o
 .debug_macro   0x000249ac      0x201 ./Drivers/STM32F4xx_HAL_Driver/Src/stm32f4xx_hal_tim.o
 .debug_macro   0x00024bad      0x200 ./Drivers/STM32F4xx_HAL_Driver/Src/stm32f4xx_hal_tim_ex.o
 .debug_macro   0x00024dad      0x201 ./Drivers/STM32F4xx_HAL_Driver/Src/stm32f4xx_hal_uart.o

.debug_line     0x00000000    0x1a791
 .debug_line    0x00000000      0x8bb ./Core/Src/adc.o
 .debug_line    0x000008bb      0x85b ./Core/Src/battery.o
 .debug_line    0x00001116      0x860 ./Core/Src/beep.o
 .debug_line    0x00001976      0xab4 ./Core/Src/bmi088.o
 .debug_line    0x0000242a      0x805 ./Core/Src/button.o
 .debug_line    0x00002c2f      0xaf0 ./Core/Src/delay.o
 .debug_line    0x0000371f      0x7a8 ./Core/Src/dma.o
 .debug_line    0x00003ec7      0x7ec ./Core/Src/dribble.o
 .debug_line    0x000046b3      0x7ee ./Core/Src/gpio.o
 .debug_line    0x00004ea1      0x7e9 ./Core/Src/kick.o
 .debug_line    0x0000568a      0x9fa ./Core/Src/main.o
 .debug_line    0x00006084      0x193 ./Core/Src/pid.o
 .debug_line    0x00006217      0xa34 ./Core/Src/protocol.o
 .debug_line    0x00006c4b      0x878 ./Core/Src/spi.o
 .debug_line    0x000074c3      0x7a8 ./Core/Src/stm32f4xx_hal_msp.o
 .debug_line    0x00007c6b      0x961 ./Core/Src/stm32f4xx_it.o
 .debug_line    0x000085cc      0x81e ./Core/Src/system_stm32f4xx.o
 .debug_line    0x00008dea      0x82d ./Core/Src/task.o
 .debug_line    0x00009617      0xce5 ./Core/Src/tim.o
 .debug_line    0x0000a2fc      0x844 ./Core/Src/usart.o
 .debug_line    0x0000ab40      0x7da ./Core/Src/voltage.o
 .debug_line    0x0000b31a      0x987 ./Core/Src/wheel.o
 .debug_line    0x0000bca1       0x7a ./Core/Startup/startup_stm32f407vetx.o
 .debug_line    0x0000bd1b      0xa9a ./Drivers/STM32F4xx_HAL_Driver/Src/stm32f4xx_hal.o
 .debug_line    0x0000c7b5     0x12b1 ./Drivers/STM32F4xx_HAL_Driver/Src/stm32f4xx_hal_adc.o
 .debug_line    0x0000da66      0xd6a ./Drivers/STM32F4xx_HAL_Driver/Src/stm32f4xx_hal_cortex.o
 .debug_line    0x0000e7d0     0x1006 ./Drivers/STM32F4xx_HAL_Driver/Src/stm32f4xx_hal_dma.o
 .debug_line    0x0000f7d6      0xbf2 ./Drivers/STM32F4xx_HAL_Driver/Src/stm32f4xx_hal_gpio.o
 .debug_line    0x000103c8      0xea9 ./Drivers/STM32F4xx_HAL_Driver/Src/stm32f4xx_hal_rcc.o
 .debug_line    0x00011271     0x1d35 ./Drivers/STM32F4xx_HAL_Driver/Src/stm32f4xx_hal_spi.o
 .debug_line    0x00012fa6     0x380f ./Drivers/STM32F4xx_HAL_Driver/Src/stm32f4xx_hal_tim.o
 .debug_line    0x000167b5     0x19fa ./Drivers/STM32F4xx_HAL_Driver/Src/stm32f4xx_hal_tim_ex.o
 .debug_line    0x000181af     0x25e2 ./Drivers/STM32F4xx_HAL_Driver/Src/stm32f4xx_hal_uart.o

.debug_str      0x00000000    0xd9eab
 .debug_str     0x00000000    0xd9eab ./Core/Src/adc.o
                              0xd1f15 (size before relaxing)
 .debug_str     0x000d9eab        0x0 ./Core/Src/battery.o
                              0xd1e39 (size before relaxing)
 .debug_str     0x000d9eab        0x0 ./Core/Src/beep.o
                              0xd1b95 (size before relaxing)
 .debug_str     0x000d9eab        0x0 ./Core/Src/bmi088.o
                              0xd520c (size before relaxing)
 .debug_str     0x000d9eab        0x0 ./Core/Src/button.o
                              0xd1bb0 (size before relaxing)
 .debug_str     0x000d9eab        0x0 ./Core/Src/delay.o
                              0xd4e5b (size before relaxing)
 .debug_str     0x000d9eab        0x0 ./Core/Src/dma.o
                              0xd1ee2 (size before relaxing)
 .debug_str     0x000d9eab        0x0 ./Core/Src/dribble.o
                              0xd1e9a (size before relaxing)
 .debug_str     0x000d9eab        0x0 ./Core/Src/gpio.o
                              0xd1fb0 (size before relaxing)
 .debug_str     0x000d9eab        0x0 ./Core/Src/kick.o
                              0xd1ada (size before relaxing)
 .debug_str     0x000d9eab        0x0 ./Core/Src/main.o
                              0xd28d2 (size before relaxing)
 .debug_str     0x000d9eab        0x0 ./Core/Src/pid.o
                               0x2f5b (size before relaxing)
 .debug_str     0x000d9eab        0x0 ./Core/Src/protocol.o
                              0xd51d5 (size before relaxing)
 .debug_str     0x000d9eab        0x0 ./Core/Src/spi.o
                              0xd2486 (size before relaxing)
 .debug_str     0x000d9eab        0x0 ./Core/Src/stm32f4xx_hal_msp.o
                              0xd19c5 (size before relaxing)
 .debug_str     0x000d9eab        0x0 ./Core/Src/stm32f4xx_it.o
                              0xd21c9 (size before relaxing)
 .debug_str     0x000d9eab        0x0 ./Core/Src/system_stm32f4xx.o
                              0xd1a75 (size before relaxing)
 .debug_str     0x000d9eab        0x0 ./Core/Src/task.o
                              0xd19b2 (size before relaxing)
 .debug_str     0x000d9eab        0x0 ./Core/Src/tim.o
                              0xd23d2 (size before relaxing)
 .debug_str     0x000d9eab        0x0 ./Core/Src/usart.o
                              0xd24a5 (size before relaxing)
 .debug_str     0x000d9eab        0x0 ./Core/Src/voltage.o
                              0xd1d58 (size before relaxing)
 .debug_str     0x000d9eab        0x0 ./Core/Src/wheel.o
                              0xd2095 (size before relaxing)
 .debug_str     0x000d9eab        0x0 ./Core/Startup/startup_stm32f407vetx.o
                                 0x8f (size before relaxing)
 .debug_str     0x000d9eab        0x0 ./Drivers/STM32F4xx_HAL_Driver/Src/stm32f4xx_hal.o
                              0xd25f9 (size before relaxing)
 .debug_str     0x000d9eab        0x0 ./Drivers/STM32F4xx_HAL_Driver/Src/stm32f4xx_hal_adc.o
                              0xd2062 (size before relaxing)
 .debug_str     0x000d9eab        0x0 ./Drivers/STM32F4xx_HAL_Driver/Src/stm32f4xx_hal_cortex.o
                              0xd2375 (size before relaxing)
 .debug_str     0x000d9eab        0x0 ./Drivers/STM32F4xx_HAL_Driver/Src/stm32f4xx_hal_dma.o
                              0xd1e8f (size before relaxing)
 .debug_str     0x000d9eab        0x0 ./Drivers/STM32F4xx_HAL_Driver/Src/stm32f4xx_hal_gpio.o
                              0xd1bf0 (size before relaxing)
 .debug_str     0x000d9eab        0x0 ./Drivers/STM32F4xx_HAL_Driver/Src/stm32f4xx_hal_rcc.o
                              0xd1ea9 (size before relaxing)
 .debug_str     0x000d9eab        0x0 ./Drivers/STM32F4xx_HAL_Driver/Src/stm32f4xx_hal_spi.o
                              0xd2333 (size before relaxing)
 .debug_str     0x000d9eab        0x0 ./Drivers/STM32F4xx_HAL_Driver/Src/stm32f4xx_hal_tim.o
                              0xd2dff (size before relaxing)
 .debug_str     0x000d9eab        0x0 ./Drivers/STM32F4xx_HAL_Driver/Src/stm32f4xx_hal_tim_ex.o
                              0xd260b (size before relaxing)
 .debug_str     0x000d9eab        0x0 ./Drivers/STM32F4xx_HAL_Driver/Src/stm32f4xx_hal_uart.o
                              0xd248a (size before relaxing)

.comment        0x00000000       0x43
 .comment       0x00000000       0x43 ./Core/Src/adc.o
                                 0x44 (size before relaxing)
 .comment       0x00000043        0x0 ./Core/Src/battery.o
                                 0x44 (size before relaxing)
 .comment       0x00000043        0x0 ./Core/Src/beep.o
                                 0x44 (size before relaxing)
 .comment       0x00000043        0x0 ./Core/Src/bmi088.o
                                 0x44 (size before relaxing)
 .comment       0x00000043        0x0 ./Core/Src/button.o
                                 0x44 (size before relaxing)
 .comment       0x00000043        0x0 ./Core/Src/delay.o
                                 0x44 (size before relaxing)
 .comment       0x00000043        0x0 ./Core/Src/dma.o
                                 0x44 (size before relaxing)
 .comment       0x00000043        0x0 ./Core/Src/dribble.o
                                 0x44 (size before relaxing)
 .comment       0x00000043        0x0 ./Core/Src/gpio.o
                                 0x44 (size before relaxing)
 .comment       0x00000043        0x0 ./Core/Src/kick.o
                                 0x44 (size before relaxing)
 .comment       0x00000043        0x0 ./Core/Src/main.o
                                 0x44 (size before relaxing)
 .comment       0x00000043        0x0 ./Core/Src/pid.o
                                 0x44 (size before relaxing)
 .comment       0x00000043        0x0 ./Core/Src/protocol.o
                                 0x44 (size before relaxing)
 .comment       0x00000043        0x0 ./Core/Src/spi.o
                                 0x44 (size before relaxing)
 .comment       0x00000043        0x0 ./Core/Src/stm32f4xx_hal_msp.o
                                 0x44 (size before relaxing)
 .comment       0x00000043        0x0 ./Core/Src/stm32f4xx_it.o
                                 0x44 (size before relaxing)
 .comment       0x00000043        0x0 ./Core/Src/system_stm32f4xx.o
                                 0x44 (size before relaxing)
 .comment       0x00000043        0x0 ./Core/Src/task.o
                                 0x44 (size before relaxing)
 .comment       0x00000043        0x0 ./Core/Src/tim.o
                                 0x44 (size before relaxing)
 .comment       0x00000043        0x0 ./Core/Src/usart.o
                                 0x44 (size before relaxing)
 .comment       0x00000043        0x0 ./Core/Src/voltage.o
                                 0x44 (size before relaxing)
 .comment       0x00000043        0x0 ./Core/Src/wheel.o
                                 0x44 (size before relaxing)
 .comment       0x00000043        0x0 ./Drivers/STM32F4xx_HAL_Driver/Src/stm32f4xx_hal.o
                                 0x44 (size before relaxing)
 .comment       0x00000043        0x0 ./Drivers/STM32F4xx_HAL_Driver/Src/stm32f4xx_hal_adc.o
                                 0x44 (size before relaxing)
 .comment       0x00000043        0x0 ./Drivers/STM32F4xx_HAL_Driver/Src/stm32f4xx_hal_cortex.o
                                 0x44 (size before relaxing)
 .comment       0x00000043        0x0 ./Drivers/STM32F4xx_HAL_Driver/Src/stm32f4xx_hal_dma.o
                                 0x44 (size before relaxing)
 .comment       0x00000043        0x0 ./Drivers/STM32F4xx_HAL_Driver/Src/stm32f4xx_hal_gpio.o
                                 0x44 (size before relaxing)
 .comment       0x00000043        0x0 ./Drivers/STM32F4xx_HAL_Driver/Src/stm32f4xx_hal_rcc.o
                                 0x44 (size before relaxing)
 .comment       0x00000043        0x0 ./Drivers/STM32F4xx_HAL_Driver/Src/stm32f4xx_hal_spi.o
                                 0x44 (size before relaxing)
 .comment       0x00000043        0x0 ./Drivers/STM32F4xx_HAL_Driver/Src/stm32f4xx_hal_tim.o
                                 0x44 (size before relaxing)
 .comment       0x00000043        0x0 ./Drivers/STM32F4xx_HAL_Driver/Src/stm32f4xx_hal_tim_ex.o
                                 0x44 (size before relaxing)
 .comment       0x00000043        0x0 ./Drivers/STM32F4xx_HAL_Driver/Src/stm32f4xx_hal_uart.o
                                 0x44 (size before relaxing)

.debug_frame    0x00000000     0x4b40
 .debug_frame   0x00000000       0xa0 ./Core/Src/adc.o
 .debug_frame   0x000000a0       0x5c ./Core/Src/battery.o
 .debug_frame   0x000000fc       0xb0 ./Core/Src/beep.o
 .debug_frame   0x000001ac       0xc0 ./Core/Src/bmi088.o
 .debug_frame   0x0000026c       0x5c ./Core/Src/button.o
 .debug_frame   0x000002c8      0x12c ./Core/Src/delay.o
 .debug_frame   0x000003f4       0x34 ./Core/Src/dma.o
 .debug_frame   0x00000428       0x8c ./Core/Src/dribble.o
 .debug_frame   0x000004b4       0x34 ./Core/Src/gpio.o
 .debug_frame   0x000004e8       0x48 ./Core/Src/kick.o
 .debug_frame   0x00000530       0xd8 ./Core/Src/main.o
 .debug_frame   0x00000608       0xb0 ./Core/Src/pid.o
 .debug_frame   0x000006b8       0xe4 ./Core/Src/protocol.o
 .debug_frame   0x0000079c       0x74 ./Core/Src/spi.o
 .debug_frame   0x00000810       0x38 ./Core/Src/stm32f4xx_hal_msp.o
 .debug_frame   0x00000848      0x1c8 ./Core/Src/stm32f4xx_it.o
 .debug_frame   0x00000a10       0x58 ./Core/Src/system_stm32f4xx.o
 .debug_frame   0x00000a68       0x80 ./Core/Src/task.o
 .debug_frame   0x00000ae8      0x1c8 ./Core/Src/tim.o
 .debug_frame   0x00000cb0       0x74 ./Core/Src/usart.o
 .debug_frame   0x00000d24       0x34 ./Core/Src/voltage.o
 .debug_frame   0x00000d58      0x120 ./Core/Src/wheel.o
 .debug_frame   0x00000e78      0x374 ./Drivers/STM32F4xx_HAL_Driver/Src/stm32f4xx_hal.o
 .debug_frame   0x000011ec      0x3fc ./Drivers/STM32F4xx_HAL_Driver/Src/stm32f4xx_hal_adc.o
 .debug_frame   0x000015e8      0x508 ./Drivers/STM32F4xx_HAL_Driver/Src/stm32f4xx_hal_cortex.o
 .debug_frame   0x00001af0      0x250 ./Drivers/STM32F4xx_HAL_Driver/Src/stm32f4xx_hal_dma.o
 .debug_frame   0x00001d40      0x14c ./Drivers/STM32F4xx_HAL_Driver/Src/stm32f4xx_hal_gpio.o
 .debug_frame   0x00001e8c      0x1f4 ./Drivers/STM32F4xx_HAL_Driver/Src/stm32f4xx_hal_rcc.o
 .debug_frame   0x00002080      0x828 ./Drivers/STM32F4xx_HAL_Driver/Src/stm32f4xx_hal_spi.o
 .debug_frame   0x000028a8     0x11c0 ./Drivers/STM32F4xx_HAL_Driver/Src/stm32f4xx_hal_tim.o
 .debug_frame   0x00003a68      0x638 ./Drivers/STM32F4xx_HAL_Driver/Src/stm32f4xx_hal_tim_ex.o
 .debug_frame   0x000040a0      0x954 ./Drivers/STM32F4xx_HAL_Driver/Src/stm32f4xx_hal_uart.o
 .debug_frame   0x000049f4       0x78 C:/ST/STM32CubeIDE_2.0.0/STM32CubeIDE/plugins/com.st.stm32cube.ide.mcu.externaltools.gnu-tools-for-stm32.13.3.rel1.win32_1.0.100.202509120712/tools/bin/../lib/gcc/arm-none-eabi/13.3.1/../../../../arm-none-eabi/lib/thumb/v7e-m+fp/hard\libc_nano.a(libc_a-qsort.o)