../Core/Src/main.c:153:6:SystemClock_Config	96	static,ignoring_inline_asm
../Core/Src/main.c:78:5:main	8	static
../Core/Src/main.c:196:6:add_task	0	static,ignoring_inline_asm
../Core/Src/main.c:207:6:HAL_TIM_PeriodElapsedCallback	0	static,ignoring_inline_asm
../Core/Src/main.c:218:6:HAL_GPIO_EXTI_Callback	0	static
../Core/Src/main.c:231:6:HAL_SPI_TxRxCpltCallback	8	static,ignoring_inline_asm
../Core/Src/main.c:244:6:HAL_UARTEx_RxEventCallback	0	static,ignoring_inline_asm
../Core/Src/main.c:261:6:Error_Handler	0	static,ignoring_inline_asm
