../Core/Src/main.c:151:6:SystemClock_Config	96	static,ignoring_inline_asm
../Core/Src/main.c:76:5:main	8	static
../Core/Src/main.c:194:6:add_task	0	static,ignoring_inline_asm
../Core/Src/main.c:203:6:HAL_TIM_PeriodElapsedCallback	0	static,ignoring_inline_asm
../Core/Src/main.c:214:6:HAL_GPIO_EXTI_Callback	0	static
../Core/Src/main.c:227:6:HAL_SPI_TxRxCpltCallback	8	static,ignoring_inline_asm
../Core/Src/main.c:240:6:HAL_UARTEx_RxEventCallback	0	static,ignoring_inline_asm
../Core/Src/main.c:257:6:Error_Handler	0	static,ignoring_inline_asm
