../Core/Src/stm32f4xx_it.c:76:6:NMI_Handler	0	static
../Core/Src/stm32f4xx_it.c:91:6:HardFault_Handler	0	static
../Core/Src/stm32f4xx_it.c:106:6:MemManage_Handler	0	static
../Core/Src/stm32f4xx_it.c:121:6:BusFault_Handler	0	static
../Core/Src/stm32f4xx_it.c:136:6:UsageFault_Handler	0	static
../Core/Src/stm32f4xx_it.c:151:6:SVC_Handler	0	static
../Core/Src/stm32f4xx_it.c:164:6:DebugMon_Handler	0	static
../Core/Src/stm32f4xx_it.c:177:6:PendSV_Handler	0	static
../Core/Src/stm32f4xx_it.c:190:6:SysTick_Handler	8	static
../Core/Src/stm32f4xx_it.c:220:6:DMA1_Stream2_IRQHandler	0	static
../Core/Src/stm32f4xx_it.c:234:6:DMA1_Stream3_IRQHandler	0	static
../Core/Src/stm32f4xx_it.c:248:6:DMA1_Stream4_IRQHandler	0	static
../Core/Src/stm32f4xx_it.c:262:6:EXTI9_5_IRQHandler	0	static
../Core/Src/stm32f4xx_it.c:276:6:SPI2_IRQHandler	0	static
../Core/Src/stm32f4xx_it.c:290:6:UART4_IRQHandler	0	static
../Core/Src/stm32f4xx_it.c:304:6:TIM6_DAC_IRQHandler	0	static
