../Core/Src/tim.c:37:6:MX_TIM1_Init	56	static
../Core/Src/tim.c:82:6:MX_TIM2_Init	56	static
../Core/Src/tim.c:126:6:MX_TIM3_Init	56	static
../Core/Src/tim.c:236:6:MX_TIM5_Init	56	static
../Core/Src/tim.c:280:6:MX_TIM6_Init	16	static
../Core/Src/tim.c:446:6:HAL_TIM_Encoder_MspInit	80	static
../Core/Src/tim.c:556:6:HAL_TIM_Base_MspInit	24	static
../Core/Src/tim.c:608:6:HAL_TIM_MspPostInit	48	static
../Core/Src/tim.c:170:6:MX_TIM4_Init	64	static
../Core/Src/tim.c:313:6:MX_TIM8_Init	96	static
../Core/Src/tim.c:395:6:MX_TIM9_Init	56	static
../Core/Src/tim.c:684:6:HAL_TIM_Encoder_MspDeInit	8	static
../Core/Src/tim.c:763:6:HAL_TIM_Base_MspDeInit	0	static
