Archive member included to satisfy reference by file (symbol)

C:/ST/STM32CubeIDE_2.0.0/STM32CubeIDE/plugins/com.st.stm32cube.ide.mcu.externaltools.gnu-tools-for-stm32.13.3.rel1.win32_1.0.100.202509120712/tools/bin/../lib/gcc/arm-none-eabi/13.3.1/../../../../arm-none-eabi/lib/thumb/v7e-m+fp/hard\libc_nano.a(libc_a-exit.o)
                              C:/ST/STM32CubeIDE_2.0.0/STM32CubeIDE/plugins/com.st.stm32cube.ide.mcu.externaltools.gnu-tools-for-stm32.13.3.rel1.win32_1.0.100.202509120712/tools/bin/../lib/gcc/arm-none-eabi/13.3.1/../../../../arm-none-eabi/lib/thumb/v7e-m+fp/hard/crt0.o (exit)
C:/ST/STM32CubeIDE_2.0.0/STM32CubeIDE/plugins/com.st.stm32cube.ide.mcu.externaltools.gnu-tools-for-stm32.13.3.rel1.win32_1.0.100.202509120712/tools/bin/../lib/gcc/arm-none-eabi/13.3.1/../../../../arm-none-eabi/lib/thumb/v7e-m+fp/hard\libc_nano.a(libc_a-qsort.o)
                              ./Core/Src/delay.o (qsort)
C:/ST/STM32CubeIDE_2.0.0/STM32CubeIDE/plugins/com.st.stm32cube.ide.mcu.externaltools.gnu-tools-for-stm32.13.3.rel1.win32_1.0.100.202509120712/tools/bin/../lib/gcc/arm-none-eabi/13.3.1/../../../../arm-none-eabi/lib/thumb/v7e-m+fp/hard\libc_nano.a(libc_a-findfp.o)
                              C:/ST/STM32CubeIDE_2.0.0/STM32CubeIDE/plugins/com.st.stm32cube.ide.mcu.externaltools.gnu-tools-for-stm32.13.3.rel1.win32_1.0.100.202509120712/tools/bin/../lib/gcc/arm-none-eabi/13.3.1/../../../../arm-none-eabi/lib/thumb/v7e-m+fp/hard\libc_nano.a(libc_a-exit.o) (__stdio_exit_handler)
C:/ST/STM32CubeIDE_2.0.0/STM32CubeIDE/plugins/com.st.stm32cube.ide.mcu.externaltools.gnu-tools-for-stm32.13.3.rel1.win32_1.0.100.202509120712/tools/bin/../lib/gcc/arm-none-eabi/13.3.1/../../../../arm-none-eabi/lib/thumb/v7e-m+fp/hard\libc_nano.a(libc_a-fwalk.o)
                              C:/ST/STM32CubeIDE_2.0.0/STM32CubeIDE/plugins/com.st.stm32cube.ide.mcu.externaltools.gnu-tools-for-stm32.13.3.rel1.win32_1.0.100.202509120712/tools/bin/../lib/gcc/arm-none-eabi/13.3.1/../../../../arm-none-eabi/lib/thumb/v7e-m+fp/hard\libc_nano.a(libc_a-findfp.o) (_fwalk_sglue)
C:/ST/STM32CubeIDE_2.0.0/STM32CubeIDE/plugins/com.st.stm32cube.ide.mcu.externaltools.gnu-tools-for-stm32.13.3.rel1.win32_1.0.100.202509120712/tools/bin/../lib/gcc/arm-none-eabi/13.3.1/../../../../arm-none-eabi/lib/thumb/v7e-m+fp/hard\libc_nano.a(libc_a-stdio.o)
                              C:/ST/STM32CubeIDE_2.0.0/STM32CubeIDE/plugins/com.st.stm32cube.ide.mcu.externaltools.gnu-tools-for-stm32.13.3.rel1.win32_1.0.100.202509120712/tools/bin/../lib/gcc/arm-none-eabi/13.3.1/../../../../arm-none-eabi/lib/thumb/v7e-m+fp/hard\libc_nano.a(libc_a-findfp.o) (__sread)
C:/ST/STM32CubeIDE_2.0.0/STM32CubeIDE/plugins/com.st.stm32cube.ide.mcu.externaltools.gnu-tools-for-stm32.13.3.rel1.win32_1.0.100.202509120712/tools/bin/../lib/gcc/arm-none-eabi/13.3.1/../../../../arm-none-eabi/lib/thumb/v7e-m+fp/hard\libc_nano.a(libc_a-vsnprintf.o)
                              ./Core/Src/debug.o (vsnprintf)
C:/ST/STM32CubeIDE_2.0.0/STM32CubeIDE/plugins/com.st.stm32cube.ide.mcu.externaltools.gnu-tools-for-stm32.13.3.rel1.win32_1.0.100.202509120712/tools/bin/../lib/gcc/arm-none-eabi/13.3.1/../../../../arm-none-eabi/lib/thumb/v7e-m+fp/hard\libc_nano.a(libc_a-memset.o)
                              C:/ST/STM32CubeIDE_2.0.0/STM32CubeIDE/plugins/com.st.stm32cube.ide.mcu.externaltools.gnu-tools-for-stm32.13.3.rel1.win32_1.0.100.202509120712/tools/bin/../lib/gcc/arm-none-eabi/13.3.1/../../../../arm-none-eabi/lib/thumb/v7e-m+fp/hard/crt0.o (memset)
C:/ST/STM32CubeIDE_2.0.0/STM32CubeIDE/plugins/com.st.stm32cube.ide.mcu.externaltools.gnu-tools-for-stm32.13.3.rel1.win32_1.0.100.202509120712/tools/bin/../lib/gcc/arm-none-eabi/13.3.1/../../../../arm-none-eabi/lib/thumb/v7e-m+fp/hard\libc_nano.a(libc_a-closer.o)
                              C:/ST/STM32CubeIDE_2.0.0/STM32CubeIDE/plugins/com.st.stm32cube.ide.mcu.externaltools.gnu-tools-for-stm32.13.3.rel1.win32_1.0.100.202509120712/tools/bin/../lib/gcc/arm-none-eabi/13.3.1/../../../../arm-none-eabi/lib/thumb/v7e-m+fp/hard\libc_nano.a(libc_a-stdio.o) (_close_r)
C:/ST/STM32CubeIDE_2.0.0/STM32CubeIDE/plugins/com.st.stm32cube.ide.mcu.externaltools.gnu-tools-for-stm32.13.3.rel1.win32_1.0.100.202509120712/tools/bin/../lib/gcc/arm-none-eabi/13.3.1/../../../../arm-none-eabi/lib/thumb/v7e-m+fp/hard\libc_nano.a(libc_a-reent.o)
                              C:/ST/STM32CubeIDE_2.0.0/STM32CubeIDE/plugins/com.st.stm32cube.ide.mcu.externaltools.gnu-tools-for-stm32.13.3.rel1.win32_1.0.100.202509120712/tools/bin/../lib/gcc/arm-none-eabi/13.3.1/../../../../arm-none-eabi/lib/thumb/v7e-m+fp/hard\libc_nano.a(libc_a-closer.o) (errno)
C:/ST/STM32CubeIDE_2.0.0/STM32CubeIDE/plugins/com.st.stm32cube.ide.mcu.externaltools.gnu-tools-for-stm32.13.3.rel1.win32_1.0.100.202509120712/tools/bin/../lib/gcc/arm-none-eabi/13.3.1/../../../../arm-none-eabi/lib/thumb/v7e-m+fp/hard\libc_nano.a(libc_a-impure.o)
[...]
Memory Configuration

Name             Origin             Length             Attributes
CCMRAM           0x10000000         0x00010000         xrw
RAM              0x20000000         0x00020000         xrw
FLASH            0x08000000         0x00080000         xr
*default*        0x00000000         0xffffffff

Linker script and memory map

LOAD C:/ST/STM32CubeIDE_2.0.0/STM32CubeIDE/plugins/com.st.stm32cube.ide.mcu.externaltools.gnu-tools-for-stm32.13.3.rel1.win32_1.0.100.202509120712/tools/bin/../lib/gcc/arm-none-eabi/13.3.1/thumb/v7e-m+fp/hard/crti.o
LOAD C:/ST/STM32CubeIDE_2.0.0/STM32CubeIDE/plugins/com.st.stm32cube.ide.mcu.externaltools.gnu-tools-for-stm32.13.3.rel1.win32_1.0.100.202509120712/tools/bin/../lib/gcc/arm-none-eabi/13.3.1/thumb/v7e-m+fp/hard/crtbegin.o
LOAD C:/ST/STM32CubeIDE_2.0.0/STM32CubeIDE/plugins/com.st.stm32cube.ide.mcu.externaltools.gnu-tools-for-stm32.13.3.rel1.win32_1.0.100.202509120712/tools/bin/../lib/gcc/arm-none-eabi/13.3.1/../../../../arm-none-eabi/lib/thumb/v7e-m+fp/hard/crt0.o
LOAD ./Core/Src/adc.o
LOAD ./Core/Src/attitude.o
LOAD ./Core/Src/battery.o
LOAD ./Core/Src/beep.o
LOAD ./Core/Src/bmi088.o
LOAD ./Core/Src/button.o
LOAD ./Core/Src/debug.o
LOAD ./Core/Src/delay.o
LOAD ./Core/Src/dma.o
LOAD ./Core/Src/dribble.o
LOAD ./Core/Src/gpio.o
LOAD ./Core/Src/kick.o
LOAD ./Core/Src/main.o
LOAD ./Core/Src/pid.o
LOAD ./Core/Src/protocol.o
LOAD ./Core/Src/spi.o
LOAD ./Core/Src/stm32f4xx_hal_msp.o
LOAD ./Core/Src/stm32f4xx_it.o
LOAD ./Core/Src/syscalls.o
LOAD ./Core/Src/sysmem.o
LOAD ./Core/Src/system_stm32f4xx.o
LOAD ./Core/Src/task.o
LOAD ./Core/Src/tim.o
LOAD ./Core/Src/usart.o
LOAD ./Core/Src/voltage.o
LOAD ./Core/Src/wheel.o
LOAD ./Core/Startup/startup_stm32f407vetx.o
LOAD ./Drivers/STM32F4xx_HAL_Driver/Src/stm32f4xx_hal.o
LOAD ./Drivers/STM32F4xx_HAL_Driver/Src/stm32f4xx_hal_adc.o
LOAD ./Drivers/STM32F4xx_HAL_Driver/Src/stm32f4xx_hal_adc_ex.o
LOAD ./Drivers/STM32F4xx_HAL_Driver/Src/stm32f4xx_hal_cortex.o
LOAD ./Drivers/STM32F4xx_HAL_Driver/Src/stm32f4xx_hal_dma.o
LOAD ./Drivers/STM32F4xx_HAL_Driver/Src/stm32f4xx_hal_dma_ex.o
LOAD ./Drivers/STM32F4xx_HAL_Driver/Src/stm32f4xx_hal_exti.o
LOAD ./Drivers/STM32F4xx_HAL_Driver/Src/stm32f4xx_hal_flash.o
LOAD ./Drivers/STM32F4xx_HAL_Driver/Src/stm32f4xx_hal_flash_ex.o
LOAD ./Drivers/STM32F4xx_HAL_Driver/Src/stm32f4xx_hal_flash_ramfunc.o
LOAD ./Drivers/STM32F4xx_HAL_Driver/Src/stm32f4xx_hal_gpio.o
LOAD ./Drivers/STM32F4xx_HAL_Driver/Src/stm32f4xx_hal_pwr.o
LOAD ./Drivers/STM32F4xx_HAL_Driver/Src/stm32f4xx_hal_pwr_ex.o
LOAD ./Drivers/STM32F4xx_HAL_Driver/Src/stm32f4xx_hal_rcc.o
LOAD ./Drivers/STM32F4xx_HAL_Driver/Src/stm32f4xx_hal_rcc_ex.o
LOAD ./Drivers/STM32F4xx_HAL_Driver/Src/stm32f4xx_hal_spi.o
LOAD ./Drivers/STM32F4xx_HAL_Driver/Src/stm32f4xx_hal_tim.o
LOAD ./Drivers/STM32F4xx_HAL_Driver/Src/stm32f4xx_hal_tim_ex.o
LOAD ./Drivers/STM32F4xx_HAL_Driver/Src/stm32f4xx_hal_uart.o
START GROUP
LOAD C:/ST/STM32CubeIDE_2.0.0/STM32CubeIDE/plugins/com.st.stm32cube.ide.mcu.externaltools.gnu-tools-for-stm32.13.3.rel1.win32_1.0.100.202509120712/tools/bin/../lib/gcc/arm-none-eabi/13.3.1/../../../../arm-none-eabi/lib/thumb/v7e-m+fp/hard\libc_nano.a
LOAD C:/ST/STM32CubeIDE_2.0.0/STM32CubeIDE/plugins/com.st.stm32cube.ide.mcu.externaltools.gnu-tools-for-stm32.13.3.rel1.win32_1.0.100.202509120712/tools/bin/../lib/gcc/arm-none-eabi/13.3.1/../../../../arm-none-eabi/lib/thumb/v7e-m+fp/hard\libm.a
END GROUP
START GROUP
LOAD C:/ST/STM32CubeIDE_2.0.0/STM32CubeIDE/plugins/com.st.stm32cube.ide.mcu.externaltools.gnu-tools-for-stm32.13.3.rel1.win32_1.0.100.202509120712/tools/bin/../lib/gcc/arm-none-eabi/13.3.1/thumb/v7e-m+fp/hard\libgcc.a
LOAD C:/ST/STM32CubeIDE_2.0.0/STM32CubeIDE/plugins/com.st.stm32cube.ide.mcu.externaltools.gnu-tools-for-stm32.13.3.rel1.win32_1.0.100.202509120712/tools/bin/../lib/gcc/arm-none-eabi/13.3.1/../../../../arm-none-eabi/lib/thumb/v7e-m+fp/hard\libc_nano.a
END GROUP
START GROUP
LOAD C:/ST/STM32CubeIDE_2.0.0/STM32CubeIDE/plugins/com.st.stm32cube.ide.mcu.externaltools.gnu-tools-for-stm32.13.3.rel1.win32_1.0.100.202509120712/tools/bin/../lib/gcc/arm-none-eabi/13.3.1/thumb/v7e-m+fp/hard\libgcc.a
LOAD C:/ST/STM32CubeIDE_2.0.0/STM32CubeIDE/plugins/com.st.stm32cube.ide.mcu.externaltools.gnu-tools-for-stm32.13.3.rel1.win32_1.0.100.202509120712/tools/bin/../lib/gcc/arm-none-eabi/13.3.1/../../../../arm-none-eabi/lib/thumb/v7e-m+fp/hard\libc_nano.a
LOAD C:/ST/STM32CubeIDE_2.0.0/STM32CubeIDE/plugins/com.st.stm32cube.ide.mcu.externaltools.gnu-tools-for-stm32.13.3.rel1.win32_1.0.100.202509120712/tools/bin/../lib/gcc/arm-none-eabi/13.3.1/../../../../arm-none-eabi/lib/thumb/v7e-m+fp/hard\libnosys.a
END GROUP
START GROUP
LOAD C:/ST/STM32CubeIDE_2.0.0/STM32CubeIDE/plugins/com.st.stm32cube.ide.mcu.externaltools.gnu-tools-for-stm32.13.3.rel1.win32_1.0.100.202509120712/tools/bin/../lib/gcc/arm-none-eabi/13.3.1/thumb/v7e-m+fp/hard\libgcc.a
LOAD C:/ST/STM32CubeIDE_2.0.0/STM32CubeIDE/plugins/com.st.stm32cube.ide.mcu.externaltools.gnu-tools-for-stm32.13.3.rel1.win32_1.0.100.202509120712/tools/bin/../lib/gcc/arm-none-eabi/13.3.1/../../../../arm-none-eabi/lib/thumb/v7e-m+fp/hard\libc_nano.a
LOAD C:/ST/STM32CubeIDE_2.0.0/STM32CubeIDE/plugins/com.st.stm32cube.ide.mcu.externaltools.gnu-tools-for-stm32.13.3.rel1.win32_1.0.100.202509120712/tools/bin/../lib/gcc/arm-none-eabi/13.3.1/../../../../arm-none-eabi/lib/thumb/v7e-m+fp/hard\libnosys.a
END GROUP
LOAD C:/ST/STM32CubeIDE_2.0.0/STM32CubeIDE/plugins/com.st.stm32cube.ide.mcu.externaltools.gnu-tools-for-stm32.13.3.rel1.win32_1.0.100.202509120712/tools/bin/../lib/gcc/arm-none-eabi/13.3.1/thumb/v7e-m+fp/hard/crtend.o
LOAD C:/ST/STM32CubeIDE_2.0.0/STM32CubeIDE/plugins/com.st.stm32cube.ide.mcu.externaltools.gnu-tools-for-stm32.13.3.rel1.win32_1.0.100.202509120712/tools/bin/../lib/gcc/arm-none-eabi/13.3.1/thumb/v7e-m+fp/hard/crtn.o
                0x20020000                        _estack = (ORIGIN (RAM) + LENGTH (RAM))
                0x00000200                        _Min_Heap_Size = 0x200
                0x00000400                        _Min_Stack_Size = 0x400

.isr_vector     0x08000000      0x188
                0x08000000                        . = ALIGN (0x4)
 *(.isr_vector)
 .isr_vector    0x08000000      0x188 ./Core/Startup/startup_stm32f407vetx.o
                0x08000000                g_pfnVectors
                0x08000188                        . = ALIGN (0x4)

.text           0x08000188     0x5860
                0x08000188                        . = ALIGN (0x4)
 *(.text)
 .text          0x08000188       0x40 C:/ST/STM32CubeIDE_2.0.0/STM32CubeIDE/plugins/com.st.stm32cube.ide.mcu.externaltools.gnu-tools-for-stm32.13.3.rel1.win32_1.0.100.202509120712/tools/bin/../lib/gcc/arm-none-eabi/13.3.1/thumb/v7e-m+fp/hard/crtbegin.o
 .text          0x080001c8       0x30 C:/ST/STM32CubeIDE_2.0.0/STM32CubeIDE/plugins/com.st.stm32cube.ide.mcu.externaltools.gnu-tools-for-stm32.13.3.rel1.win32_1.0.100.202509120712/tools/bin/../lib/gcc/arm-none-eabi/13.3.1/thumb/v7e-m+fp/hard\libgcc.a(_aeabi_uldivmod.o)
                0x080001c8                __aeabi_uldivmod
 .text          0x080001f8      0x2f8 C:/ST/STM32CubeIDE_2.0.0/STM32CubeIDE/plugins/com.st.stm32cube.ide.mcu.externaltools.gnu-tools-for-stm32.13.3.rel1.win32_1.0.100.202509120712/tools/bin/../lib/gcc/arm-none-eabi/13.3.1/thumb/v7e-m+fp/hard\libgcc.a(_udivmoddi4.o)
                0x080001f8                __udivmoddi4
 .text          0x080004f0        0x4 C:/ST/STM32CubeIDE_2.0.0/STM32CubeIDE/plugins/com.st.stm32cube.ide.mcu.externaltools.gnu-tools-for-stm32.13.3.rel1.win32_1.0.100.202509120712/tools/bin/../lib/gcc/arm-none-eabi/13.3.1/thumb/v7e-m+fp/hard\libgcc.a(_dvmd_tls.o)
                0x080004f0                __aeabi_idiv0
                0x080004f0                __aeabi_ldiv0
 *(.text*)
 *fill*         0x080004f4        0x4 
 .text.MX_ADC1_Init
                0x080004f8       0x88 ./Core/Src/adc.o
                0x080004f8                MX_ADC1_Init
 .text.MX_ADC3_Init
                0x08000580       0x88 ./Core/Src/adc.o
                0x08000580                MX_ADC3_Init
 .text.HAL_ADC_MspInit
                0x08000608       0xc8 ./Core/Src/adc.o
                0x08000608                HAL_ADC_MspInit
 .text.battery_monit_voltage
                0x080006d0      0x118 ./Core/Src/battery.o
                0x080006d0                battery_monit_voltage
 .text.beep     0x080007e8       0x20 ./Core/Src/beep.o
                0x080007e8                beep
 .text.beep_reset
                0x08000808       0x30 ./Core/Src/beep.o
                0x08000808                beep_reset
 .text.beep_continue
                0x08000838       0x4c ./Core/Src/beep.o
                0x08000838                beep_continue
 .text.beep_cycle
                0x08000884       0x64 ./Core/Src/beep.o
                0x08000884                beep_cycle
 .text.beep_stop_cycle
                0x080008e8        0xc ./Core/Src/beep.o
                0x080008e8                beep_stop_cycle
 .text.bmi088_burst_read_gyro
                0x080008f4       0x48 ./Core/Src/bmi088.o
                0x080008f4                bmi088_burst_read_gyro
 .text.bmi088_init_gyro
                0x0800093c      0x184 ./Core/Src/bmi088.o
                0x0800093c                bmi088_init_gyro
 .text.bmi088_process_gyro_angle
                0x08000ac0      0x40c ./Core/Src/bmi088.o
                0x08000ac0                bmi088_process_gyro_angle
 .text.bmi088_calibrate_gyro_offset
                0x08000ecc       0x3c ./Core/Src/bmi088.o
                0x08000ecc                bmi088_calibrate_gyro_offset
 .text.button_get_event
                0x08000f08       0x38 ./Core/Src/button.o
                0x08000f08                button_get_event
 .text.button_debounce_end
                0x08000f40       0x10 ./Core/Src/button.o
                0x08000f40                button_debounce_end
 .text.compare_delay_task
                0x08000f50       0x30 ./Core/Src/delay.o
 .text.delay_init
                0x08000f80      0x118 ./Core/Src/delay.o
                0x08000f80                delay_init
 .text.delay_us
                0x08001098       0x2c ./Core/Src/delay.o
                0x08001098                delay_us
 .text.delay_add_sys_tick_count
                0x080010c4       0x10 ./Core/Src/delay.o
                0x080010c4                delay_add_sys_tick_count
 .text.delay_task_enqueue
                0x080010d4       0x44 ./Core/Src/delay.o
                0x080010d4                delay_task_enqueue
 .text.delay_task_available
                0x08001118       0x28 ./Core/Src/delay.o
                0x08001118                delay_task_available
 .text.delay_task_consume
                0x08001140       0x28 ./Core/Src/delay.o
                0x08001140                delay_task_consume
 .text.MX_DMA_Init
                0x08001168       0x58 ./Core/Src/dma.o
                0x08001168                MX_DMA_Init
 .text.dribble_init
                0x080011c0       0x18 ./Core/Src/dribble.o
                0x080011c0                dribble_init
 .text.dribble_update_pwm
                0x080011d8       0x20 ./Core/Src/dribble.o
                0x080011d8                dribble_update_pwm
 .text.MX_GPIO_Init
                0x080011f8      0x154 ./Core/Src/gpio.o
                0x080011f8                MX_GPIO_Init
 .text.kick_reset
                0x0800134c       0x10 ./Core/Src/kick.o
                0x0800134c                kick_reset
 .text.kick     0x0800135c       0x20 ./Core/Src/kick.o
                0x0800135c                kick
 .text.SystemClock_Config
                0x0800137c       0xa4 ./Core/Src/main.o
                0x0800137c                SystemClock_Config
 .text.startup.main
                0x08001420      0x140 ./Core/Src/main.o
                0x08001420                main
 .text.HAL_GPIO_EXTI_Callback
                0x08001560       0x5c ./Core/Src/main.o
                0x08001560                HAL_GPIO_EXTI_Callback
 .text.HAL_SPI_TxRxCpltCallback
                0x080015bc       0x2c ./Core/Src/main.o
                0x080015bc                HAL_SPI_TxRxCpltCallback
 .text.HAL_UARTEx_RxEventCallback
                0x080015e8       0x24 ./Core/Src/main.o
                0x080015e8                HAL_UARTEx_RxEventCallback
 .text.Error_Handler
                0x0800160c        0x4 ./Core/Src/main.o
                0x0800160c                Error_Handler
 .text.pid_init_context
                0x08001610       0x18 ./Core/Src/pid.o
                0x08001610                pid_init_context
 .text.pid_set_gains
                0x08001628       0x10 ./Core/Src/pid.o
                0x08001628                pid_set_gains
 .text.pid_set_zero_deadband
                0x08001638        0x8 ./Core/Src/pid.o
                0x08001638                pid_set_zero_deadband
 .text.pid      0x08001640       0xfc ./Core/Src/pid.o
                0x08001640                pid
 .text.protocol_start_receive_host
                0x0800173c       0x2c ./Core/Src/protocol.o
                0x0800173c                protocol_start_receive_host
 .text.protocol_process_received_frame
                0x08001768       0xd4 ./Core/Src/protocol.o
                0x08001768                protocol_process_received_frame
 .text.MX_SPI2_Init
                0x0800183c       0x48 ./Core/Src/spi.o
                0x0800183c                MX_SPI2_Init
 .text.HAL_SPI_MspInit
                0x08001884       0xf8 ./Core/Src/spi.o
                0x08001884                HAL_SPI_MspInit
 .text.HAL_MspInit
                0x0800197c       0x38 ./Core/Src/stm32f4xx_hal_msp.o
                0x0800197c                HAL_MspInit
 .text.NMI_Handler
                0x080019b4        0x4 ./Core/Src/stm32f4xx_it.o
                0x080019b4                NMI_Handler
 .text.HardFault_Handler
                0x080019b8        0x4 ./Core/Src/stm32f4xx_it.o
                0x080019b8                HardFault_Handler
 .text.MemManage_Handler
                0x080019bc        0x4 ./Core/Src/stm32f4xx_it.o
                0x080019bc                MemManage_Handler
 .text.BusFault_Handler
                0x080019c0        0x4 ./Core/Src/stm32f4xx_it.o
                0x080019c0                BusFault_Handler
 .text.UsageFault_Handler
                0x080019c4        0x4 ./Core/Src/stm32f4xx_it.o
                0x080019c4                UsageFault_Handler
 .text.SVC_Handler
                0x080019c8        0x4 ./Core/Src/stm32f4xx_it.o
                0x080019c8                SVC_Handler
 .text.DebugMon_Handler
                0x080019cc        0x4 ./Core/Src/stm32f4xx_it.o
                0x080019cc                DebugMon_Handler
 .text.PendSV_Handler
                0x080019d0        0x4 ./Core/Src/stm32f4xx_it.o
                0x080019d0                PendSV_Handler
 .text.SysTick_Handler
                0x080019d4       0x28 ./Core/Src/stm32f4xx_it.o
                0x080019d4                SysTick_Handler
 .text.DMA1_Stream2_IRQHandler
                0x080019fc        0xc ./Core/Src/stm32f4xx_it.o
                0x080019fc                DMA1_Stream2_IRQHandler
 .text.DMA1_Stream3_IRQHandler
                0x08001a08        0xc ./Core/Src/stm32f4xx_it.o
                0x08001a08                DMA1_Stream3_IRQHandler
 .text.DMA1_Stream4_IRQHandler
                0x08001a14        0xc ./Core/Src/stm32f4xx_it.o
                0x08001a14                DMA1_Stream4_IRQHandler
 .text.EXTI9_5_IRQHandler
                0x08001a20        0x8 ./Core/Src/stm32f4xx_it.o
                0x08001a20                EXTI9_5_IRQHandler
 .text.SPI2_IRQHandler
                0x08001a28        0xc ./Core/Src/stm32f4xx_it.o
                0x08001a28                SPI2_IRQHandler
 .text.EXTI15_10_IRQHandler
                0x08001a34        0x8 ./Core/Src/stm32f4xx_it.o
                0x08001a34                EXTI15_10_IRQHandler
 .text.UART4_IRQHandler
                0x08001a3c        0xc ./Core/Src/stm32f4xx_it.o
                0x08001a3c                UART4_IRQHandler
 .text.SystemInit
                0x08001a48       0x14 ./Core/Src/system_stm32f4xx.o
                0x08001a48                SystemInit
 .text.task_enqueue
                0x08001a5c       0x40 ./Core/Src/task.o
                0x08001a5c                task_enqueue
 .text.task_available
                0x08001a9c       0x18 ./Core/Src/task.o
                0x08001a9c                task_available
 .text.task_consume
                0x08001ab4       0x3c ./Core/Src/task.o
                0x08001ab4                task_consume
 .text.MX_TIM1_Init
                0x08001af0       0x6c ./Core/Src/tim.o
                0x08001af0                MX_TIM1_Init
 .text.MX_TIM2_Init
                0x08001b5c       0x68 ./Core/Src/tim.o
                0x08001b5c                MX_TIM2_Init
 .text.MX_TIM3_Init
                0x08001bc4       0x68 ./Core/Src/tim.o
                0x08001bc4                MX_TIM3_Init
 .text.MX_TIM5_Init
                0x08001c2c       0x68 ./Core/Src/tim.o
                0x08001c2c                MX_TIM5_Init
 *fill*         0x08001c94        0x4 
 .text.MX_TIM9_Init
                0x08001c98      0x178 ./Core/Src/tim.o
                0x08001c98                MX_TIM9_Init
 .text.HAL_TIM_Encoder_MspInit
                0x08001e10      0x1a0 ./Core/Src/tim.o
                0x08001e10                HAL_TIM_Encoder_MspInit
 .text.HAL_TIM_Base_MspInit
                0x08001fb0       0x80 ./Core/Src/tim.o
                0x08001fb0                HAL_TIM_Base_MspInit
 .text.HAL_TIM_MspPostInit
                0x08002030       0xec ./Core/Src/tim.o
                0x08002030                HAL_TIM_MspPostInit
 *fill*         0x0800211c        0x4 
 .text.MX_TIM4_Init
                0x08002120      0x108 ./Core/Src/tim.o
                0x08002120                MX_TIM4_Init
 .text.MX_TIM8_Init
                0x08002228      0x138 ./Core/Src/tim.o
                0x08002228                MX_TIM8_Init
 .text.MX_UART4_Init
                0x08002360       0x38 ./Core/Src/usart.o
                0x08002360                MX_UART4_Init
 .text.HAL_UART_MspInit
                0x08002398       0xc0 ./Core/Src/usart.o
                0x08002398                HAL_UART_MspInit
 .text.voltage_get_v
                0x08002458       0x58 ./Core/Src/voltage.o
                0x08002458                voltage_get_v
 .text.wheel_init
                0x080024b0       0xf8 ./Core/Src/wheel.o
                0x080024b0                wheel_init
 .text.wheel_update_pwm
                0x080025a8      0x184 ./Core/Src/wheel.o
                0x080025a8                wheel_update_pwm
 .text.Reset_Handler
                0x0800272c       0x50 ./Core/Startup/startup_stm32f407vetx.o
                0x0800272c                Reset_Handler
 .text.Default_Handler
                0x0800277c        0x2 ./Core/Startup/startup_stm32f407vetx.o
                0x0800277c                RTC_Alarm_IRQHandler
                0x0800277c                HASH_RNG_IRQHandler
                0x0800277c                EXTI2_IRQHandler
                0x0800277c                TIM8_CC_IRQHandler
                0x0800277c                TIM1_CC_IRQHandler
                0x0800277c                DMA2_Stream5_IRQHandler
                0x0800277c                DMA1_Stream5_IRQHandler
                0x0800277c                PVD_IRQHandler
                0x0800277c                SDIO_IRQHandler
                0x0800277c                TAMP_STAMP_IRQHandler
                0x0800277c                CAN2_RX1_IRQHandler
                0x0800277c                EXTI3_IRQHandler
                0x0800277c                TIM8_TRG_COM_TIM14_IRQHandler
                0x0800277c                TIM1_UP_TIM10_IRQHandler
                0x0800277c                TIM8_UP_TIM13_IRQHandler
                0x0800277c                I2C3_ER_IRQHandler
                0x0800277c                EXTI0_IRQHandler
                0x0800277c                I2C2_EV_IRQHandler
                0x0800277c                CAN1_RX0_IRQHandler
                0x0800277c                FPU_IRQHandler
                0x0800277c                OTG_HS_WKUP_IRQHandler
                0x0800277c                CAN2_SCE_IRQHandler
                0x0800277c                DMA2_Stream2_IRQHandler
                0x0800277c                SPI1_IRQHandler
                0x0800277c                TIM6_DAC_IRQHandler
                0x0800277c                TIM1_BRK_TIM9_IRQHandler
                0x0800277c                DCMI_IRQHandler
                0x0800277c                CAN2_RX0_IRQHandler
                0x0800277c                DMA2_Stream3_IRQHandler
                0x0800277c                USART6_IRQHandler
                0x0800277c                USART3_IRQHandler
                0x0800277c                CAN1_RX1_IRQHandler
                0x0800277c                UART5_IRQHandler
                0x0800277c                DMA2_Stream0_IRQHandler
                0x0800277c                TIM4_IRQHandler
                0x0800277c                I2C1_EV_IRQHandler
                0x0800277c                DMA1_Stream6_IRQHandler
                0x0800277c                DMA1_Stream1_IRQHandler
                0x0800277c                TIM3_IRQHandler
                0x0800277c                RCC_IRQHandler
                0x0800277c                TIM8_BRK_TIM12_IRQHandler
                0x0800277c                Default_Handler
                0x0800277c                ADC_IRQHandler
                0x0800277c                DMA1_Stream7_IRQHandler
                0x0800277c                TIM7_IRQHandler
                0x0800277c                CAN2_TX_IRQHandler
                0x0800277c                TIM5_IRQHandler
                0x0800277c                DMA2_Stream7_IRQHandler
                0x0800277c                I2C3_EV_IRQHandler
                0x0800277c                RTC_WKUP_IRQHandler
                0x0800277c                ETH_WKUP_IRQHandler
                0x0800277c                OTG_HS_EP1_IN_IRQHandler
                0x0800277c                DMA1_Stream0_IRQHandler
                0x0800277c                CAN1_TX_IRQHandler
                0x0800277c                EXTI4_IRQHandler
                0x0800277c                FSMC_IRQHandler
                0x0800277c                ETH_IRQHandler
                0x0800277c                OTG_HS_EP1_OUT_IRQHandler
                0x0800277c                WWDG_IRQHandler
                0x0800277c                TIM2_IRQHandler
                0x0800277c                OTG_FS_WKUP_IRQHandler
                0x0800277c                TIM1_TRG_COM_TIM11_IRQHandler
                0x0800277c                OTG_HS_IRQHandler
                0x0800277c                EXTI1_IRQHandler
                0x0800277c                USART2_IRQHandler
                0x0800277c                I2C2_ER_IRQHandler
                0x0800277c                DMA2_Stream1_IRQHandler
                0x0800277c                CAN1_SCE_IRQHandler
                0x0800277c                FLASH_IRQHandler
                0x0800277c                DMA2_Stream4_IRQHandler
                0x0800277c                USART1_IRQHandler
                0x0800277c                OTG_FS_IRQHandler
                0x0800277c                SPI3_IRQHandler
                0x0800277c                I2C1_ER_IRQHandler
                0x0800277c                DMA2_Stream6_IRQHandler
 *fill*         0x0800277e        0x2 
 .text.HAL_InitTick
                0x08002780       0x48 ./Drivers/STM32F4xx_HAL_Driver/Src/stm32f4xx_hal.o
                0x08002780                HAL_InitTick
 .text.HAL_Init
                0x080027c8       0x34 ./Drivers/STM32F4xx_HAL_Driver/Src/stm32f4xx_hal.o
                0x080027c8                HAL_Init
 .text.HAL_IncTick
                0x080027fc       0x18 ./Drivers/STM32F4xx_HAL_Driver/Src/stm32f4xx_hal.o
                0x080027fc                HAL_IncTick
 .text.HAL_GetTick
                0x08002814        0xc ./Drivers/STM32F4xx_HAL_Driver/Src/stm32f4xx_hal.o
                0x08002814                HAL_GetTick
 .text.HAL_ADC_Init
                0x08002820      0x158 ./Drivers/STM32F4xx_HAL_Driver/Src/stm32f4xx_hal_adc.o
                0x08002820                HAL_ADC_Init
 .text.HAL_ADC_Start
                0x08002978      0x108 ./Drivers/STM32F4xx_HAL_Driver/Src/stm32f4xx_hal_adc.o
                0x08002978                HAL_ADC_Start
 .text.HAL_ADC_Stop
                0x08002a80       0x38 ./Drivers/STM32F4xx_HAL_Driver/Src/stm32f4xx_hal_adc.o
                0x08002a80                HAL_ADC_Stop
 .text.HAL_ADC_PollForConversion
                0x08002ab8       0xb4 ./Drivers/STM32F4xx_HAL_Driver/Src/stm32f4xx_hal_adc.o
                0x08002ab8                HAL_ADC_PollForConversion
 .text.HAL_ADC_GetValue
                0x08002b6c        0x8 ./Drivers/STM32F4xx_HAL_Driver/Src/stm32f4xx_hal_adc.o
                0x08002b6c                HAL_ADC_GetValue
 .text.HAL_ADC_ConfigChannel
                0x08002b74      0x150 ./Drivers/STM32F4xx_HAL_Driver/Src/stm32f4xx_hal_adc.o
                0x08002b74                HAL_ADC_ConfigChannel
 .text.HAL_NVIC_SetPriorityGrouping
                0x08002cc4       0x24 ./Drivers/STM32F4xx_HAL_Driver/Src/stm32f4xx_hal_cortex.o
                0x08002cc4                HAL_NVIC_SetPriorityGrouping
 .text.HAL_NVIC_SetPriority
                0x08002ce8       0x78 ./Drivers/STM32F4xx_HAL_Driver/Src/stm32f4xx_hal_cortex.o
                0x08002ce8                HAL_NVIC_SetPriority
 .text.HAL_NVIC_EnableIRQ
                0x08002d60       0x1c ./Drivers/STM32F4xx_HAL_Driver/Src/stm32f4xx_hal_cortex.o
                0x08002d60                HAL_NVIC_EnableIRQ
 .text.HAL_SYSTICK_Config
                0x08002d7c       0x34 ./Drivers/STM32F4xx_HAL_Driver/Src/stm32f4xx_hal_cortex.o
                0x08002d7c                HAL_SYSTICK_Config
 .text.HAL_DMA_Init
                0x08002db0      0x128 ./Drivers/STM32F4xx_HAL_Driver/Src/stm32f4xx_hal_dma.o
                0x08002db0                HAL_DMA_Init
 .text.HAL_DMA_Start_IT
                0x08002ed8       0x78 ./Drivers/STM32F4xx_HAL_Driver/Src/stm32f4xx_hal_dma.o
                0x08002ed8                HAL_DMA_Start_IT
 .text.HAL_DMA_Abort
                0x08002f50       0x94 ./Drivers/STM32F4xx_HAL_Driver/Src/stm32f4xx_hal_dma.o
                0x08002f50                HAL_DMA_Abort
 .text.HAL_DMA_Abort_IT
                0x08002fe4       0x24 ./Drivers/STM32F4xx_HAL_Driver/Src/stm32f4xx_hal_dma.o
                0x08002fe4                HAL_DMA_Abort_IT
 .text.HAL_DMA_IRQHandler
                0x08003008      0x1ac ./Drivers/STM32F4xx_HAL_Driver/Src/stm32f4xx_hal_dma.o
                0x08003008                HAL_DMA_IRQHandler
 .text.HAL_GPIO_Init
                0x080031b4      0x3d4 ./Drivers/STM32F4xx_HAL_Driver/Src/stm32f4xx_hal_gpio.o
                0x080031b4                HAL_GPIO_Init
 .text.HAL_GPIO_ReadPin
                0x08003588        0xc ./Drivers/STM32F4xx_HAL_Driver/Src/stm32f4xx_hal_gpio.o
                0x08003588                HAL_GPIO_ReadPin
 .text.HAL_GPIO_WritePin
                0x08003594        0x8 ./Drivers/STM32F4xx_HAL_Driver/Src/stm32f4xx_hal_gpio.o
                0x08003594                HAL_GPIO_WritePin
 .text.HAL_GPIO_EXTI_IRQHandler
                0x0800359c       0x18 ./Drivers/STM32F4xx_HAL_Driver/Src/stm32f4xx_hal_gpio.o
                0x0800359c                HAL_GPIO_EXTI_IRQHandler
 .text.HAL_RCC_OscConfig
                0x080035b4      0x3c4 ./Drivers/STM32F4xx_HAL_Driver/Src/stm32f4xx_hal_rcc.o
                0x080035b4                HAL_RCC_OscConfig
 .text.HAL_RCC_GetSysClockFreq
                0x08003978       0x68 ./Drivers/STM32F4xx_HAL_Driver/Src/stm32f4xx_hal_rcc.o
                0x08003978                HAL_RCC_GetSysClockFreq
 .text.HAL_RCC_ClockConfig
                0x080039e0      0x13c ./Drivers/STM32F4xx_HAL_Driver/Src/stm32f4xx_hal_rcc.o
                0x080039e0                HAL_RCC_ClockConfig
 .text.HAL_RCC_GetPCLK1Freq
                0x08003b1c       0x20 ./Drivers/STM32F4xx_HAL_Driver/Src/stm32f4xx_hal_rcc.o
                0x08003b1c                HAL_RCC_GetPCLK1Freq
 .text.HAL_RCC_GetPCLK2Freq
                0x08003b3c       0x20 ./Drivers/STM32F4xx_HAL_Driver/Src/stm32f4xx_hal_rcc.o
                0x08003b3c                HAL_RCC_GetPCLK2Freq
 .text.SPI_WaitFlagStateUntilTimeout
                0x08003b5c       0xd8 ./Drivers/STM32F4xx_HAL_Driver/Src/stm32f4xx_hal_spi.o
 .text.SPI_EndRxTxTransaction
                0x08003c34       0x88 ./Drivers/STM32F4xx_HAL_Driver/Src/stm32f4xx_hal_spi.o
 .text.SPI_WaitFlagStateUntilTimeout.constprop.0
                0x08003cbc       0xc0 ./Drivers/STM32F4xx_HAL_Driver/Src/stm32f4xx_hal_spi.o
 .text.SPI_EndRxTxTransaction.constprop.0
                0x08003d7c       0x78 ./Drivers/STM32F4xx_HAL_Driver/Src/stm32f4xx_hal_spi.o
 .text.HAL_SPI_Init
                0x08003df4       0xc4 ./Drivers/STM32F4xx_HAL_Driver/Src/stm32f4xx_hal_spi.o
                0x08003df4                HAL_SPI_Init
 .text.HAL_SPI_Transmit
                0x08003eb8      0x208 ./Drivers/STM32F4xx_HAL_Driver/Src/stm32f4xx_hal_spi.o
                0x08003eb8                HAL_SPI_Transmit
 .text.HAL_SPI_TransmitReceive_DMA
                0x080040c0      0x118 ./Drivers/STM32F4xx_HAL_Driver/Src/stm32f4xx_hal_spi.o
                0x080040c0                HAL_SPI_TransmitReceive_DMA
 .text.HAL_SPI_RxCpltCallback
                0x080041d8        0x4 ./Drivers/STM32F4xx_HAL_Driver/Src/stm32f4xx_hal_spi.o
                0x080041d8                HAL_SPI_RxCpltCallback
 .text.HAL_SPI_RxHalfCpltCallback
                0x080041dc        0x4 ./Drivers/STM32F4xx_HAL_Driver/Src/stm32f4xx_hal_spi.o
                0x080041dc                HAL_SPI_RxHalfCpltCallback
 .text.SPI_DMAHalfReceiveCplt
                0x080041e0        0xc ./Drivers/STM32F4xx_HAL_Driver/Src/stm32f4xx_hal_spi.o
 .text.HAL_SPI_TxRxHalfCpltCallback
                0x080041ec        0x4 ./Drivers/STM32F4xx_HAL_Driver/Src/stm32f4xx_hal_spi.o
                0x080041ec                HAL_SPI_TxRxHalfCpltCallback
 .text.SPI_DMAHalfTransmitReceiveCplt
                0x080041f0        0xc ./Drivers/STM32F4xx_HAL_Driver/Src/stm32f4xx_hal_spi.o
 .text.HAL_SPI_ErrorCallback
                0x080041fc        0x4 ./Drivers/STM32F4xx_HAL_Driver/Src/stm32f4xx_hal_spi.o
                0x080041fc                HAL_SPI_ErrorCallback
 .text.SPI_DMAError
                0x08004200       0x24 ./Drivers/STM32F4xx_HAL_Driver/Src/stm32f4xx_hal_spi.o
 .text.SPI_DMAReceiveCplt
                0x08004224       0xbc ./Drivers/STM32F4xx_HAL_Driver/Src/stm32f4xx_hal_spi.o
 .text.SPI_DMATransmitReceiveCplt
                0x080042e0       0x58 ./Drivers/STM32F4xx_HAL_Driver/Src/stm32f4xx_hal_spi.o
 .text.HAL_SPI_IRQHandler
                0x08004338      0x150 ./Drivers/STM32F4xx_HAL_Driver/Src/stm32f4xx_hal_spi.o
                0x08004338                HAL_SPI_IRQHandler
 .text.SPI_DMAAbortOnError
                0x08004488       0x10 ./Drivers/STM32F4xx_HAL_Driver/Src/stm32f4xx_hal_spi.o
 .text.HAL_TIM_Base_Init
                0x08004498      0x130 ./Drivers/STM32F4xx_HAL_Driver/Src/stm32f4xx_hal_tim.o
                0x08004498                HAL_TIM_Base_Init
 .text.HAL_TIM_PWM_MspInit
                0x080045c8        0x4 ./Drivers/STM32F4xx_HAL_Driver/Src/stm32f4xx_hal_tim.o
                0x080045c8                HAL_TIM_PWM_MspInit
 .text.HAL_TIM_PWM_Init
                0x080045cc      0x130 ./Drivers/STM32F4xx_HAL_Driver/Src/stm32f4xx_hal_tim.o
                0x080045cc                HAL_TIM_PWM_Init
 .text.HAL_TIM_PWM_Start
                0x080046fc       0xd0 ./Drivers/STM32F4xx_HAL_Driver/Src/stm32f4xx_hal_tim.o
                0x080046fc                HAL_TIM_PWM_Start
 .text.HAL_TIM_Encoder_Init
                0x080047cc      0x184 ./Drivers/STM32F4xx_HAL_Driver/Src/stm32f4xx_hal_tim.o
                0x080047cc                HAL_TIM_Encoder_Init
 .text.HAL_TIM_Encoder_Start
                0x08004950       0xc4 ./Drivers/STM32F4xx_HAL_Driver/Src/stm32f4xx_hal_tim.o
                0x08004950                HAL_TIM_Encoder_Start
 .text.HAL_TIM_PWM_ConfigChannel
                0x08004a14      0x20c ./Drivers/STM32F4xx_HAL_Driver/Src/stm32f4xx_hal_tim.o
                0x08004a14                HAL_TIM_PWM_ConfigChannel
 .text.HAL_TIM_ConfigClockSource
                0x08004c20      0x154 ./Drivers/STM32F4xx_HAL_Driver/Src/stm32f4xx_hal_tim.o
                0x08004c20                HAL_TIM_ConfigClockSource
 .text.HAL_TIMEx_MasterConfigSynchronization
                0x08004d74       0x80 ./Drivers/STM32F4xx_HAL_Driver/Src/stm32f4xx_hal_tim_ex.o
                0x08004d74                HAL_TIMEx_MasterConfigSynchronization
 .text.HAL_TIMEx_ConfigBreakDeadTime
                0x08004df4       0x54 ./Drivers/STM32F4xx_HAL_Driver/Src/stm32f4xx_hal_tim_ex.o
                0x08004df4                HAL_TIMEx_ConfigBreakDeadTime
 .text.HAL_UART_Init
                0x08004e48      0x124 ./Drivers/STM32F4xx_HAL_Driver/Src/stm32f4xx_hal_uart.o
                0x08004e48                HAL_UART_Init
 .text.HAL_UART_Transmit_IT
                0x08004f6c       0x38 ./Drivers/STM32F4xx_HAL_Driver/Src/stm32f4xx_hal_uart.o
                0x08004f6c                HAL_UART_Transmit_IT
 .text.HAL_UART_TxCpltCallback
                0x08004fa4        0x4 ./Drivers/STM32F4xx_HAL_Driver/Src/stm32f4xx_hal_uart.o
                0x08004fa4                HAL_UART_TxCpltCallback
 .text.HAL_UART_RxCpltCallback
                0x08004fa8        0x4 ./Drivers/STM32F4xx_HAL_Driver/Src/stm32f4xx_hal_uart.o
                0x08004fa8                HAL_UART_RxCpltCallback
 .text.HAL_UART_RxHalfCpltCallback
                0x08004fac        0x4 ./Drivers/STM32F4xx_HAL_Driver/Src/stm32f4xx_hal_uart.o
                0x08004fac                HAL_UART_RxHalfCpltCallback
 .text.HAL_UART_ErrorCallback
                0x08004fb0        0x4 ./Drivers/STM32F4xx_HAL_Driver/Src/stm32f4xx_hal_uart.o
                0x08004fb0                HAL_UART_ErrorCallback
 .text.UART_DMAError
                0x08004fb4       0xbc ./Drivers/STM32F4xx_HAL_Driver/Src/stm32f4xx_hal_uart.o
 .text.UART_DMAAbortOnError
                0x08005070       0x10 ./Drivers/STM32F4xx_HAL_Driver/Src/stm32f4xx_hal_uart.o
 .text.UART_DMARxHalfCplt
                0x08005080       0x20 ./Drivers/STM32F4xx_HAL_Driver/Src/stm32f4xx_hal_uart.o
 .text.UART_DMAReceiveCplt
                0x080050a0       0x98 ./Drivers/STM32F4xx_HAL_Driver/Src/stm32f4xx_hal_uart.o
 .text.UART_Receive_IT.part.0.isra.0
                0x08005138       0xc0 ./Drivers/STM32F4xx_HAL_Driver/Src/stm32f4xx_hal_uart.o
 .text.HAL_UART_IRQHandler
                0x080051f8      0x378 ./Drivers/STM32F4xx_HAL_Driver/Src/stm32f4xx_hal_uart.o
                0x080051f8                HAL_UART_IRQHandler
 .text.UART_Start_Receive_DMA
                0x08005570       0xac ./Drivers/STM32F4xx_HAL_Driver/Src/stm32f4xx_hal_uart.o
                0x08005570                UART_Start_Receive_DMA
 .text.HAL_UARTEx_ReceiveToIdle_DMA
                0x0800561c       0x5c ./Drivers/STM32F4xx_HAL_Driver/Src/stm32f4xx_hal_uart.o
                0x0800561c                HAL_UARTEx_ReceiveToIdle_DMA
 .text.swapfunc
                0x08005678       0x32 C:/ST/STM32CubeIDE_2.0.0/STM32CubeIDE/plugins/com.st.stm32cube.ide.mcu.externaltools.gnu-tools-for-stm32.13.3.rel1.win32_1.0.100.202509120712/tools/bin/../lib/gcc/arm-none-eabi/13.3.1/../../../../arm-none-eabi/lib/thumb/v7e-m+fp/hard\libc_nano.a(libc_a-qsort.o)
 .text.med3.constprop.0
                0x080056aa       0x40 C:/ST/STM32CubeIDE_2.0.0/STM32CubeIDE/plugins/com.st.stm32cube.ide.mcu.externaltools.gnu-tools-for-stm32.13.3.rel1.win32_1.0.100.202509120712/tools/bin/../lib/gcc/arm-none-eabi/13.3.1/../../../../arm-none-eabi/lib/thumb/v7e-m+fp/hard\libc_nano.a(libc_a-qsort.o)
 .text.qsort    0x080056ea      0x28e C:/ST/STM32CubeIDE_2.0.0/STM32CubeIDE/plugins/com.st.stm32cube.ide.mcu.externaltools.gnu-tools-for-stm32.13.3.rel1.win32_1.0.100.202509120712/tools/bin/../lib/gcc/arm-none-eabi/13.3.1/../../../../arm-none-eabi/lib/thumb/v7e-m+fp/hard\libc_nano.a(libc_a-qsort.o)
                0x080056ea                qsort
 .text.memset   0x08005978       0x10 C:/ST/STM32CubeIDE_2.0.0/STM32CubeIDE/plugins/com.st.stm32cube.ide.mcu.externaltools.gnu-tools-for-stm32.13.3.rel1.win32_1.0.100.202509120712/tools/bin/../lib/gcc/arm-none-eabi/13.3.1/../../../../arm-none-eabi/lib/thumb/v7e-m+fp/hard\libc_nano.a(libc_a-memset.o)
                0x08005978                memset
 .text.__libc_init_array
                0x08005988       0x48 C:/ST/STM32CubeIDE_2.0.0/STM32CubeIDE/plugins/com.st.stm32cube.ide.mcu.externaltools.gnu-tools-for-stm32.13.3.rel1.win32_1.0.100.202509120712/tools/bin/../lib/gcc/arm-none-eabi/13.3.1/../../../../arm-none-eabi/lib/thumb/v7e-m+fp/hard\libc_nano.a(libc_a-init.o)
                0x08005988                __libc_init_array
 *(.glue_7)
 .glue_7        0x080059d0        0x0 linker stubs
 *(.glue_7t)
 .glue_7t       0x080059d0        0x0 linker stubs
 *(.eh_frame)
 .eh_frame      0x080059d0        0x0 C:/ST/STM32CubeIDE_2.0.0/STM32CubeIDE/plugins/com.st.stm32cube.ide.mcu.externaltools.gnu-tools-for-stm32.13.3.rel1.win32_1.0.100.202509120712/tools/bin/../lib/gcc/arm-none-eabi/13.3.1/thumb/v7e-m+fp/hard/crtbegin.o
 *(.init)
 .init          0x080059d0        0x4 C:/ST/STM32CubeIDE_2.0.0/STM32CubeIDE/plugins/com.st.stm32cube.ide.mcu.externaltools.gnu-tools-for-stm32.13.3.rel1.win32_1.0.100.202509120712/tools/bin/../lib/gcc/arm-none-eabi/13.3.1/thumb/v7e-m+fp/hard/crti.o
                0x080059d0                _init
 .init          0x080059d4        0x8 C:/ST/STM32CubeIDE_2.0.0/STM32CubeIDE/plugins/com.st.stm32cube.ide.mcu.externaltools.gnu-tools-for-stm32.13.3.rel1.win32_1.0.100.202509120712/tools/bin/../lib/gcc/arm-none-eabi/13.3.1/thumb/v7e-m+fp/hard/crtn.o
 *(.fini)
 .fini          0x080059dc        0x4 C:/ST/STM32CubeIDE_2.0.0/STM32CubeIDE/plugins/com.st.stm32cube.ide.mcu.externaltools.gnu-tools-for-stm32.13.3.rel1.win32_1.0.100.202509120712/tools/bin/../lib/gcc/arm-none-eabi/13.3.1/thumb/v7e-m+fp/hard/crti.o
                0x080059dc                _fini
 .fini          0x080059e0        0x8 C:/ST/STM32CubeIDE_2.0.0/STM32CubeIDE/plugins/com.st.stm32cube.ide.mcu.externaltools.gnu-tools-for-stm32.13.3.rel1.win32_1.0.100.202509120712/tools/bin/../lib/gcc/arm-none-eabi/13.3.1/thumb/v7e-m+fp/hard/crtn.o
                0x080059e8                        . = ALIGN (0x4)
                0x080059e8                        _etext = .

.vfp11_veneer   0x080059e8        0x0
 .vfp11_veneer  0x080059e8        0x0 linker stubs

.v4_bx          0x080059e8        0x0
 .v4_bx         0x080059e8        0x0 linker stubs

.iplt           0x080059e8        0x0
 .iplt          0x080059e8        0x0 C:/ST/STM32CubeIDE_2.0.0/STM32CubeIDE/plugins/com.st.stm32cube.ide.mcu.externaltools.gnu-tools-for-stm32.13.3.rel1.win32_1.0.100.202509120712/tools/bin/../lib/gcc/arm-none-eabi/13.3.1/thumb/v7e-m+fp/hard/crtbegin.o

.rodata         0x080059e8       0x28
                0x080059e8                        . = ALIGN (0x4)
 *(.rodata)
 *(.rodata*)
 .rodata.speed_tabe
                0x080059e8        0x6 ./Core/Src/dribble.o
 *fill*         0x080059ee        0x2 
 .rodata.APBPrescTable
                0x080059f0        0x8 ./Core/Src/system_stm32f4xx.o
                0x080059f0                APBPrescTable
 .rodata.AHBPrescTable
                0x080059f8       0x10 ./Core/Src/system_stm32f4xx.o
                0x080059f8                AHBPrescTable
 .rodata.flagBitshiftOffset.0
                0x08005a08        0x8 ./Drivers/STM32F4xx_HAL_Driver/Src/stm32f4xx_hal_dma.o
                0x08005a10                        . = ALIGN (0x4)

.ARM.extab      0x08005a10        0x0
                0x08005a10                        . = ALIGN (0x4)
 *(.ARM.extab* .gnu.linkonce.armextab.*)
                0x08005a10                        . = ALIGN (0x4)

.ARM            0x08005a10        0x8
                0x08005a10                        . = ALIGN (0x4)
                0x08005a10                        __exidx_start = .
 *(.ARM.exidx*)
 .ARM.exidx     0x08005a10        0x8 C:/ST/STM32CubeIDE_2.0.0/STM32CubeIDE/plugins/com.st.stm32cube.ide.mcu.externaltools.gnu-tools-for-stm32.13.3.rel1.win32_1.0.100.202509120712/tools/bin/../lib/gcc/arm-none-eabi/13.3.1/thumb/v7e-m+fp/hard\libgcc.a(_udivmoddi4.o)
                0x08005a18                        __exidx_end = .
                0x08005a18                        . = ALIGN (0x4)

.preinit_array  0x08005a18        0x0
                0x08005a18                        . = ALIGN (0x4)
                0x08005a18                        PROVIDE (__preinit_array_start = .)
 *(.preinit_array*)
                0x08005a18                        PROVIDE (__preinit_array_end = .)
                0x08005a18                        . = ALIGN (0x4)

.init_array     0x08005a18        0x4
                0x08005a18                        . = ALIGN (0x4)
                0x08005a18                        PROVIDE (__init_array_start = .)
 *(SORT_BY_NAME(.init_array.*))
 *(.init_array*)
 .init_array    0x08005a18        0x4 C:/ST/STM32CubeIDE_2.0.0/STM32CubeIDE/plugins/com.st.stm32cube.ide.mcu.externaltools.gnu-tools-for-stm32.13.3.rel1.win32_1.0.100.202509120712/tools/bin/../lib/gcc/arm-none-eabi/13.3.1/thumb/v7e-m+fp/hard/crtbegin.o
                0x08005a1c                        PROVIDE (__init_array_end = .)
                0x08005a1c                        . = ALIGN (0x4)

.fini_array     0x08005a1c        0x4
                0x08005a1c                        . = ALIGN (0x4)
                [!provide]                        PROVIDE (__fini_array_start = .)
 *(SORT_BY_NAME(.fini_array.*))
 *(.fini_array*)
 .fini_array    0x08005a1c        0x4 C:/ST/STM32CubeIDE_2.0.0/STM32CubeIDE/plugins/com.st.stm32cube.ide.mcu.externaltools.gnu-tools-for-stm32.13.3.rel1.win32_1.0.100.202509120712/tools/bin/../lib/gcc/arm-none-eabi/13.3.1/thumb/v7e-m+fp/hard/crtbegin.o
                [!provide]                        PROVIDE (__fini_array_end = .)
                0x08005a20                        . = ALIGN (0x4)
                0x08005a20                        _sidata = LOADADDR (.data)

.rel.dyn        0x08005a20        0x0
 .rel.iplt      0x08005a20        0x0 C:/ST/STM32CubeIDE_2.0.0/STM32CubeIDE/plugins/com.st.stm32cube.ide.mcu.externaltools.gnu-tools-for-stm32.13.3.rel1.win32_1.0.100.202509120712/tools/bin/../lib/gcc/arm-none-eabi/13.3.1/thumb/v7e-m+fp/hard/crtbegin.o

.data           0x20000000       0x24 load address 0x08005a20
                0x20000000                        . = ALIGN (0x4)
                0x20000000                        _sdata = .
 *(.data)
 *(.data*)
 .data.recent_voltage.0
                0x20000000       0x14 ./Core/Src/battery.o
 .data.is_first_call.2
                0x20000014        0x1 ./Core/Src/bmi088.o
 *fill*         0x20000015        0x3 
 .data.SystemCoreClock
                0x20000018        0x4 ./Core/Src/system_stm32f4xx.o
                0x20000018                SystemCoreClock
 .data.uwTickFreq
                0x2000001c        0x1 ./Drivers/STM32F4xx_HAL_Driver/Src/stm32f4xx_hal.o
                0x2000001c                uwTickFreq
 *fill*         0x2000001d        0x3 
 .data.uwTickPrio
                0x20000020        0x4 ./Drivers/STM32F4xx_HAL_Driver/Src/stm32f4xx_hal.o
                0x20000020                uwTickPrio
 *(.RamFunc)
 *(.RamFunc*)
                0x20000024                        . = ALIGN (0x4)
                0x20000024                        _edata = .
                0x08005a44                        _siccmram = LOADADDR (.ccmram)

.igot.plt       0x20000024        0x0 load address 0x08005a44
 .igot.plt      0x20000024        0x0 C:/ST/STM32CubeIDE_2.0.0/STM32CubeIDE/plugins/com.st.stm32cube.ide.mcu.externaltools.gnu-tools-for-stm32.13.3.rel1.win32_1.0.100.202509120712/tools/bin/../lib/gcc/arm-none-eabi/13.3.1/thumb/v7e-m+fp/hard/crtbegin.o

.ccmram         0x10000000        0x0 load address 0x08005a44
                0x10000000                        . = ALIGN (0x4)
                0x10000000                        _sccmram = .
 *(.ccmram)
 *(.ccmram*)
                0x10000000                        . = ALIGN (0x4)
                0x10000000                        _eccmram = .
                0x10000000                        . = ALIGN (0x4)

.bss            0x20000028      0x774
                0x20000028                        _sbss = .
                0x20000028                        __bss_start__ = _sbss
 *(.bss)
 .bss           0x20000028       0x1c C:/ST/STM32CubeIDE_2.0.0/STM32CubeIDE/plugins/com.st.stm32cube.ide.mcu.externaltools.gnu-tools-for-stm32.13.3.rel1.win32_1.0.100.202509120712/tools/bin/../lib/gcc/arm-none-eabi/13.3.1/thumb/v7e-m+fp/hard/crtbegin.o
 *(.bss*)
 *fill*         0x20000044        0x4 
 .bss.hadc3     0x20000048       0x48 ./Core/Src/adc.o
                0x20000048                hadc3
 .bss.hadc1     0x20000090       0x48 ./Core/Src/adc.o
                0x20000090                hadc1
 .bss.voltage_ptr.1
                0x200000d8        0x4 ./Core/Src/battery.o
 .bss.alarm.2   0x200000dc        0x1 ./Core/Src/battery.o
 *fill*         0x200000dd        0x3 
 .bss.continue_cycles
                0x200000e0        0x4 ./Core/Src/beep.o
 .bss.continue_interval_ms
                0x200000e4        0x4 ./Core/Src/beep.o
 .bss.continue_beep_ms
                0x200000e8        0x4 ./Core/Src/beep.o
 .bss.continue_beep
                0x200000ec        0x1 ./Core/Src/beep.o
 *fill*         0x200000ed        0x3 
 .bss.beep_cycles_count
                0x200000f0        0x4 ./Core/Src/beep.o
 .bss.last_dwt_cycle.0
                0x200000f4        0x4 ./Core/Src/bmi088.o
 .bss.last_rate.1
                0x200000f8        0xc ./Core/Src/bmi088.o
 .bss.bmi088_gyro_angle
                0x20000104        0xc ./Core/Src/bmi088.o
                0x20000104                bmi088_gyro_angle
 .bss.bmi088_drdy_timestamp
                0x20000110        0x4 ./Core/Src/bmi088.o
                0x20000110                bmi088_drdy_timestamp
 .bss.is_calibrating_gyro_offset
                0x20000114        0x1 ./Core/Src/bmi088.o
                0x20000114                is_calibrating_gyro_offset
 *fill*         0x20000115        0x3 
 .bss.gyro_offset
                0x20000118        0xc ./Core/Src/bmi088.o
 .bss.gyro_offset_sum
                0x20000124        0xc ./Core/Src/bmi088.o
 .bss.gyro_calibrated_samples
                0x20000130        0x4 ./Core/Src/bmi088.o
 .bss.gyro_target_samples
                0x20000134        0x4 ./Core/Src/bmi088.o
 .bss.rx_buff   0x20000138        0x7 ./Core/Src/bmi088.o
                0x20000138                rx_buff
 *fill*         0x2000013f        0x1 
 .bss.tx_buff   0x20000140        0x7 ./Core/Src/bmi088.o
                0x20000140                tx_buff
 *fill*         0x20000147        0x1 
 .bss.is_debouncing
                0x20000148        0x2 ./Core/Src/button.o
 .bss.dwt_is_initialized.0
                0x2000014a        0x1 ./Core/Src/delay.o
 *fill*         0x2000014b        0x1 
 .bss.sys_tick_count
                0x2000014c        0x4 ./Core/Src/delay.o
 .bss.delay_task_queue
                0x20000150      0x140 ./Core/Src/delay.o
 .bss.dribble_speed_level
                0x20000290        0x4 ./Core/Src/dribble.o
                0x20000290                dribble_speed_level
 .bss.current_rx_buff_idx
                0x20000294        0x4 ./Core/Src/protocol.o
 .bss.rx_buff   0x20000298       0x40 ./Core/Src/protocol.o
 .bss.tx_buff   0x200002d8       0x20 ./Core/Src/protocol.o
 .bss.hdma_spi2_rx
                0x200002f8       0x60 ./Core/Src/spi.o
                0x200002f8                hdma_spi2_rx
 .bss.hdma_spi2_tx
                0x20000358       0x60 ./Core/Src/spi.o
                0x20000358                hdma_spi2_tx
 .bss.hspi2     0x200003b8       0x58 ./Core/Src/spi.o
                0x200003b8                hspi2
 .bss.task_queue
                0x20000410       0x40 ./Core/Src/task.o
 .bss.write_idx
                0x20000450        0x4 ./Core/Src/task.o
 .bss.read_idx  0x20000454        0x4 ./Core/Src/task.o
 .bss.htim9     0x20000458       0x48 ./Core/Src/tim.o
                0x20000458                htim9
 .bss.htim8     0x200004a0       0x48 ./Core/Src/tim.o
                0x200004a0                htim8
 .bss.htim5     0x200004e8       0x48 ./Core/Src/tim.o
                0x200004e8                htim5
 .bss.htim4     0x20000530       0x48 ./Core/Src/tim.o
                0x20000530                htim4
 .bss.htim3     0x20000578       0x48 ./Core/Src/tim.o
                0x20000578                htim3
 .bss.htim2     0x200005c0       0x48 ./Core/Src/tim.o
                0x200005c0                htim2
 .bss.htim1     0x20000608       0x48 ./Core/Src/tim.o
                0x20000608                htim1
 .bss.hdma_uart4_rx
                0x20000650       0x60 ./Core/Src/usart.o
                0x20000650                hdma_uart4_rx
 .bss.huart4    0x200006b0       0x48 ./Core/Src/usart.o
                0x200006b0                huart4
 .bss.last_count.1
                0x200006f8       0x10 ./Core/Src/wheel.o
 .bss.wheel_target_speed_rpm
                0x20000708       0x10 ./Core/Src/wheel.o
                0x20000708                wheel_target_speed_rpm
 .bss.pid_context_wheels
                0x20000718       0x80 ./Core/Src/wheel.o
 .bss.uwTick    0x20000798        0x4 ./Drivers/STM32F4xx_HAL_Driver/Src/stm32f4xx_hal.o
                0x20000798                uwTick
 *(COMMON)
                0x2000079c                        . = ALIGN (0x4)
                0x2000079c                        _ebss = .
                0x2000079c                        __bss_end__ = _ebss

._user_heap_stack
                0x2000079c      0x604
                0x200007a0                        . = ALIGN (0x8)
 *fill*         0x2000079c        0x4 
                [!provide]                        PROVIDE (end = .)
                0x200007a0                        PROVIDE (_end = .)
                0x200009a0                        . = (. + _Min_Heap_Size)
 *fill*         0x200007a0      0x200 
                0x20000da0                        . = (. + _Min_Stack_Size)
 *fill*         0x200009a0      0x400 
                0x20000da0                        . = ALIGN (0x8)

/DISCARD/
 libc.a(*)
 libm.a(*)
 libgcc.a(*)

.ARM.attributes
                0x00000000       0x30
 *(.ARM.attributes)
 .ARM.attributes
                0x00000000       0x22 C:/ST/STM32CubeIDE_2.0.0/STM32CubeIDE/plugins/com.st.stm32cube.ide.mcu.externaltools.gnu-tools-for-stm32.13.3.rel1.win32_1.0.100.202509120712/tools/bin/../lib/gcc/arm-none-eabi/13.3.1/thumb/v7e-m+fp/hard/crti.o
 .ARM.attributes
                0x00000022       0x34 C:/ST/STM32CubeIDE_2.0.0/STM32CubeIDE/plugins/com.st.stm32cube.ide.mcu.externaltools.gnu-tools-for-stm32.13.3.rel1.win32_1.0.100.202509120712/tools/bin/../lib/gcc/arm-none-eabi/13.3.1/thumb/v7e-m+fp/hard/crtbegin.o
 .ARM.attributes
                0x00000056       0x34 ./Core/Src/adc.o
 .ARM.attributes
                0x0000008a       0x34 ./Core/Src/battery.o
 .ARM.attributes
                0x000000be       0x34 ./Core/Src/beep.o
 .ARM.attributes
                0x000000f2       0x34 ./Core/Src/bmi088.o
 .ARM.attributes
                0x00000126       0x34 ./Core/Src/button.o
 .ARM.attributes
                0x0000015a       0x34 ./Core/Src/delay.o
 .ARM.attributes
                0x0000018e       0x34 ./Core/Src/dma.o
 .ARM.attributes
                0x000001c2       0x34 ./Core/Src/dribble.o
 .ARM.attributes
                0x000001f6       0x34 ./Core/Src/gpio.o
 .ARM.attributes
                0x0000022a       0x34 ./Core/Src/kick.o
 .ARM.attributes
                0x0000025e       0x34 ./Core/Src/main.o
 .ARM.attributes
                0x00000292       0x34 ./Core/Src/pid.o
 .ARM.attributes
                0x000002c6       0x34 ./Core/Src/protocol.o
 .ARM.attributes
                0x000002fa       0x34 ./Core/Src/spi.o
 .ARM.attributes
                0x0000032e       0x34 ./Core/Src/stm32f4xx_hal_msp.o
 .ARM.attributes
                0x00000362       0x34 ./Core/Src/stm32f4xx_it.o
 .ARM.attributes
                0x00000396       0x34 ./Core/Src/system_stm32f4xx.o
 .ARM.attributes
                0x000003ca       0x34 ./Core/Src/task.o
 .ARM.attributes
                0x000003fe       0x34 ./Core/Src/tim.o
 .ARM.attributes
                0x00000432       0x34 ./Core/Src/usart.o
 .ARM.attributes
                0x00000466       0x34 ./Core/Src/voltage.o
 .ARM.attributes
                0x0000049a       0x34 ./Core/Src/wheel.o
 .ARM.attributes
                0x000004ce       0x21 ./Core/Startup/startup_stm32f407vetx.o
 .ARM.attributes
                0x000004ef       0x34 ./Drivers/STM32F4xx_HAL_Driver/Src/stm32f4xx_hal.o
 .ARM.attributes
                0x00000523       0x34 ./Drivers/STM32F4xx_HAL_Driver/Src/stm32f4xx_hal_adc.o
 .ARM.attributes
                0x00000557       0x34 ./Drivers/STM32F4xx_HAL_Driver/Src/stm32f4xx_hal_cortex.o
 .ARM.attributes
                0x0000058b       0x34 ./Drivers/STM32F4xx_HAL_Driver/Src/stm32f4xx_hal_dma.o
 .ARM.attributes
                0x000005bf       0x34 ./Drivers/STM32F4xx_HAL_Driver/Src/stm32f4xx_hal_gpio.o
 .ARM.attributes
                0x000005f3       0x34 ./Drivers/STM32F4xx_HAL_Driver/Src/stm32f4xx_hal_rcc.o
 .ARM.attributes
                0x00000627       0x34 ./Drivers/STM32F4xx_HAL_Driver/Src/stm32f4xx_hal_spi.o
 .ARM.attributes
                0x0000065b       0x34 ./Drivers/STM32F4xx_HAL_Driver/Src/stm32f4xx_hal_tim.o
 .ARM.attributes
                0x0000068f       0x34 ./Drivers/STM32F4xx_HAL_Driver/Src/stm32f4xx_hal_tim_ex.o
 .ARM.attributes
                0x000006c3       0x34 ./Drivers/STM32F4xx_HAL_Driver/Src/stm32f4xx_hal_uart.o
 .ARM.attributes
                0x000006f7       0x34 C:/ST/STM32CubeIDE_2.0.0/STM32CubeIDE/plugins/com.st.stm32cube.ide.mcu.externaltools.gnu-tools-for-stm32.13.3.rel1.win32_1.0.100.202509120712/tools/bin/../lib/gcc/arm-none-eabi/13.3.1/../../../../arm-none-eabi/lib/thumb/v7e-m+fp/hard\libc_nano.a(libc_a-qsort.o)
 .ARM.attributes
                0x0000072b       0x34 C:/ST/STM32CubeIDE_2.0.0/STM32CubeIDE/plugins/com.st.stm32cube.ide.mcu.externaltools.gnu-tools-for-stm32.13.3.rel1.win32_1.0.100.202509120712/tools/bin/../lib/gcc/arm-none-eabi/13.3.1/../../../../arm-none-eabi/lib/thumb/v7e-m+fp/hard\libc_nano.a(libc_a-memset.o)
 .ARM.attributes
                0x0000075f       0x34 C:/ST/STM32CubeIDE_2.0.0/STM32CubeIDE/plugins/com.st.stm32cube.ide.mcu.externaltools.gnu-tools-for-stm32.13.3.rel1.win32_1.0.100.202509120712/tools/bin/../lib/gcc/arm-none-eabi/13.3.1/../../../../arm-none-eabi/lib/thumb/v7e-m+fp/hard\libc_nano.a(libc_a-init.o)
 .ARM.attributes
                0x00000793       0x22 C:/ST/STM32CubeIDE_2.0.0/STM32CubeIDE/plugins/com.st.stm32cube.ide.mcu.externaltools.gnu-tools-for-stm32.13.3.rel1.win32_1.0.100.202509120712/tools/bin/../lib/gcc/arm-none-eabi/13.3.1/thumb/v7e-m+fp/hard\libgcc.a(_aeabi_uldivmod.o)
 .ARM.attributes
                0x000007b5       0x34 C:/ST/STM32CubeIDE_2.0.0/STM32CubeIDE/plugins/com.st.stm32cube.ide.mcu.externaltools.gnu-tools-for-stm32.13.3.rel1.win32_1.0.100.202509120712/tools/bin/../lib/gcc/arm-none-eabi/13.3.1/thumb/v7e-m+fp/hard\libgcc.a(_udivmoddi4.o)
 .ARM.attributes
                0x000007e9       0x22 C:/ST/STM32CubeIDE_2.0.0/STM32CubeIDE/plugins/com.st.stm32cube.ide.mcu.externaltools.gnu-tools-for-stm32.13.3.rel1.win32_1.0.100.202509120712/tools/bin/../lib/gcc/arm-none-eabi/13.3.1/thumb/v7e-m+fp/hard\libgcc.a(_dvmd_tls.o)
 .ARM.attributes
                0x0000080b       0x22 C:/ST/STM32CubeIDE_2.0.0/STM32CubeIDE/plugins/com.st.stm32cube.ide.mcu.externaltools.gnu-tools-for-stm32.13.3.rel1.win32_1.0.100.202509120712/tools/bin/../lib/gcc/arm-none-eabi/13.3.1/thumb/v7e-m+fp/hard/crtn.o
OUTPUT(MotionController.elf elf32-littlearm)
LOAD linker stubs
LOAD C:/ST/STM32CubeIDE_2.0.0/STM32CubeIDE/plugins/com.st.stm32cube.ide.mcu.externaltools.gnu-tools-for-stm32.13.3.rel1.win32_1.0.100.202509120712/tools/bin/../lib/gcc/arm-none-eabi/13.3.1/../../../../arm-none-eabi/lib/thumb/v7e-m+fp/hard\libc.a
LOAD C:/ST/STM32CubeIDE_2.0.0/STM32CubeIDE/plugins/com.st.stm32cube.ide.mcu.externaltools.gnu-tools-for-stm32.13.3.rel1.win32_1.0.100.202509120712/tools/bin/../lib/gcc/arm-none-eabi/13.3.1/../../../../arm-none-eabi/lib/thumb/v7e-m+fp/hard\libm.a
LOAD C:/ST/STM32CubeIDE_2.0.0/STM32CubeIDE/plugins/com.st.stm32cube.ide.mcu.externaltools.gnu-tools-for-stm32.13.3.rel1.win32_1.0.100.202509120712/tools/bin/../lib/gcc/arm-none-eabi/13.3.1/thumb/v7e-m+fp/hard\libgcc.a

.comment        0x00000000       0x43
 .comment       0x00000000       0x43 ./Core/Src/adc.o
                                 0x44 (size before relaxing)
 .comment       0x00000043        0x0 ./Core/Src/battery.o
                                 0x44 (size before relaxing)
 .comment       0x00000043        0x0 ./Core/Src/beep.o
                                 0x44 (size before relaxing)
 .comment       0x00000043        0x0 ./Core/Src/bmi088.o
                                 0x44 (size before relaxing)
 .comment       0x00000043        0x0 ./Core/Src/button.o
                                 0x44 (size before relaxing)
 .comment       0x00000043        0x0 ./Core/Src/delay.o
                                 0x44 (size before relaxing)
 .comment       0x00000043        0x0 ./Core/Src/dma.o
                                 0x44 (size before relaxing)
 .comment       0x00000043        0x0 ./Core/Src/dribble.o
                                 0x44 (size before relaxing)
 .comment       0x00000043        0x0 ./Core/Src/gpio.o
                                 0x44 (size before relaxing)
 .comment       0x00000043        0x0 ./Core/Src/kick.o
                                 0x44 (size before relaxing)
 .comment       0x00000043        0x0 ./Core/Src/main.o
                                 0x44 (size before relaxing)
 .comment       0x00000043        0x0 ./Core/Src/pid.o
                                 0x44 (size before relaxing)
 .comment       0x00000043        0x0 ./Core/Src/protocol.o
                                 0x44 (size before relaxing)
 .comment       0x00000043        0x0 ./Core/Src/spi.o
                                 0x44 (size before relaxing)
 .comment       0x00000043        0x0 ./Core/Src/stm32f4xx_hal_msp.o
                                 0x44 (size before relaxing)
 .comment       0x00000043        0x0 ./Core/Src/stm32f4xx_it.o
                                 0x44 (size before relaxing)
 .comment       0x00000043        0x0 ./Core/Src/system_stm32f4xx.o
                                 0x44 (size before relaxing)
 .comment       0x00000043        0x0 ./Core/Src/task.o
                                 0x44 (size before relaxing)
 .comment       0x00000043        0x0 ./Core/Src/tim.o
                                 0x44 (size before relaxing)
 .comment       0x00000043        0x0 ./Core/Src/usart.o
                                 0x44 (size before relaxing)
 .comment       0x00000043        0x0 ./Core/Src/voltage.o
                                 0x44 (size before relaxing)
 .comment       0x00000043        0x0 ./Core/Src/wheel.o
                                 0x44 (size before relaxing)
 .comment       0x00000043        0x0 ./Drivers/STM32F4xx_HAL_Driver/Src/stm32f4xx_hal.o
                                 0x44 (size before relaxing)
 .comment       0x00000043        0x0 ./Drivers/STM32F4xx_HAL_Driver/Src/stm32f4xx_hal_adc.o
                                 0x44 (size before relaxing)
 .comment       0x00000043        0x0 ./Drivers/STM32F4xx_HAL_Driver/Src/stm32f4xx_hal_cortex.o
                                 0x44 (size before relaxing)
 .comment       0x00000043        0x0 ./Drivers/STM32F4xx_HAL_Driver/Src/stm32f4xx_hal_dma.o
                                 0x44 (size before relaxing)
 .comment       0x00000043        0x0 ./Drivers/STM32F4xx_HAL_Driver/Src/stm32f4xx_hal_gpio.o
                                 0x44 (size before relaxing)
 .comment       0x00000043        0x0 ./Drivers/STM32F4xx_HAL_Driver/Src/stm32f4xx_hal_rcc.o
                                 0x44 (size before relaxing)
 .comment       0x00000043        0x0 ./Drivers/STM32F4xx_HAL_Driver/Src/stm32f4xx_hal_spi.o
                                 0x44 (size before relaxing)
 .comment       0x00000043        0x0 ./Drivers/STM32F4xx_HAL_Driver/Src/stm32f4xx_hal_tim.o
                                 0x44 (size before relaxing)
 .comment       0x00000043        0x0 ./Drivers/STM32F4xx_HAL_Driver/Src/stm32f4xx_hal_tim_ex.o
                                 0x44 (size before relaxing)
 .comment       0x00000043        0x0 ./Drivers/STM32F4xx_HAL_Driver/Src/stm32f4xx_hal_uart.o
                                 0x44 (size before relaxing)

.debug_frame    0x00000000      0x124
 .debug_frame   0x00000000       0x78 C:/ST/STM32CubeIDE_2.0.0/STM32CubeIDE/plugins/com.st.stm32cube.ide.mcu.externaltools.gnu-tools-for-stm32.13.3.rel1.win32_1.0.100.202509120712/tools/bin/../lib/gcc/arm-none-eabi/13.3.1/../../../../arm-none-eabi/lib/thumb/v7e-m+fp/hard\libc_nano.a(libc_a-qsort.o)
 .debug_frame   0x00000078       0x20 C:/ST/STM32CubeIDE_2.0.0/STM32CubeIDE/plugins/com.st.stm32cube.ide.mcu.externaltools.gnu-tools-for-stm32.13.3.rel1.win32_1.0.100.202509120712/tools/bin/../lib/gcc/arm-none-eabi/13.3.1/../../../../arm-none-eabi/lib/thumb/v7e-m+fp/hard\libc_nano.a(libc_a-memset.o)
 .debug_frame   0x00000098       0x2c C:/ST/STM32CubeIDE_2.0.0/STM32CubeIDE/plugins/com.st.stm32cube.ide.mcu.externaltools.gnu-tools-for-stm32.13.3.rel1.win32_1.0.100.202509120712/tools/bin/../lib/gcc/arm-none-eabi/13.3.1/../../../../arm-none-eabi/lib/thumb/v7e-m+fp/hard\libc_nano.a(libc_a-init.o)
 .debug_frame   0x000000c4       0x2c C:/ST/STM32CubeIDE_2.0.0/STM32CubeIDE/plugins/com.st.stm32cube.ide.mcu.externaltools.gnu-tools-for-stm32.13.3.rel1.win32_1.0.100.202509120712/tools/bin/../lib/gcc/arm-none-eabi/13.3.1/thumb/v7e-m+fp/hard\libgcc.a(_aeabi_uldivmod.o)
 .debug_frame   0x000000f0       0x34 C:/ST/STM32CubeIDE_2.0.0/STM32CubeIDE/plugins/com.st.stm32cube.ide.mcu.externaltools.gnu-tools-for-stm32.13.3.rel1.win32_1.0.100.202509120712/tools/bin/../lib/gcc/arm-none-eabi/13.3.1/thumb/v7e-m+fp/hard\libgcc.a(_udivmoddi4.o)
